Component: ARM Compiler 5.06 update 6 (build 750) Tool: armlink [4d35ed]

==============================================================================

Section Cross References

    startup_stm32f103xb.o(RESET) refers to startup_stm32f103xb.o(STACK) for __initial_sp
    startup_stm32f103xb.o(RESET) refers to startup_stm32f103xb.o(.text) for Reset_Handler
    startup_stm32f103xb.o(RESET) refers to stm32f1xx_it.o(i.NMI_Handler) for NMI_Handler
    startup_stm32f103xb.o(RESET) refers to stm32f1xx_it.o(i.HardFault_Handler) for HardFault_Handler
    startup_stm32f103xb.o(RESET) refers to stm32f1xx_it.o(i.MemManage_Handler) for MemManage_Handler
    startup_stm32f103xb.o(RESET) refers to stm32f1xx_it.o(i.BusFault_Handler) for BusFault_Handler
    startup_stm32f103xb.o(RESET) refers to stm32f1xx_it.o(i.UsageFault_Handler) for UsageFault_Handler
    startup_stm32f103xb.o(RESET) refers to stm32f1xx_it.o(i.SVC_Handler) for SVC_Handler
    startup_stm32f103xb.o(RESET) refers to stm32f1xx_it.o(i.DebugMon_Handler) for DebugMon_Handler
    startup_stm32f103xb.o(RESET) refers to stm32f1xx_it.o(i.PendSV_Handler) for PendSV_Handler
    startup_stm32f103xb.o(RESET) refers to stm32f1xx_it.o(i.SysTick_Handler) for SysTick_Handler
    startup_stm32f103xb.o(RESET) refers to nrf2401.o(i.EXTI1_IRQHandler) for EXTI1_IRQHandler
    startup_stm32f103xb.o(RESET) refers to stm32f1xx_it.o(i.TIM2_IRQHandler) for TIM2_IRQHandler
    startup_stm32f103xb.o(.text) refers to system_stm32f1xx.o(i.SystemInit) for SystemInit
    startup_stm32f103xb.o(.text) refers to entry.o(.ARM.Collect$$$$00000000) for __main
    main.o(i.SystemClock_Config) refers to memseta.o(.text) for __aeabi_memclr4
    main.o(i.SystemClock_Config) refers to stm32f1xx_hal_rcc.o(i.HAL_RCC_OscConfig) for HAL_RCC_OscConfig
    main.o(i.SystemClock_Config) refers to stm32f1xx_hal_rcc.o(i.HAL_RCC_ClockConfig) for HAL_RCC_ClockConfig
    main.o(i.configParamInit) refers to data.o(.bss) for configParam
    main.o(i.get_ms_count) refers to stm32f1xx_hal.o(i.HAL_GetTick) for HAL_GetTick
    main.o(i.main) refers to stm32f1xx_hal.o(i.HAL_Init) for HAL_Init
    main.o(i.main) refers to main.o(i.SystemClock_Config) for SystemClock_Config
    main.o(i.main) refers to gpio.o(i.MX_GPIO_Init) for MX_GPIO_Init
    main.o(i.main) refers to usart.o(i.MX_USART1_UART_Init) for MX_USART1_UART_Init
    main.o(i.main) refers to tim.o(i.MX_TIM1_Init) for MX_TIM1_Init
    main.o(i.main) refers to tim.o(i.MX_TIM2_Init) for MX_TIM2_Init
    main.o(i.main) refers to delay.o(i.usTickInit) for usTickInit
    main.o(i.main) refers to spi.o(i.MX_SPI1_Init) for MX_SPI1_Init
    main.o(i.main) refers to stm32f1xx_hal_gpio.o(i.HAL_GPIO_TogglePin) for HAL_GPIO_TogglePin
    main.o(i.main) refers to stm32f1xx_hal.o(i.HAL_Delay) for HAL_Delay
    main.o(i.main) refers to printfa.o(i.__0printf) for __2printf
    main.o(i.main) refers to mpu.o(i.MPU_Init) for MPU_Init
    main.o(i.main) refers to inv_mpu.o(i.mpu_dmp_init) for mpu_dmp_init
    main.o(i.main) refers to bmp280.o(i.BMP280_Init) for BMP280_Init
    main.o(i.main) refers to nrf2401.o(i.NRF24l01_Init) for NRF24l01_Init
    main.o(i.main) refers to sensors.o(i.sensorsInit) for sensorsInit
    main.o(i.main) refers to main.o(i.configParamInit) for configParamInit
    main.o(i.main) refers to control.o(i.stateControlInit) for stateControlInit
    main.o(i.main) refers to inv_mpu.o(i.mpu_dmp_get_data) for mpu_dmp_get_data
    main.o(i.main) refers to control.o(i.stateControl) for stateControl
    main.o(i.main) refers to control.o(i.powerControl) for powerControl
    main.o(i.main) refers to bmp280.o(i.BMP280_CalTemperatureAndPressureAndAltitude) for BMP280_CalTemperatureAndPressureAndAltitude
    main.o(i.main) refers to fflti.o(.text) for __aeabi_i2f
    main.o(i.main) refers to sensors.o(i.sensorsDataGet) for sensorsDataGet
    main.o(i.main) refers to positionestimate.o(i.positionEstimate) for positionEstimate
    main.o(i.main) refers to protocol.o(i.commanderGetSetpoint) for commanderGetSetpoint
    main.o(i.main) refers to nrf2401.o(i.Remote_Data_Send) for Remote_Data_Send
    main.o(i.main) refers to stm32f1xx_hal_adc.o(i.HAL_ADC_Start) for HAL_ADC_Start
    main.o(i.main) refers to stm32f1xx_hal_adc.o(i.HAL_ADC_PollForConversion) for HAL_ADC_PollForConversion
    main.o(i.main) refers to stm32f1xx_hal_adc.o(i.HAL_ADC_GetValue) for HAL_ADC_GetValue
    main.o(i.main) refers to f2d.o(.text) for __aeabi_f2d
    main.o(i.main) refers to dscalb.o(.text) for __ARM_scalbn
    main.o(i.main) refers to dmul.o(.text) for __aeabi_dmul
    main.o(i.main) refers to d2f.o(.text) for __aeabi_d2f
    main.o(i.main) refers to main.o(.data) for .data
    main.o(i.main) refers to data.o(.data) for remeote_recieve
    main.o(i.main) refers to data.o(.data) for systime_ms
    main.o(i.main) refers to data.o(.data) for systime
    main.o(i.main) refers to data.o(.data) for last_remeote_recieve_time
    main.o(i.main) refers to tim.o(.data) for counter_2ms
[...]
    _printf_mbtowc                           0x00000000   Number         0  stubs.o ABSOLUTE
    _printf_n                                0x00000000   Number         0  stubs.o ABSOLUTE
    _printf_o                                0x00000000   Number         0  stubs.o ABSOLUTE
    _printf_p                                0x00000000   Number         0  stubs.o ABSOLUTE
    _printf_percent                          0x00000000   Number         0  stubs.o ABSOLUTE
    _printf_pre_padding                      0x00000000   Number         0  stubs.o ABSOLUTE
    _printf_return_value                     0x00000000   Number         0  stubs.o ABSOLUTE
    _printf_s                                0x00000000   Number         0  stubs.o ABSOLUTE
    _printf_sizespec                         0x00000000   Number         0  stubs.o ABSOLUTE
    _printf_str                              0x00000000   Number         0  stubs.o ABSOLUTE
    _printf_truncate_signed                  0x00000000   Number         0  stubs.o ABSOLUTE
    _printf_truncate_unsigned                0x00000000   Number         0  stubs.o ABSOLUTE
    _printf_u                                0x00000000   Number         0  stubs.o ABSOLUTE
    _printf_wc                               0x00000000   Number         0  stubs.o ABSOLUTE
    _printf_wctomb                           0x00000000   Number         0  stubs.o ABSOLUTE
    _printf_widthprec                        0x00000000   Number         0  stubs.o ABSOLUTE
    _printf_x                                0x00000000   Number         0  stubs.o ABSOLUTE
    __cpp_initialize__aeabi_                  - Undefined Weak Reference
    __cxa_finalize                            - Undefined Weak Reference
    _clock_init                               - Undefined Weak Reference
    _microlib_exit                            - Undefined Weak Reference
    __Vectors_Size                           0x000000ec   Number         0  startup_stm32f103xb.o ABSOLUTE
    __Vectors                                0x08000000   Data           4  startup_stm32f103xb.o(RESET)
    __Vectors_End                            0x080000ec   Data           0  startup_stm32f103xb.o(RESET)
    __main                                   0x080000ed   Thumb Code     0  entry.o(.ARM.Collect$$$$00000000)
    _main_stk                                0x080000ed   Thumb Code     0  entry2.o(.ARM.Collect$$$$00000001)
    _main_scatterload                        0x080000f1   Thumb Code     0  entry5.o(.ARM.Collect$$$$00000004)
    __main_after_scatterload                 0x080000f5   Thumb Code     0  entry5.o(.ARM.Collect$$$$00000004)
    _main_clock                              0x080000f5   Thumb Code     0  entry7b.o(.ARM.Collect$$$$00000008)
    _main_cpp_init                           0x080000f5   Thumb Code     0  entry8b.o(.ARM.Collect$$$$0000000A)
    _main_init                               0x080000f5   Thumb Code     0  entry9a.o(.ARM.Collect$$$$0000000B)
    __rt_final_cpp                           0x080000fd   Thumb Code     0  entry10a.o(.ARM.Collect$$$$0000000D)
    __rt_final_exit                          0x080000fd   Thumb Code     0  entry11a.o(.ARM.Collect$$$$0000000F)
    Reset_Handler                            0x08000101   Thumb Code     8  startup_stm32f103xb.o(.text)
    ADC1_2_IRQHandler                        0x0800011b   Thumb Code     0  startup_stm32f103xb.o(.text)
    CAN1_RX1_IRQHandler                      0x0800011b   Thumb Code     0  startup_stm32f103xb.o(.text)
    CAN1_SCE_IRQHandler                      0x0800011b   Thumb Code     0  startup_stm32f103xb.o(.text)
    DMA1_Channel1_IRQHandler                 0x0800011b   Thumb Code     0  startup_stm32f103xb.o(.text)
    DMA1_Channel2_IRQHandler                 0x0800011b   Thumb Code     0  startup_stm32f103xb.o(.text)
    DMA1_Channel3_IRQHandler                 0x0800011b   Thumb Code     0  startup_stm32f103xb.o(.text)
    DMA1_Channel4_IRQHandler                 0x0800011b   Thumb Code     0  startup_stm32f103xb.o(.text)
    DMA1_Channel5_IRQHandler                 0x0800011b   Thumb Code     0  startup_stm32f103xb.o(.text)
    DMA1_Channel6_IRQHandler                 0x0800011b   Thumb Code     0  startup_stm32f103xb.o(.text)
    DMA1_Channel7_IRQHandler                 0x0800011b   Thumb Code     0  startup_stm32f103xb.o(.text)
    EXTI0_IRQHandler                         0x0800011b   Thumb Code     0  startup_stm32f103xb.o(.text)
    EXTI15_10_IRQHandler                     0x0800011b   Thumb Code     0  startup_stm32f103xb.o(.text)
    EXTI2_IRQHandler                         0x0800011b   Thumb Code     0  startup_stm32f103xb.o(.text)
    EXTI3_IRQHandler                         0x0800011b   Thumb Code     0  startup_stm32f103xb.o(.text)
    EXTI4_IRQHandler                         0x0800011b   Thumb Code     0  startup_stm32f103xb.o(.text)
    EXTI9_5_IRQHandler                       0x0800011b   Thumb Code     0  startup_stm32f103xb.o(.text)
    FLASH_IRQHandler                         0x0800011b   Thumb Code     0  startup_stm32f103xb.o(.text)
    I2C1_ER_IRQHandler                       0x0800011b   Thumb Code     0  startup_stm32f103xb.o(.text)
    I2C1_EV_IRQHandler                       0x0800011b   Thumb Code     0  startup_stm32f103xb.o(.text)
    I2C2_ER_IRQHandler                       0x0800011b   Thumb Code     0  startup_stm32f103xb.o(.text)
    I2C2_EV_IRQHandler                       0x0800011b   Thumb Code     0  startup_stm32f103xb.o(.text)
    PVD_IRQHandler                           0x0800011b   Thumb Code     0  startup_stm32f103xb.o(.text)
    RCC_IRQHandler                           0x0800011b   Thumb Code     0  startup_stm32f103xb.o(.text)
    RTC_Alarm_IRQHandler                     0x0800011b   Thumb Code     0  startup_stm32f103xb.o(.text)
    RTC_IRQHandler                           0x0800011b   Thumb Code     0  startup_stm32f103xb.o(.text)
    SPI1_IRQHandler                          0x0800011b   Thumb Code     0  startup_stm32f103xb.o(.text)
    SPI2_IRQHandler                          0x0800011b   Thumb Code     0  startup_stm32f103xb.o(.text)
    TAMPER_IRQHandler                        0x0800011b   Thumb Code     0  startup_stm32f103xb.o(.text)
    TIM1_BRK_IRQHandler                      0x0800011b   Thumb Code     0  startup_stm32f103xb.o(.text)
    TIM1_CC_IRQHandler                       0x0800011b   Thumb Code     0  startup_stm32f103xb.o(.text)
    TIM1_TRG_COM_IRQHandler                  0x0800011b   Thumb Code     0  startup_stm32f103xb.o(.text)
    TIM1_UP_IRQHandler                       0x0800011b   Thumb Code     0  startup_stm32f103xb.o(.text)
    TIM3_IRQHandler                          0x0800011b   Thumb Code     0  startup_stm32f103xb.o(.text)
    TIM4_IRQHandler                          0x0800011b   Thumb Code     0  startup_stm32f103xb.o(.text)
    USART1_IRQHandler                        0x0800011b   Thumb Code     0  startup_stm32f103xb.o(.text)
    USART2_IRQHandler                        0x0800011b   Thumb Code     0  startup_stm32f103xb.o(.text)
    USART3_IRQHandler                        0x0800011b   Thumb Code     0  startup_stm32f103xb.o(.text)
    USBWakeUp_IRQHandler                     0x0800011b   Thumb Code     0  startup_stm32f103xb.o(.text)
    USB_HP_CAN1_TX_IRQHandler                0x0800011b   Thumb Code     0  startup_stm32f103xb.o(.text)
    USB_LP_CAN1_RX0_IRQHandler               0x0800011b   Thumb Code     0  startup_stm32f103xb.o(.text)
    WWDG_IRQHandler                          0x0800011b   Thumb Code     0  startup_stm32f103xb.o(.text)
    __aeabi_ldivmod                          0x08000125   Thumb Code    98  ldiv.o(.text)
    __aeabi_llsr                             0x08000187   Thumb Code    32  llushr.o(.text)
    _ll_ushift_r                             0x08000187   Thumb Code     0  llushr.o(.text)
    __aeabi_memset                           0x080001a7   Thumb Code    14  memseta.o(.text)
    __aeabi_memset4                          0x080001a7   Thumb Code     0  memseta.o(.text)
    __aeabi_memset8                          0x080001a7   Thumb Code     0  memseta.o(.text)
    __aeabi_memclr                           0x080001b5   Thumb Code     4  memseta.o(.text)
    __aeabi_memclr4                          0x080001b5   Thumb Code     0  memseta.o(.text)
    __aeabi_memclr8                          0x080001b5   Thumb Code     0  memseta.o(.text)
    _memset$wrapper                          0x080001b9   Thumb Code    18  memseta.o(.text)
    memcmp                                   0x080001cb   Thumb Code    26  memcmp.o(.text)
    __aeabi_fadd                             0x080001e5   Thumb Code   164  fadd.o(.text)
    __aeabi_fsub                             0x08000289   Thumb Code     6  fadd.o(.text)
    __aeabi_frsub                            0x0800028f   Thumb Code     6  fadd.o(.text)
    __aeabi_fmul                             0x08000295   Thumb Code   100  fmul.o(.text)
    __aeabi_fdiv                             0x080002f9   Thumb Code   124  fdiv.o(.text)
    __ARM_scalbnf                            0x08000375   Thumb Code    24  fscalb.o(.text)
    scalbnf                                  0x08000375   Thumb Code     0  fscalb.o(.text)
    __aeabi_dadd                             0x0800038d   Thumb Code   322  dadd.o(.text)
    __aeabi_dsub                             0x080004cf   Thumb Code     6  dadd.o(.text)
    __aeabi_drsub                            0x080004d5   Thumb Code     6  dadd.o(.text)
    __aeabi_dmul                             0x080004db   Thumb Code   228  dmul.o(.text)
    __aeabi_ddiv                             0x080005bf   Thumb Code   222  ddiv.o(.text)
    __ARM_scalbn                             0x0800069d   Thumb Code    46  dscalb.o(.text)
    scalbn                                   0x0800069d   Thumb Code     0  dscalb.o(.text)
    __aeabi_i2f                              0x080006cb   Thumb Code    18  fflti.o(.text)
    __aeabi_ui2f                             0x080006dd   Thumb Code    10  ffltui.o(.text)
    __aeabi_l2f                              0x080006e7   Thumb Code    44  ffltl.o(.text)
    __aeabi_i2d                              0x08000713   Thumb Code    34  dflti.o(.text)
    __aeabi_ui2d                             0x08000735   Thumb Code    26  dfltui.o(.text)
    __aeabi_f2iz                             0x0800074f   Thumb Code    50  ffixi.o(.text)
    __aeabi_f2uiz                            0x08000781   Thumb Code    40  ffixui.o(.text)
    __aeabi_d2iz                             0x080007a9   Thumb Code    62  dfixi.o(.text)
    __aeabi_d2uiz                            0x080007e7   Thumb Code    50  dfixui.o(.text)
    __aeabi_f2d                              0x08000819   Thumb Code    38  f2d.o(.text)
    __aeabi_cdcmpeq                          0x08000841   Thumb Code     0  cdcmple.o(.text)
    __aeabi_cdcmple                          0x08000841   Thumb Code    48  cdcmple.o(.text)
    __aeabi_cdrcmple                         0x08000871   Thumb Code    48  cdrcmple.o(.text)
    __aeabi_d2f                              0x080008a1   Thumb Code    56  d2f.o(.text)
    __aeabi_cfcmpeq                          0x080008d9   Thumb Code     0  cfcmple.o(.text)
    __aeabi_cfcmple                          0x080008d9   Thumb Code    20  cfcmple.o(.text)
    __aeabi_cfrcmple                         0x080008ed   Thumb Code    20  cfrcmple.o(.text)
    __aeabi_uidiv                            0x08000901   Thumb Code     0  uidiv.o(.text)
    __aeabi_uidivmod                         0x08000901   Thumb Code    44  uidiv.o(.text)
    __aeabi_uldivmod                         0x0800092d   Thumb Code    98  uldiv.o(.text)
    __aeabi_llsl                             0x0800098f   Thumb Code    30  llshl.o(.text)
    _ll_shift_l                              0x0800098f   Thumb Code     0  llshl.o(.text)
    __aeabi_lasr                             0x080009ad   Thumb Code    36  llsshr.o(.text)
    _ll_sshift_r                             0x080009ad   Thumb Code     0  llsshr.o(.text)
    __I$use$fp                               0x080009d1   Thumb Code     0  iusefp.o(.text)
    _float_round                             0x080009d1   Thumb Code    18  fepilogue.o(.text)
    _float_epilogue                          0x080009e3   Thumb Code    92  fepilogue.o(.text)
    _fsqrt                                   0x08000a3f   Thumb Code    94  fsqrt.o(.text)
    _frnd                                    0x08000a9d   Thumb Code    60  frnd.o(.text)
    _double_round                            0x08000ad9   Thumb Code    30  depilogue.o(.text)
    _double_epilogue                         0x08000af7   Thumb Code   156  depilogue.o(.text)
    __aeabi_d2ulz                            0x08000b93   Thumb Code    48  dfixul.o(.text)
    _ffix_r                                  0x08000bc3   Thumb Code    76  ffixir.o(.text)
    __fp_status                              0x08000c0f   Thumb Code     4  fpstat.o(.text)
    __ieee_status                            0x08000c0f   Thumb Code     0  fpstat.o(.text)
    __scatterload                            0x08000c15   Thumb Code    28  init.o(.text)
    __scatterload_rt2                        0x08000c15   Thumb Code     0  init.o(.text)
    _dsqrt                                   0x08000c39   Thumb Code   162  dsqrt.o(.text)
    __decompress                             0x08000cdb   Thumb Code     0  __dczerorl2.o(.text)
    __decompress1                            0x08000cdb   Thumb Code    86  __dczerorl2.o(.text)
    ADC_Enable                               0x08000d31   Thumb Code   114  stm32f1xx_hal_adc.o(i.ADC_Enable)
    BMP280_CalAvgValue                       0x08000dad   Thumb Code    70  bmp280.o(i.BMP280_CalAvgValue)
    BMP280_CalTemperatureAndPressureAndAltitude 0x08000df9   Thumb Code    90  bmp280.o(i.BMP280_CalTemperatureAndPressureAndAltitude)
    BMP280_CalculateAbsoluteAltitude         0x08000e59   Thumb Code    64  bmp280.o(i.BMP280_CalculateAbsoluteAltitude)
    BMP280_Compensate_Pressure               0x08000ead   Thumb Code   462  bmp280.o(i.BMP280_Compensate_Pressure)
    BMP280_Compensate_Temperature            0x08001091   Thumb Code   180  bmp280.o(i.BMP280_Compensate_Temperature)
    BMP280_Get_Temperature_And_Pressure      0x0800114d   Thumb Code    92  bmp280.o(i.BMP280_Get_Temperature_And_Pressure)
    BMP280_Init                              0x080011a9   Thumb Code    84  bmp280.o(i.BMP280_Init)
    BMP280_ReadReg                           0x08001205   Thumb Code    60  bmp280.o(i.BMP280_ReadReg)
    BMP280_Read_Calibration                  0x08001241   Thumb Code   246  bmp280.o(i.BMP280_Read_Calibration)
    BMP280_WriteReg                          0x0800133d   Thumb Code    50  bmp280.o(i.BMP280_WriteReg)
    BusFault_Handler                         0x0800136f   Thumb Code     2  stm32f1xx_it.o(i.BusFault_Handler)
    DebugMon_Handler                         0x08001371   Thumb Code     2  stm32f1xx_it.o(i.DebugMon_Handler)
    EXTI1_IRQHandler                         0x08001375   Thumb Code   136  nrf2401.o(i.EXTI1_IRQHandler)
    Error_Handler                            0x08001409   Thumb Code     4  main.o(i.Error_Handler)
    HAL_ADC_GetValue                         0x0800140d   Thumb Code     6  stm32f1xx_hal_adc.o(i.HAL_ADC_GetValue)
    HAL_ADC_PollForConversion                0x08001415   Thumb Code   304  stm32f1xx_hal_adc.o(i.HAL_ADC_PollForConversion)
    HAL_ADC_Start                            0x08001551   Thumb Code   184  stm32f1xx_hal_adc.o(i.HAL_ADC_Start)
    HAL_Delay                                0x08001611   Thumb Code    32  stm32f1xx_hal.o(i.HAL_Delay)
    HAL_GPIO_Init                            0x08001635   Thumb Code   446  stm32f1xx_hal_gpio.o(i.HAL_GPIO_Init)
    HAL_GPIO_ReadPin                         0x08001815   Thumb Code    10  stm32f1xx_hal_gpio.o(i.HAL_GPIO_ReadPin)
    HAL_GPIO_TogglePin                       0x0800181f   Thumb Code    16  stm32f1xx_hal_gpio.o(i.HAL_GPIO_TogglePin)
    HAL_GPIO_WritePin                        0x0800182f   Thumb Code    10  stm32f1xx_hal_gpio.o(i.HAL_GPIO_WritePin)
    HAL_GetTick                              0x08001839   Thumb Code     6  stm32f1xx_hal.o(i.HAL_GetTick)
    HAL_IncTick                              0x08001845   Thumb Code    12  stm32f1xx_hal.o(i.HAL_IncTick)
    HAL_Init                                 0x08001855   Thumb Code    32  stm32f1xx_hal.o(i.HAL_Init)
    HAL_InitTick                             0x08001879   Thumb Code    54  stm32f1xx_hal.o(i.HAL_InitTick)
    HAL_MspInit                              0x080018b9   Thumb Code    38  stm32f1xx_hal_msp.o(i.HAL_MspInit)
    HAL_NVIC_EnableIRQ                       0x080018e5   Thumb Code    26  stm32f1xx_hal_cortex.o(i.HAL_NVIC_EnableIRQ)
    HAL_NVIC_SetPriority                     0x08001901   Thumb Code    60  stm32f1xx_hal_cortex.o(i.HAL_NVIC_SetPriority)
    HAL_NVIC_SetPriorityGrouping             0x08001941   Thumb Code    26  stm32f1xx_hal_cortex.o(i.HAL_NVIC_SetPriorityGrouping)
    HAL_RCCEx_GetPeriphCLKFreq               0x08001965   Thumb Code   166  stm32f1xx_hal_rcc_ex.o(i.HAL_RCCEx_GetPeriphCLKFreq)
    HAL_RCC_ClockConfig                      0x08001a2d   Thumb Code   280  stm32f1xx_hal_rcc.o(i.HAL_RCC_ClockConfig)
    HAL_RCC_GetHCLKFreq                      0x08001b59   Thumb Code     6  stm32f1xx_hal_rcc.o(i.HAL_RCC_GetHCLKFreq)
    HAL_RCC_GetPCLK1Freq                     0x08001b65   Thumb Code    20  stm32f1xx_hal_rcc.o(i.HAL_RCC_GetPCLK1Freq)
    HAL_RCC_GetPCLK2Freq                     0x08001b85   Thumb Code    20  stm32f1xx_hal_rcc.o(i.HAL_RCC_GetPCLK2Freq)
    HAL_RCC_GetSysClockFreq                  0x08001ba5   Thumb Code    74  stm32f1xx_hal_rcc.o(i.HAL_RCC_GetSysClockFreq)
    HAL_RCC_OscConfig                        0x08001c11   Thumb Code   778  stm32f1xx_hal_rcc.o(i.HAL_RCC_OscConfig)
    HAL_SPI_Init                             0x08001f31   Thumb Code   178  stm32f1xx_hal_spi.o(i.HAL_SPI_Init)
    HAL_SPI_MspInit                          0x08001fe5   Thumb Code    98  spi.o(i.HAL_SPI_MspInit)
    HAL_SPI_Receive                          0x08002055   Thumb Code   346  stm32f1xx_hal_spi.o(i.HAL_SPI_Receive)
    HAL_SPI_Transmit                         0x080021af   Thumb Code   358  stm32f1xx_hal_spi.o(i.HAL_SPI_Transmit)
    HAL_SPI_TransmitReceive                  0x08002315   Thumb Code   482  stm32f1xx_hal_spi.o(i.HAL_SPI_TransmitReceive)
    HAL_SYSTICK_Config                       0x080024f7   Thumb Code    40  stm32f1xx_hal_cortex.o(i.HAL_SYSTICK_Config)
    HAL_TIMEx_BreakCallback                  0x0800251f   Thumb Code     2  stm32f1xx_hal_tim_ex.o(i.HAL_TIMEx_BreakCallback)
    HAL_TIMEx_CommutCallback                 0x08002521   Thumb Code     2  stm32f1xx_hal_tim_ex.o(i.HAL_TIMEx_CommutCallback)
    HAL_TIMEx_ConfigBreakDeadTime            0x08002523   Thumb Code    84  stm32f1xx_hal_tim_ex.o(i.HAL_TIMEx_ConfigBreakDeadTime)
    HAL_TIMEx_MasterConfigSynchronization    0x08002579   Thumb Code    92  stm32f1xx_hal_tim_ex.o(i.HAL_TIMEx_MasterConfigSynchronization)
    HAL_TIM_Base_Init                        0x080025e1   Thumb Code    90  stm32f1xx_hal_tim.o(i.HAL_TIM_Base_Init)
    HAL_TIM_Base_MspInit                     0x0800263d   Thumb Code    72  tim.o(i.HAL_TIM_Base_MspInit)
    HAL_TIM_Base_Start                       0x0800268d   Thumb Code    66  stm32f1xx_hal_tim.o(i.HAL_TIM_Base_Start)
    HAL_TIM_Base_Start_IT                    0x080026dd   Thumb Code    76  stm32f1xx_hal_tim.o(i.HAL_TIM_Base_Start_IT)
    HAL_TIM_ConfigClockSource                0x08002735   Thumb Code   214  stm32f1xx_hal_tim.o(i.HAL_TIM_ConfigClockSource)
    HAL_TIM_IC_CaptureCallback               0x0800280b   Thumb Code     2  stm32f1xx_hal_tim.o(i.HAL_TIM_IC_CaptureCallback)
    HAL_TIM_IRQHandler                       0x0800280d   Thumb Code   358  stm32f1xx_hal_tim.o(i.HAL_TIM_IRQHandler)
    HAL_TIM_MspPostInit                      0x08002975   Thumb Code    90  tim.o(i.HAL_TIM_MspPostInit)
    HAL_TIM_OC_DelayElapsedCallback          0x080029dd   Thumb Code     2  stm32f1xx_hal_tim.o(i.HAL_TIM_OC_DelayElapsedCallback)
    HAL_TIM_PWM_ConfigChannel                0x080029df   Thumb Code   198  stm32f1xx_hal_tim.o(i.HAL_TIM_PWM_ConfigChannel)
    HAL_TIM_PWM_Init                         0x08002aa5   Thumb Code    90  stm32f1xx_hal_tim.o(i.HAL_TIM_PWM_Init)
    HAL_TIM_PWM_MspInit                      0x08002aff   Thumb Code     2  stm32f1xx_hal_tim.o(i.HAL_TIM_PWM_MspInit)
    HAL_TIM_PWM_PulseFinishedCallback        0x08002b01   Thumb Code     2  stm32f1xx_hal_tim.o(i.HAL_TIM_PWM_PulseFinishedCallback)
    HAL_TIM_PWM_Start                        0x08002b05   Thumb Code   144  stm32f1xx_hal_tim.o(i.HAL_TIM_PWM_Start)
    HAL_TIM_PeriodElapsedCallback            0x08002ba1   Thumb Code   130  tim.o(i.HAL_TIM_PeriodElapsedCallback)
    HAL_TIM_TriggerCallback                  0x08002c55   Thumb Code     2  stm32f1xx_hal_tim.o(i.HAL_TIM_TriggerCallback)
    HAL_UART_GetState                        0x08002c57   Thumb Code    10  stm32f1xx_hal_uart.o(i.HAL_UART_GetState)
    HAL_UART_Init                            0x08002c61   Thumb Code    98  stm32f1xx_hal_uart.o(i.HAL_UART_Init)
    HAL_UART_MspInit                         0x08002cc5   Thumb Code   126  usart.o(i.HAL_UART_MspInit)
    HAL_UART_Receive_IT                      0x08002d59   Thumb Code    42  stm32f1xx_hal_uart.o(i.HAL_UART_Receive_IT)
    HAL_UART_Transmit                        0x08002d85   Thumb Code   178  stm32f1xx_hal_uart.o(i.HAL_UART_Transmit)
    HardFault_Handler                        0x08002e37   Thumb Code     2  stm32f1xx_it.o(i.HardFault_Handler)
    MPU_Get_Accelerometer                    0x08002e39   Thumb Code    50  mpu.o(i.MPU_Get_Accelerometer)
    MPU_Get_Gyroscope                        0x08002e6b   Thumb Code    50  mpu.o(i.MPU_Get_Gyroscope)
    MPU_IIC_Ack                              0x08002e9d   Thumb Code    64  iic.o(i.MPU_IIC_Ack)
    MPU_IIC_NAck                             0x08002ee1   Thumb Code    64  iic.o(i.MPU_IIC_NAck)
    MPU_IIC_Read_Byte                        0x08002f25   Thumb Code    92  iic.o(i.MPU_IIC_Read_Byte)
    MPU_IIC_Send_Byte                        0x08002f85   Thumb Code    86  iic.o(i.MPU_IIC_Send_Byte)
    MPU_IIC_Start                            0x08002fe1   Thumb Code    74  iic.o(i.MPU_IIC_Start)
    MPU_IIC_Stop                             0x08003031   Thumb Code    68  iic.o(i.MPU_IIC_Stop)
    MPU_IIC_Wait_Ack                         0x08003079   Thumb Code    84  iic.o(i.MPU_IIC_Wait_Ack)
    MPU_Init                                 0x080030d1   Thumb Code   130  mpu.o(i.MPU_Init)
    MPU_Read_Byte                            0x08003169   Thumb Code    58  mpu.o(i.MPU_Read_Byte)
    MPU_Read_Len                             0x080031a5   Thumb Code   108  mpu.o(i.MPU_Read_Len)
    MPU_Set_Accel_Fsr                        0x08003211   Thumb Code    10  mpu.o(i.MPU_Set_Accel_Fsr)
    MPU_Set_Gyro_Fsr                         0x0800321b   Thumb Code    10  mpu.o(i.MPU_Set_Gyro_Fsr)
    MPU_Set_LPF                              0x08003225   Thumb Code    48  mpu.o(i.MPU_Set_LPF)
    MPU_Set_Rate                             0x08003255   Thumb Code    46  mpu.o(i.MPU_Set_Rate)
    MPU_Write_Byte                           0x08003283   Thumb Code    60  mpu.o(i.MPU_Write_Byte)
    MPU_Write_Len                            0x080032bf   Thumb Code    82  mpu.o(i.MPU_Write_Len)
    MX_GPIO_Init                             0x08003311   Thumb Code   294  gpio.o(i.MX_GPIO_Init)
    MX_SPI1_Init                             0x08003449   Thumb Code    68  spi.o(i.MX_SPI1_Init)
    MX_TIM1_Init                             0x080034a9   Thumb Code   230  tim.o(i.MX_TIM1_Init)
    MX_TIM2_Init                             0x08003599   Thumb Code   174  tim.o(i.MX_TIM2_Init)
    MX_USART1_UART_Init                      0x0800364d   Thumb Code    54  usart.o(i.MX_USART1_UART_Init)
    MemManage_Handler                        0x08003691   Thumb Code     2  stm32f1xx_it.o(i.MemManage_Handler)
    NMI_Handler                              0x08003693   Thumb Code     2  stm32f1xx_it.o(i.NMI_Handler)
    NRF24L01_Check                           0x08003695   Thumb Code    26  nrf2401.o(i.NRF24L01_Check)
    NRF24L01_Config                          0x080036cd   Thumb Code   124  nrf2401.o(i.NRF24L01_Config)
    NRF24L01_Read_Buf                        0x08003751   Thumb Code    94  nrf2401.o(i.NRF24L01_Read_Buf)
    NRF24L01_RxPacket                        0x080037dd   Thumb Code    48  nrf2401.o(i.NRF24L01_RxPacket)
    NRF24L01_TxPacket                        0x08003811   Thumb Code    84  nrf2401.o(i.NRF24L01_TxPacket)
    NRF24L01_Write_Buf                       0x0800386d   Thumb Code    94  nrf2401.o(i.NRF24L01_Write_Buf)
    NRF24L01_testConnection                  0x080038f9   Thumb Code    74  nrf2401.o(i.NRF24L01_testConnection)
    NRF24l01_Init                            0x08003965   Thumb Code    34  nrf2401.o(i.NRF24l01_Init)
    NRF24l01_read_reg                        0x08003991   Thumb Code    70  nrf2401.o(i.NRF24l01_read_reg)
    NRF24l01_write_reg                       0x080039e1   Thumb Code    56  nrf2401.o(i.NRF24l01_write_reg)
    NRFset_Mode                              0x08003a21   Thumb Code    92  nrf2401.o(i.NRFset_Mode)
    PendSV_Handler                           0x08003a81   Thumb Code     2  stm32f1xx_it.o(i.PendSV_Handler)
    Remote_Data_ReceiveAnalysis              0x08003a85   Thumb Code   394  nrf2401.o(i.Remote_Data_ReceiveAnalysis)
    Remote_Data_Send                         0x08003c3d   Thumb Code   142  nrf2401.o(i.Remote_Data_Send)
    SCL_OUT                                  0x08003cd9   Thumb Code    26  iic.o(i.SCL_OUT)
    SDA_IN                                   0x08003cf9   Thumb Code    28  iic.o(i.SDA_IN)
    SDA_OUT                                  0x08003d19   Thumb Code    26  iic.o(i.SDA_OUT)
    SVC_Handler                              0x08003e6d   Thumb Code     2  stm32f1xx_it.o(i.SVC_Handler)
    SysTick_Handler                          0x08003e6f   Thumb Code     4  stm32f1xx_it.o(i.SysTick_Handler)
    SystemClock_Config                       0x08003e73   Thumb Code    90  main.o(i.SystemClock_Config)
    SystemInit                               0x08003ecd   Thumb Code     2  system_stm32f1xx.o(i.SystemInit)
    TIM2_IRQHandler                          0x08003ed1   Thumb Code     6  stm32f1xx_it.o(i.TIM2_IRQHandler)
    TIM_Base_SetConfig                       0x08003edd   Thumb Code    94  stm32f1xx_hal_tim.o(i.TIM_Base_SetConfig)
    TIM_CCxChannelCmd                        0x08003f49   Thumb Code    26  stm32f1xx_hal_tim.o(i.TIM_CCxChannelCmd)
    TIM_ETR_SetConfig                        0x08003f63   Thumb Code    20  stm32f1xx_hal_tim.o(i.TIM_ETR_SetConfig)
    TIM_OC2_SetConfig                        0x08003fd9   Thumb Code    84  stm32f1xx_hal_tim.o(i.TIM_OC2_SetConfig)
    UART_Start_Receive_IT                    0x080041cd   Thumb Code    54  stm32f1xx_hal_uart.o(i.UART_Start_Receive_IT)
    UsageFault_Handler                       0x08004267   Thumb Code     2  stm32f1xx_it.o(i.UsageFault_Handler)
    __0printf                                0x08004269   Thumb Code    22  printfa.o(i.__0printf)
    __1printf                                0x08004269   Thumb Code     0  printfa.o(i.__0printf)
    __2printf                                0x08004269   Thumb Code     0  printfa.o(i.__0printf)
    __c89printf                              0x08004269   Thumb Code     0  printfa.o(i.__0printf)
    printf                                   0x08004269   Thumb Code     0  printfa.o(i.__0printf)
    __ARM_fpclassify                         0x08004289   Thumb Code    40  fpclassify.o(i.__ARM_fpclassify)
    __ARM_fpclassifyf                        0x080042b1   Thumb Code    38  fpclassifyf.o(i.__ARM_fpclassifyf)
    __kernel_poly                            0x080042f7   Thumb Code   170  poly.o(i.__kernel_poly)
    __mathlib_dbl_divzero                    0x080043a1   Thumb Code    12  dunder.o(i.__mathlib_dbl_divzero)
    __mathlib_dbl_infnan                     0x080043b1   Thumb Code     6  dunder.o(i.__mathlib_dbl_infnan)
    __mathlib_dbl_infnan2                    0x080043b7   Thumb Code     4  dunder.o(i.__mathlib_dbl_infnan2)
    __mathlib_dbl_invalid                    0x080043bb   Thumb Code    12  dunder.o(i.__mathlib_dbl_invalid)
    __mathlib_dbl_overflow                   0x080043c7   Thumb Code    14  dunder.o(i.__mathlib_dbl_overflow)
    __mathlib_dbl_underflow                  0x080043d5   Thumb Code    10  dunder.o(i.__mathlib_dbl_underflow)
    __mathlib_flt_divzero                    0x080043e5   Thumb Code    10  funder.o(i.__mathlib_flt_divzero)
    __mathlib_flt_infnan                     0x080043ef   Thumb Code     6  funder.o(i.__mathlib_flt_infnan)
    __mathlib_flt_infnan2                    0x080043f5   Thumb Code     4  funder.o(i.__mathlib_flt_infnan2)
    __mathlib_flt_invalid                    0x080043f9   Thumb Code     8  funder.o(i.__mathlib_flt_invalid)
    __mathlib_flt_overflow                   0x08004401   Thumb Code    10  funder.o(i.__mathlib_flt_overflow)
    __mathlib_flt_underflow                  0x0800440b   Thumb Code    10  funder.o(i.__mathlib_flt_underflow)
    __mathlib_rredf2                         0x08004415   Thumb Code   344  rredf.o(i.__mathlib_rredf2)
    __scatterload_copy                       0x0800457d   Thumb Code    14  handlers.o(i.__scatterload_copy)
    __scatterload_null                       0x0800458b   Thumb Code     2  handlers.o(i.__scatterload_null)
    __scatterload_zeroinit                   0x0800458d   Thumb Code    14  handlers.o(i.__scatterload_zeroinit)
    __set_errno                              0x0800459d   Thumb Code     6  errno.o(i.__set_errno)
    applyDeadbandf                           0x08004e5d   Thumb Code    60  maths.o(i.applyDeadbandf)
    asin                                     0x08004e9d   Thumb Code   572  asin.o(i.asin)
    atan                                     0x0800510d   Thumb Code   474  atan.o(i.atan)
    atan2                                    0x0800532d   Thumb Code   346  atan2.o(i.atan2)
    atan2f                                   0x080054ad   Thumb Code   528  atan2f.o(i.atan2f)
    attitudeAnglePID                         0x08005709   Thumb Code    92  innercontrol.o(i.attitudeAnglePID)
    attitudeControlInit                      0x08005775   Thumb Code   200  innercontrol.o(i.attitudeControlInit)
    attitudeRatePID                          0x08005859   Thumb Code    80  innercontrol.o(i.attitudeRatePID)
    commanderGetSetpoint                     0x080058ad   Thumb Code   122  protocol.o(i.commanderGetSetpoint)
    configParamInit                          0x08005939   Thumb Code   132  main.o(i.configParamInit)
    constrainf                               0x080059f5   Thumb Code    36  maths.o(i.constrainf)
    cosf                                     0x08005a19   Thumb Code   328  cosf.o(i.cosf)
    currcent_us_timestamp                    0x08005b95   Thumb Code    38  delay.o(i.currcent_us_timestamp)
    delay_us                                 0x08005bc1   Thumb Code    24  delay.o(i.delay_us)
    dmp_enable_6x_lp_quat                    0x08005bd9   Thumb Code    58  inv_mpu_dmp_motion_driver.o(i.dmp_enable_6x_lp_quat)
    dmp_enable_feature                       0x08005c15   Thumb Code   464  inv_mpu_dmp_motion_driver.o(i.dmp_enable_feature)
    dmp_enable_gyro_cal                      0x08005ded   Thumb Code    34  inv_mpu_dmp_motion_driver.o(i.dmp_enable_gyro_cal)
    dmp_enable_lp_quat                       0x08005e29   Thumb Code    58  inv_mpu_dmp_motion_driver.o(i.dmp_enable_lp_quat)
    dmp_load_motion_driver_firmware          0x08005e65   Thumb Code    16  inv_mpu_dmp_motion_driver.o(i.dmp_load_motion_driver_firmware)
    dmp_read_fifo                            0x08005e79   Thumb Code   320  inv_mpu_dmp_motion_driver.o(i.dmp_read_fifo)
    dmp_set_fifo_rate                        0x08005fbd   Thumb Code    82  inv_mpu_dmp_motion_driver.o(i.dmp_set_fifo_rate)
    dmp_set_orientation                      0x08006021   Thumb Code   246  inv_mpu_dmp_motion_driver.o(i.dmp_set_orientation)
    dmp_set_shake_reject_thresh              0x0800612d   Thumb Code    48  inv_mpu_dmp_motion_driver.o(i.dmp_set_shake_reject_thresh)
    dmp_set_shake_reject_time                0x0800615d   Thumb Code    32  inv_mpu_dmp_motion_driver.o(i.dmp_set_shake_reject_time)
    dmp_set_shake_reject_timeout             0x0800617d   Thumb Code    32  inv_mpu_dmp_motion_driver.o(i.dmp_set_shake_reject_timeout)
    dmp_set_tap_axes                         0x0800619d   Thumb Code    64  inv_mpu_dmp_motion_driver.o(i.dmp_set_tap_axes)
    dmp_set_tap_count                        0x080061dd   Thumb Code    34  inv_mpu_dmp_motion_driver.o(i.dmp_set_tap_count)
    dmp_set_tap_thresh                       0x08006201   Thumb Code   274  inv_mpu_dmp_motion_driver.o(i.dmp_set_tap_thresh)
    dmp_set_tap_time                         0x08006329   Thumb Code    32  inv_mpu_dmp_motion_driver.o(i.dmp_set_tap_time)
    dmp_set_tap_time_multi                   0x08006349   Thumb Code    32  inv_mpu_dmp_motion_driver.o(i.dmp_set_tap_time_multi)
    fputc                                    0x08006369   Thumb Code    30  usart.o(i.fputc)
    get_ms_count                             0x0800638d   Thumb Code    14  main.o(i.get_ms_count)
    imuTransformVectorBodyToEarth            0x0800639d   Thumb Code   254  imu.o(i.imuTransformVectorBodyToEarth)
    imuTransformVectorEarthToBody            0x080064a9   Thumb Code   156  imu.o(i.imuTransformVectorEarthToBody)
    inv_orientation_matrix_to_scalar         0x08006599   Thumb Code    34  inv_mpu.o(i.inv_orientation_matrix_to_scalar)
    inv_row_2_scale                          0x080065bb   Thumb Code    72  inv_mpu.o(i.inv_row_2_scale)
    limitThrust                              0x08006603   Thumb Code    22  control.o(i.limitThrust)
    lpf2pInit                                0x08006681   Thumb Code    16  sensors.o(i.lpf2pInit)
    lpf2pSetCutoffFreq                       0x08006691   Thumb Code   174  sensors.o(i.lpf2pSetCutoffFreq)
    main                                     0x08006749   Thumb Code   636  main.o(i.main)
    motorsSetRatio                           0x08006a45   Thumb Code    62  control.o(i.motorsSetRatio)
    mpu_configure_fifo                       0x08006a91   Thumb Code    78  inv_mpu.o(i.mpu_configure_fifo)
    mpu_dmp_get_data                         0x08006ae5   Thumb Code   408  inv_mpu.o(i.mpu_dmp_get_data)
    mpu_dmp_init                             0x08006c81   Thumb Code   144  inv_mpu.o(i.mpu_dmp_init)
    mpu_get_accel_fsr                        0x08006d15   Thumb Code    54  inv_mpu.o(i.mpu_get_accel_fsr)
    mpu_load_firmware                        0x08006d51   Thumb Code   154  inv_mpu.o(i.mpu_load_firmware)
    mpu_lp_accel_mode                        0x08006df1   Thumb Code   178  inv_mpu.o(i.mpu_lp_accel_mode)
    mpu_read_fifo_stream                     0x08006ea9   Thumb Code   140  inv_mpu.o(i.mpu_read_fifo_stream)
    mpu_read_mem                             0x08006f39   Thumb Code    80  inv_mpu.o(i.mpu_read_mem)
    mpu_reset_fifo                           0x08006f8d   Thumb Code   346  inv_mpu.o(i.mpu_reset_fifo)
    mpu_set_bypass                           0x080070ed   Thumb Code   214  inv_mpu.o(i.mpu_set_bypass)
    mpu_set_dmp_state                        0x080071c9   Thumb Code   114  inv_mpu.o(i.mpu_set_dmp_state)
    mpu_set_int_latched                      0x08007241   Thumb Code    94  inv_mpu.o(i.mpu_set_int_latched)
    mpu_set_lpf                              0x080072a5   Thumb Code   102  inv_mpu.o(i.mpu_set_lpf)
    mpu_set_sample_rate                      0x08007311   Thumb Code   124  inv_mpu.o(i.mpu_set_sample_rate)
    mpu_set_sensors                          0x08007391   Thumb Code   178  inv_mpu.o(i.mpu_set_sensors)
    mpu_write_mem                            0x08007449   Thumb Code    80  inv_mpu.o(i.mpu_write_mem)
    pidInit                                  0x0800749d   Thumb Code    36  pid.o(i.pidInit)
    pidSetIntegralLimit                      0x080074f1   Thumb Code     4  pid.o(i.pidSetIntegralLimit)
    pidSetOutputLimit                        0x080074f5   Thumb Code     4  pid.o(i.pidSetOutputLimit)
    pidUpdate                                0x080074f9   Thumb Code   178  pid.o(i.pidUpdate)
    positionControlInit                      0x080075ad   Thumb Code   206  outtercontrol.o(i.positionControlInit)
    positionController                       0x08007695   Thumb Code    72  outtercontrol.o(i.positionController)
    positionEstimate                         0x080076e9   Thumb Code   598  positionestimate.o(i.positionEstimate)
    pow                                      0x08007981   Thumb Code  2512  pow.o(i.pow)
    powerControl                             0x08008359   Thumb Code   278  control.o(i.powerControl)
    __mathlib_powf                           0x08008479   Thumb Code     0  powf.o(i.powf)
    powf                                     0x08008479   Thumb Code  1548  powf.o(i.powf)
    sensorsDataGet                           0x08008d15   Thumb Code   310  sensors.o(i.sensorsDataGet)
    sensorsInit                              0x08008ee1   Thumb Code    92  sensors.o(i.sensorsInit)
    sinf                                     0x08008fa9   Thumb Code   338  sinf.o(i.sinf)
    sqrt                                     0x08009131   Thumb Code    76  sqrt.o(i.sqrt)
    sqrtf                                    0x0800917d   Thumb Code    44  sqrtf.o(i.sqrtf)
    stateControl                             0x080091a9   Thumb Code   140  control.o(i.stateControl)
    stateControlInit                         0x08009245   Thumb Code    24  control.o(i.stateControlInit)
    tanf                                     0x08009265   Thumb Code   314  tanf.o(i.tanf)
    usTickInit                               0x080093d9   Thumb Code    18  delay.o(i.usTickInit)
    AHBPrescTable                            0x080093f4   Data          16  system_stm32f1xx.o(.constdata)
    APBPrescTable                            0x08009404   Data           8  system_stm32f1xx.o(.constdata)
    reg                                      0x0800940c   Data          30  inv_mpu.o(.constdata)
    hw                                       0x0800942a   Data          12  inv_mpu.o(.constdata)
    test                                     0x08009438   Data          40  inv_mpu.o(.constdata)
    __mathlib_zero                           0x0800a308   Data           8  qnan.o(.constdata)
    Region$$Table$$Base                      0x0800a3c8   Number         0  anon$$obj.o(Region$$Table)
    Region$$Table$$Limit                     0x0800a3e8   Number         0  anon$$obj.o(Region$$Table)
    SENSER_OFFSET_FLAG                       0x20000000   Data           1  main.o(.data)
    bufferIndex                              0x20000001   Data           1  usart.o(.data)
    irq_buffer                               0x20000002   Data           1  usart.o(.data)
    usTick                                   0x20000004   Data           4  delay.o(.data)
    uwTickFreq                               0x20000008   Data           1  stm32f1xx_hal.o(.data)
    uwTickPrio                               0x2000000c   Data           4  stm32f1xx_hal.o(.data)
    uwTick                                   0x20000010   Data           4  stm32f1xx_hal.o(.data)
    SystemCoreClock                          0x20000014   Data           4  system_stm32f1xx.o(.data)
    TX_ADDRESS                               0x2000001a   Data           5  nrf2401.o(.data)
    RX_ADDRESS                               0x2000001f   Data           5  nrf2401.o(.data)
    gs32Pressure0                            0x20000028   Data           4  bmp280.o(.data)
    isGravityCalibrated                      0x20000064   Data           1  imu.o(.data)
    Kp                                       0x20000068   Data           4  imu.o(.data)
    Ki                                       0x2000006c   Data           4  imu.o(.data)
    exInt                                    0x20000070   Data           4  imu.o(.data)
    eyInt                                    0x20000074   Data           4  imu.o(.data)
    ezInt                                    0x20000078   Data           4  imu.o(.data)
    voltage                                  0x200000f8   Data           4  data.o(.data)
    systime                                  0x200000fc   Data           4  data.o(.data)
    systime_ms                               0x20000100   Data           4  data.o(.data)
    remeote_recieve                          0x20000104   Data           4  data.o(.data)
    last_remeote_recieve_time                0x20000108   Data           4  data.o(.data)
    counter                                  0x20000130   Data           4  tim.o(.data)
    counter_2ms                              0x20000134   Data           4  tim.o(.data)
    counter_4ms                              0x20000138   Data           4  tim.o(.data)
    counter_5ms                              0x2000013c   Data           4  tim.o(.data)
    counter_10ms                             0x20000140   Data           4  tim.o(.data)
    counter_20ms                             0x20000144   Data           4  tim.o(.data)
    counter_50ms                             0x20000148   Data           4  tim.o(.data)
    __stdout                                 0x2000014c   Data           4  stdout.o(.data)
    buffer                                   0x20000154   Data         200  usart.o(.bss)
    huart1                                   0x2000021c   Data          68  usart.o(.bss)
    hadc1                                    0x20000260   Data          48  adc.o(.bss)
    hspi1                                    0x20000290   Data          88  spi.o(.bss)
    NRF_TX_DATA                              0x200002e8   Data          32  nrf2401.o(.bss)
    NRF_RX_DATA                              0x20000308   Data          32  nrf2401.o(.bss)
    bmp280                                   0x20000394   Data          28  bmp280.o(.bss)
    pidAngleRoll                             0x200003c0   Data          60  innercontrol.o(.bss)
    pidAnglePitch                            0x200003fc   Data          60  innercontrol.o(.bss)
    pidAngleYaw                              0x20000438   Data          60  innercontrol.o(.bss)
    pidRateRoll                              0x20000474   Data          60  innercontrol.o(.bss)
    pidRatePitch                             0x200004b0   Data          60  innercontrol.o(.bss)
    pidRateYaw                               0x200004ec   Data          60  innercontrol.o(.bss)
    pidVX                                    0x20000528   Data          60  outtercontrol.o(.bss)
    pidVY                                    0x20000564   Data          60  outtercontrol.o(.bss)
    pidVZ                                    0x200005a0   Data          60  outtercontrol.o(.bss)
    pidX                                     0x200005dc   Data          60  outtercontrol.o(.bss)
    pidY                                     0x20000618   Data          60  outtercontrol.o(.bss)
    pidZ                                     0x20000654   Data          60  outtercontrol.o(.bss)
    configParam                              0x20000704   Data         160  data.o(.bss)
    remoter                                  0x200007a4   Data          31  data.o(.bss)
    remoter_buffer                           0x200007c3   Data          31  data.o(.bss)
    self                                     0x200007e4   Data          64  data.o(.bss)
    expect_set_point                         0x20000824   Data          60  data.o(.bss)
    control_info                             0x20000860   Data          16  data.o(.bss)
    gyroBiasRunning                          0x20000870   Data        6164  sensors.o(.bss)
    sensors                                  0x20002090   Data          48  sensors.o(.bss)
    htim1                                    0x20002168   Data          72  tim.o(.bss)
    htim2                                    0x200021b0   Data          72  tim.o(.bss)
    __initial_sp                             0x200025f8   Data           0  startup_stm32f103xb.o(STACK)



==============================================================================

Memory Map of the image

  Image Entry point : 0x080000ed

  Load Region LR_IROM1 (Base: 0x08000000, Size: 0x0000a53c, Max: 0x00010000, ABSOLUTE, COMPRESSED[0x0000a438])

    Execution Region ER_IROM1 (Exec base: 0x08000000, Load base: 0x08000000, Size: 0x0000a3e8, Max: 0x00010000, ABSOLUTE)

    Exec Addr    Load Addr    Size         Type   Attr      Idx    E Section Name        Object

    0x08000000   0x08000000   0x000000ec   Data   RO            3    RESET               startup_stm32f103xb.o
    0x080000ec   0x080000ec   0x00000000   Code   RO         5624  * .ARM.Collect$$$$00000000  mc_w.l(entry.o)
    0x080000ec   0x080000ec   0x00000004   Code   RO         6004    .ARM.Collect$$$$00000001  mc_w.l(entry2.o)
    0x080000f0   0x080000f0   0x00000004   Code   RO         6007    .ARM.Collect$$$$00000004  mc_w.l(entry5.o)
    0x080000f4   0x080000f4   0x00000000   Code   RO         6009    .ARM.Collect$$$$00000008  mc_w.l(entry7b.o)
    0x080000f4   0x080000f4   0x00000000   Code   RO         6011    .ARM.Collect$$$$0000000A  mc_w.l(entry8b.o)
    0x080000f4   0x080000f4   0x00000008   Code   RO         6012    .ARM.Collect$$$$0000000B  mc_w.l(entry9a.o)
    0x080000fc   0x080000fc   0x00000000   Code   RO         6014    .ARM.Collect$$$$0000000D  mc_w.l(entry10a.o)
    0x080000fc   0x080000fc   0x00000000   Code   RO         6016    .ARM.Collect$$$$0000000F  mc_w.l(entry11a.o)
    0x080000fc   0x080000fc   0x00000004   Code   RO         6005    .ARM.Collect$$$$00002712  mc_w.l(entry2.o)
    0x08000100   0x08000100   0x00000024   Code   RO            4    .text               startup_stm32f103xb.o
    0x08000124   0x08000124   0x00000062   Code   RO         5627    .text               mc_w.l(ldiv.o)
    0x08000186   0x08000186   0x00000020   Code   RO         5629    .text               mc_w.l(llushr.o)
    0x080001a6   0x080001a6   0x00000024   Code   RO         5633    .text               mc_w.l(memseta.o)
    0x080001ca   0x080001ca   0x0000001a   Code   RO         5635    .text               mc_w.l(memcmp.o)
    0x080001e4   0x080001e4   0x000000b0   Code   RO         5900    .text               mf_w.l(fadd.o)
    0x08000294   0x08000294   0x00000064   Code   RO         5902    .text               mf_w.l(fmul.o)
    0x080002f8   0x080002f8   0x0000007c   Code   RO         5904    .text               mf_w.l(fdiv.o)
    0x08000374   0x08000374   0x00000018   Code   RO         5906    .text               mf_w.l(fscalb.o)
    0x0800038c   0x0800038c   0x0000014e   Code   RO         5908    .text               mf_w.l(dadd.o)
    0x080004da   0x080004da   0x000000e4   Code   RO         5910    .text               mf_w.l(dmul.o)
    0x080005be   0x080005be   0x000000de   Code   RO         5912    .text               mf_w.l(ddiv.o)
    0x0800069c   0x0800069c   0x0000002e   Code   RO         5914    .text               mf_w.l(dscalb.o)
    0x080006ca   0x080006ca   0x00000012   Code   RO         5916    .text               mf_w.l(fflti.o)
    0x080006dc   0x080006dc   0x0000000a   Code   RO         5918    .text               mf_w.l(ffltui.o)
    0x080006e6   0x080006e6   0x0000002c   Code   RO         5920    .text               mf_w.l(ffltl.o)
    0x08000712   0x08000712   0x00000022   Code   RO         5922    .text               mf_w.l(dflti.o)
    0x08000734   0x08000734   0x0000001a   Code   RO         5924    .text               mf_w.l(dfltui.o)
    0x0800074e   0x0800074e   0x00000032   Code   RO         5926    .text               mf_w.l(ffixi.o)
    0x08000780   0x08000780   0x00000028   Code   RO         5928    .text               mf_w.l(ffixui.o)
    0x080007a8   0x080007a8   0x0000003e   Code   RO         5932    .text               mf_w.l(dfixi.o)
    0x080007e6   0x080007e6   0x00000032   Code   RO         5934    .text               mf_w.l(dfixui.o)
    0x08000818   0x08000818   0x00000026   Code   RO         5936    .text               mf_w.l(f2d.o)
    0x0800083e   0x0800083e   0x00000002   PAD
    0x08000840   0x08000840   0x00000030   Code   RO         5938    .text               mf_w.l(cdcmple.o)
    0x08000870   0x08000870   0x00000030   Code   RO         5940    .text               mf_w.l(cdrcmple.o)
    0x080008a0   0x080008a0   0x00000038   Code   RO         5942    .text               mf_w.l(d2f.o)
    0x080008d8   0x080008d8   0x00000014   Code   RO         5944    .text               mf_w.l(cfcmple.o)
    0x080008ec   0x080008ec   0x00000014   Code   RO         5946    .text               mf_w.l(cfrcmple.o)
    0x08000900   0x08000900   0x0000002c   Code   RO         6019    .text               mc_w.l(uidiv.o)
    0x0800092c   0x0800092c   0x00000062   Code   RO         6021    .text               mc_w.l(uldiv.o)
    0x0800098e   0x0800098e   0x0000001e   Code   RO         6023    .text               mc_w.l(llshl.o)
    0x080009ac   0x080009ac   0x00000024   Code   RO         6025    .text               mc_w.l(llsshr.o)
    0x080009d0   0x080009d0   0x00000000   Code   RO         6034    .text               mc_w.l(iusefp.o)
    0x080009d0   0x080009d0   0x0000006e   Code   RO         6035    .text               mf_w.l(fepilogue.o)
    0x08000a3e   0x08000a3e   0x0000005e   Code   RO         6037    .text               mf_w.l(fsqrt.o)
    0x08000a9c   0x08000a9c   0x0000003c   Code   RO         6039    .text               mf_w.l(frnd.o)
    0x08000ad8   0x08000ad8   0x000000ba   Code   RO         6041    .text               mf_w.l(depilogue.o)
    0x08000b92   0x08000b92   0x00000030   Code   RO         6043    .text               mf_w.l(dfixul.o)
    0x08000bc2   0x08000bc2   0x0000004c   Code   RO         6045    .text               mf_w.l(ffixir.o)
    0x08000c0e   0x08000c0e   0x00000004   Code   RO         6047    .text               mf_w.l(fpstat.o)
    0x08000c12   0x08000c12   0x00000002   PAD
    0x08000c14   0x08000c14   0x00000024   Code   RO         6049    .text               mc_w.l(init.o)
    0x08000c38   0x08000c38   0x000000a2   Code   RO         6051    .text               mf_w.l(dsqrt.o)
    0x08000cda   0x08000cda   0x00000056   Code   RO         6061    .text               mc_w.l(__dczerorl2.o)
    0x08000d30   0x08000d30   0x0000007c   Code   RO         3197    i.ADC_Enable        stm32f1xx_hal_adc.o
    0x08000dac   0x08000dac   0x0000004c   Code   RO         3984    i.BMP280_CalAvgValue  bmp280.o
    0x08000df8   0x08000df8   0x00000060   Code   RO         3985    i.BMP280_CalTemperatureAndPressureAndAltitude  bmp280.o
    0x08000e58   0x08000e58   0x00000054   Code   RO         3986    i.BMP280_CalculateAbsoluteAltitude  bmp280.o
    0x08000eac   0x08000eac   0x000001e4   Code   RO         3987    i.BMP280_Compensate_Pressure  bmp280.o
    0x08001090   0x08001090   0x000000bc   Code   RO         3988    i.BMP280_Compensate_Temperature  bmp280.o
    0x0800114c   0x0800114c   0x0000005c   Code   RO         3990    i.BMP280_Get_Temperature_And_Pressure  bmp280.o
    0x080011a8   0x080011a8   0x0000005c   Code   RO         3991    i.BMP280_Init       bmp280.o
    0x08001204   0x08001204   0x0000003c   Code   RO         3992    i.BMP280_ReadReg    bmp280.o
    0x08001240   0x08001240   0x000000fc   Code   RO         3993    i.BMP280_Read_Calibration  bmp280.o
    0x0800133c   0x0800133c   0x00000032   Code   RO         3994    i.BMP280_WriteReg   bmp280.o
    0x0800136e   0x0800136e   0x00000002   Code   RO          340    i.BusFault_Handler  stm32f1xx_it.o
    0x08001370   0x08001370   0x00000002   Code   RO          341    i.DebugMon_Handler  stm32f1xx_it.o
    0x08001372   0x08001372   0x00000002   PAD
    0x08001374   0x08001374   0x00000094   Code   RO         3864    i.EXTI1_IRQHandler  nrf2401.o
    0x08001408   0x08001408   0x00000004   Code   RO           13    i.Error_Handler     main.o
    0x0800140c   0x0800140c   0x00000006   Code   RO         3206    i.HAL_ADC_GetValue  stm32f1xx_hal_adc.o
    0x08001412   0x08001412   0x00000002   PAD
    0x08001414   0x08001414   0x0000013c   Code   RO         3212    i.HAL_ADC_PollForConversion  stm32f1xx_hal_adc.o
    0x08001550   0x08001550   0x000000c0   Code   RO         3214    i.HAL_ADC_Start     stm32f1xx_hal_adc.o
    0x08001610   0x08001610   0x00000024   Code   RO         1903    i.HAL_Delay         stm32f1xx_hal.o
    0x08001634   0x08001634   0x000001e0   Code   RO         2211    i.HAL_GPIO_Init     stm32f1xx_hal_gpio.o
    0x08001814   0x08001814   0x0000000a   Code   RO         2213    i.HAL_GPIO_ReadPin  stm32f1xx_hal_gpio.o
    0x0800181e   0x0800181e   0x00000010   Code   RO         2214    i.HAL_GPIO_TogglePin  stm32f1xx_hal_gpio.o
    0x0800182e   0x0800182e   0x0000000a   Code   RO         2215    i.HAL_GPIO_WritePin  stm32f1xx_hal_gpio.o
    0x08001838   0x08001838   0x0000000c   Code   RO         1907    i.HAL_GetTick       stm32f1xx_hal.o
    0x08001844   0x08001844   0x00000010   Code   RO         1913    i.HAL_IncTick       stm32f1xx_hal.o
    0x08001854   0x08001854   0x00000024   Code   RO         1914    i.HAL_Init          stm32f1xx_hal.o
    0x08001878   0x08001878   0x00000040   Code   RO         1915    i.HAL_InitTick      stm32f1xx_hal.o
    0x080018b8   0x080018b8   0x0000002c   Code   RO          421    i.HAL_MspInit       stm32f1xx_hal_msp.o
    0x080018e4   0x080018e4   0x0000001a   Code   RO         2371    i.HAL_NVIC_EnableIRQ  stm32f1xx_hal_cortex.o
    0x080018fe   0x080018fe   0x00000002   PAD
    0x08001900   0x08001900   0x00000040   Code   RO         2377    i.HAL_NVIC_SetPriority  stm32f1xx_hal_cortex.o
    0x08001940   0x08001940   0x00000024   Code   RO         2378    i.HAL_NVIC_SetPriorityGrouping  stm32f1xx_hal_cortex.o
    0x08001964   0x08001964   0x000000c8   Code   RO         2173    i.HAL_RCCEx_GetPeriphCLKFreq  stm32f1xx_hal_rcc_ex.o
    0x08001a2c   0x08001a2c   0x0000012c   Code   RO         2071    i.HAL_RCC_ClockConfig  stm32f1xx_hal_rcc.o
    0x08001b58   0x08001b58   0x0000000c   Code   RO         2076    i.HAL_RCC_GetHCLKFreq  stm32f1xx_hal_rcc.o
    0x08001b64   0x08001b64   0x00000020   Code   RO         2078    i.HAL_RCC_GetPCLK1Freq  stm32f1xx_hal_rcc.o
    0x08001b84   0x08001b84   0x00000020   Code   RO         2079    i.HAL_RCC_GetPCLK2Freq  stm32f1xx_hal_rcc.o
    0x08001ba4   0x08001ba4   0x0000006c   Code   RO         2080    i.HAL_RCC_GetSysClockFreq  stm32f1xx_hal_rcc.o
    0x08001c10   0x08001c10   0x00000320   Code   RO         2083    i.HAL_RCC_OscConfig  stm32f1xx_hal_rcc.o
    0x08001f30   0x08001f30   0x000000b2   Code   RO         2882    i.HAL_SPI_Init      stm32f1xx_hal_spi.o
    0x08001fe2   0x08001fe2   0x00000002   PAD
    0x08001fe4   0x08001fe4   0x00000070   Code   RO         3508    i.HAL_SPI_MspInit   spi.o
    0x08002054   0x08002054   0x0000015a   Code   RO         2885    i.HAL_SPI_Receive   stm32f1xx_hal_spi.o
    0x080021ae   0x080021ae   0x00000166   Code   RO         2890    i.HAL_SPI_Transmit  stm32f1xx_hal_spi.o
    0x08002314   0x08002314   0x000001e2   Code   RO         2891    i.HAL_SPI_TransmitReceive  stm32f1xx_hal_spi.o
    0x080024f6   0x080024f6   0x00000028   Code   RO         2382    i.HAL_SYSTICK_Config  stm32f1xx_hal_cortex.o
    0x0800251e   0x0800251e   0x00000002   Code   RO         1272    i.HAL_TIMEx_BreakCallback  stm32f1xx_hal_tim_ex.o
    0x08002520   0x08002520   0x00000002   Code   RO         1273    i.HAL_TIMEx_CommutCallback  stm32f1xx_hal_tim_ex.o
    0x08002522   0x08002522   0x00000054   Code   RO         1275    i.HAL_TIMEx_ConfigBreakDeadTime  stm32f1xx_hal_tim_ex.o
    0x08002576   0x08002576   0x00000002   PAD
    0x08002578   0x08002578   0x00000068   Code   RO         1291    i.HAL_TIMEx_MasterConfigSynchronization  stm32f1xx_hal_tim_ex.o
    0x080025e0   0x080025e0   0x0000005a   Code   RO          568    i.HAL_TIM_Base_Init  stm32f1xx_hal_tim.o
    0x0800263a   0x0800263a   0x00000002   PAD
    0x0800263c   0x0800263c   0x00000050   Code   RO         5489    i.HAL_TIM_Base_MspInit  tim.o
    0x0800268c   0x0800268c   0x00000050   Code   RO          571    i.HAL_TIM_Base_Start  stm32f1xx_hal_tim.o
    0x080026dc   0x080026dc   0x00000058   Code   RO          573    i.HAL_TIM_Base_Start_IT  stm32f1xx_hal_tim.o
    0x08002734   0x08002734   0x000000d6   Code   RO          577    i.HAL_TIM_ConfigClockSource  stm32f1xx_hal_tim.o
    0x0800280a   0x0800280a   0x00000002   Code   RO          602    i.HAL_TIM_IC_CaptureCallback  stm32f1xx_hal_tim.o
    0x0800280c   0x0800280c   0x00000166   Code   RO          616    i.HAL_TIM_IRQHandler  stm32f1xx_hal_tim.o
    0x08002972   0x08002972   0x00000002   PAD
    0x08002974   0x08002974   0x00000068   Code   RO         5490    i.HAL_TIM_MspPostInit  tim.o
    0x080029dc   0x080029dc   0x00000002   Code   RO          619    i.HAL_TIM_OC_DelayElapsedCallback  stm32f1xx_hal_tim.o
    0x080029de   0x080029de   0x000000c6   Code   RO          640    i.HAL_TIM_PWM_ConfigChannel  stm32f1xx_hal_tim.o
    0x08002aa4   0x08002aa4   0x0000005a   Code   RO          643    i.HAL_TIM_PWM_Init  stm32f1xx_hal_tim.o
    0x08002afe   0x08002afe   0x00000002   Code   RO          645    i.HAL_TIM_PWM_MspInit  stm32f1xx_hal_tim.o
    0x08002b00   0x08002b00   0x00000002   Code   RO          646    i.HAL_TIM_PWM_PulseFinishedCallback  stm32f1xx_hal_tim.o
    0x08002b02   0x08002b02   0x00000002   PAD
    0x08002b04   0x08002b04   0x0000009c   Code   RO          648    i.HAL_TIM_PWM_Start  stm32f1xx_hal_tim.o
    0x08002ba0   0x08002ba0   0x000000b4   Code   RO         5491    i.HAL_TIM_PeriodElapsedCallback  tim.o
    0x08002c54   0x08002c54   0x00000002   Code   RO          659    i.HAL_TIM_TriggerCallback  stm32f1xx_hal_tim.o
    0x08002c56   0x08002c56   0x0000000a   Code   RO         1566    i.HAL_UART_GetState  stm32f1xx_hal_uart.o
    0x08002c60   0x08002c60   0x00000062   Code   RO         1568    i.HAL_UART_Init     stm32f1xx_hal_uart.o
    0x08002cc2   0x08002cc2   0x00000002   PAD
    0x08002cc4   0x08002cc4   0x00000094   Code   RO          286    i.HAL_UART_MspInit  usart.o
    0x08002d58   0x08002d58   0x0000002a   Code   RO         1573    i.HAL_UART_Receive_IT  stm32f1xx_hal_uart.o
    0x08002d82   0x08002d82   0x00000002   PAD
    0x08002d84   0x08002d84   0x000000b2   Code   RO         1576    i.HAL_UART_Transmit  stm32f1xx_hal_uart.o
    0x08002e36   0x08002e36   0x00000002   Code   RO          342    i.HardFault_Handler  stm32f1xx_it.o
    0x08002e38   0x08002e38   0x00000032   Code   RO         3651    i.MPU_Get_Accelerometer  mpu.o
    0x08002e6a   0x08002e6a   0x00000032   Code   RO         3652    i.MPU_Get_Gyroscope  mpu.o
    0x08002e9c   0x08002e9c   0x00000044   Code   RO         3561    i.MPU_IIC_Ack       iic.o
    0x08002ee0   0x08002ee0   0x00000044   Code   RO         3563    i.MPU_IIC_NAck      iic.o
    0x08002f24   0x08002f24   0x00000060   Code   RO         3564    i.MPU_IIC_Read_Byte  iic.o
    0x08002f84   0x08002f84   0x0000005c   Code   RO         3565    i.MPU_IIC_Send_Byte  iic.o
    0x08002fe0   0x08002fe0   0x00000050   Code   RO         3566    i.MPU_IIC_Start     iic.o
    0x08003030   0x08003030   0x00000048   Code   RO         3567    i.MPU_IIC_Stop      iic.o
    0x08003078   0x08003078   0x00000058   Code   RO         3568    i.MPU_IIC_Wait_Ack  iic.o
    0x080030d0   0x080030d0   0x00000098   Code   RO         3654    i.MPU_Init          mpu.o
    0x08003168   0x08003168   0x0000003a   Code   RO         3655    i.MPU_Read_Byte     mpu.o
    0x080031a2   0x080031a2   0x00000002   PAD
    0x080031a4   0x080031a4   0x0000006c   Code   RO         3656    i.MPU_Read_Len      mpu.o
    0x08003210   0x08003210   0x0000000a   Code   RO         3657    i.MPU_Set_Accel_Fsr  mpu.o
    0x0800321a   0x0800321a   0x0000000a   Code   RO         3658    i.MPU_Set_Gyro_Fsr  mpu.o
    0x08003224   0x08003224   0x00000030   Code   RO         3659    i.MPU_Set_LPF       mpu.o
    0x08003254   0x08003254   0x0000002e   Code   RO         3660    i.MPU_Set_Rate      mpu.o
    0x08003282   0x08003282   0x0000003c   Code   RO         3661    i.MPU_Write_Byte    mpu.o
    0x080032be   0x080032be   0x00000052   Code   RO         3662    i.MPU_Write_Len     mpu.o
    0x08003310   0x08003310   0x00000138   Code   RO          257    i.MX_GPIO_Init      gpio.o
    0x08003448   0x08003448   0x00000060   Code   RO         3509    i.MX_SPI1_Init      spi.o
    0x080034a8   0x080034a8   0x000000f0   Code   RO         5492    i.MX_TIM1_Init      tim.o
    0x08003598   0x08003598   0x000000b4   Code   RO         5493    i.MX_TIM2_Init      tim.o
    0x0800364c   0x0800364c   0x00000044   Code   RO          288    i.MX_USART1_UART_Init  usart.o
    0x08003690   0x08003690   0x00000002   Code   RO          343    i.MemManage_Handler  stm32f1xx_it.o
    0x08003692   0x08003692   0x00000002   Code   RO          344    i.NMI_Handler       stm32f1xx_it.o
    0x08003694   0x08003694   0x00000038   Code   RO         3865    i.NRF24L01_Check    nrf2401.o
    0x080036cc   0x080036cc   0x00000084   Code   RO         3866    i.NRF24L01_Config   nrf2401.o
    0x08003750   0x08003750   0x0000008c   Code   RO         3867    i.NRF24L01_Read_Buf  nrf2401.o
    0x080037dc   0x080037dc   0x00000034   Code   RO         3868    i.NRF24L01_RxPacket  nrf2401.o
    0x08003810   0x08003810   0x0000005c   Code   RO         3869    i.NRF24L01_TxPacket  nrf2401.o
    0x0800386c   0x0800386c   0x0000008c   Code   RO         3870    i.NRF24L01_Write_Buf  nrf2401.o
    0x080038f8   0x080038f8   0x0000006c   Code   RO         3871    i.NRF24L01_testConnection  nrf2401.o
    0x08003964   0x08003964   0x0000002c   Code   RO         3872    i.NRF24l01_Init     nrf2401.o
    0x08003990   0x08003990   0x00000050   Code   RO         3873    i.NRF24l01_read_reg  nrf2401.o
    0x080039e0   0x080039e0   0x00000040   Code   RO         3874    i.NRF24l01_write_reg  nrf2401.o
    0x08003a20   0x08003a20   0x00000060   Code   RO         3876    i.NRFset_Mode       nrf2401.o
    0x08003a80   0x08003a80   0x00000002   Code   RO          345    i.PendSV_Handler    stm32f1xx_it.o
    0x08003a82   0x08003a82   0x00000002   PAD
    0x08003a84   0x08003a84   0x000001b8   Code   RO         3877    i.Remote_Data_ReceiveAnalysis  nrf2401.o
    0x08003c3c   0x08003c3c   0x0000009c   Code   RO         3878    i.Remote_Data_Send  nrf2401.o
    0x08003cd8   0x08003cd8   0x00000020   Code   RO         3570    i.SCL_OUT           iic.o
    0x08003cf8   0x08003cf8   0x00000020   Code   RO         3571    i.SDA_IN            iic.o
    0x08003d18   0x08003d18   0x00000020   Code   RO         3572    i.SDA_OUT           iic.o
    0x08003d38   0x08003d38   0x0000005c   Code   RO         2919    i.SPI_EndRxTransaction  stm32f1xx_hal_spi.o
    0x08003d94   0x08003d94   0x00000020   Code   RO         2920    i.SPI_EndRxTxTransaction  stm32f1xx_hal_spi.o
    0x08003db4   0x08003db4   0x000000b8   Code   RO         2925    i.SPI_WaitFlagStateUntilTimeout  stm32f1xx_hal_spi.o
    0x08003e6c   0x08003e6c   0x00000002   Code   RO          346    i.SVC_Handler       stm32f1xx_it.o
    0x08003e6e   0x08003e6e   0x00000004   Code   RO          347    i.SysTick_Handler   stm32f1xx_it.o
    0x08003e72   0x08003e72   0x0000005a   Code   RO           14    i.SystemClock_Config  main.o
    0x08003ecc   0x08003ecc   0x00000002   Code   RO         3470    i.SystemInit        system_stm32f1xx.o
    0x08003ece   0x08003ece   0x00000002   PAD
    0x08003ed0   0x08003ed0   0x0000000c   Code   RO          348    i.TIM2_IRQHandler   stm32f1xx_it.o
    0x08003edc   0x08003edc   0x0000006c   Code   RO          661    i.TIM_Base_SetConfig  stm32f1xx_hal_tim.o
    0x08003f48   0x08003f48   0x0000001a   Code   RO          662    i.TIM_CCxChannelCmd  stm32f1xx_hal_tim.o
    0x08003f62   0x08003f62   0x00000014   Code   RO          672    i.TIM_ETR_SetConfig  stm32f1xx_hal_tim.o
    0x08003f76   0x08003f76   0x00000010   Code   RO          673    i.TIM_ITRx_SetConfig  stm32f1xx_hal_tim.o
    0x08003f86   0x08003f86   0x00000002   PAD
    0x08003f88   0x08003f88   0x00000050   Code   RO          674    i.TIM_OC1_SetConfig  stm32f1xx_hal_tim.o
    0x08003fd8   0x08003fd8   0x00000058   Code   RO          675    i.TIM_OC2_SetConfig  stm32f1xx_hal_tim.o
    0x08004030   0x08004030   0x00000058   Code   RO          676    i.TIM_OC3_SetConfig  stm32f1xx_hal_tim.o
    0x08004088   0x08004088   0x00000044   Code   RO          677    i.TIM_OC4_SetConfig  stm32f1xx_hal_tim.o
    0x080040cc   0x080040cc   0x00000022   Code   RO          679    i.TIM_TI1_ConfigInputStage  stm32f1xx_hal_tim.o
    0x080040ee   0x080040ee   0x00000024   Code   RO          681    i.TIM_TI2_ConfigInputStage  stm32f1xx_hal_tim.o
    0x08004112   0x08004112   0x00000002   PAD
    0x08004114   0x08004114   0x000000b8   Code   RO         1594    i.UART_SetConfig    stm32f1xx_hal_uart.o
    0x080041cc   0x080041cc   0x00000036   Code   RO         1596    i.UART_Start_Receive_IT  stm32f1xx_hal_uart.o
    0x08004202   0x08004202   0x00000064   Code   RO         1597    i.UART_WaitOnFlagUntilTimeout  stm32f1xx_hal_uart.o
    0x08004266   0x08004266   0x00000002   Code   RO          349    i.UsageFault_Handler  stm32f1xx_it.o
    0x08004268   0x08004268   0x00000020   Code   RO         5872    i.__0printf         mc_w.l(printfa.o)
    0x08004288   0x08004288   0x00000028   Code   RO         5972    i.__ARM_fpclassify  m_ws.l(fpclassify.o)
    0x080042b0   0x080042b0   0x00000026   Code   RO         5974    i.__ARM_fpclassifyf  m_ws.l(fpclassifyf.o)
    0x080042d6   0x080042d6   0x00000020   Code   RO         2384    i.__NVIC_SetPriority  stm32f1xx_hal_cortex.o
    0x080042f6   0x080042f6   0x000000aa   Code   RO         5990    i.__kernel_poly     m_ws.l(poly.o)
    0x080043a0   0x080043a0   0x00000010   Code   RO         5958    i.__mathlib_dbl_divzero  m_ws.l(dunder.o)
    0x080043b0   0x080043b0   0x00000006   Code   RO         5959    i.__mathlib_dbl_infnan  m_ws.l(dunder.o)
    0x080043b6   0x080043b6   0x00000004   Code   RO         5960    i.__mathlib_dbl_infnan2  m_ws.l(dunder.o)
    0x080043ba   0x080043ba   0x0000000c   Code   RO         5961    i.__mathlib_dbl_invalid  m_ws.l(dunder.o)
    0x080043c6   0x080043c6   0x0000000e   Code   RO         5962    i.__mathlib_dbl_overflow  m_ws.l(dunder.o)
    0x080043d4   0x080043d4   0x00000010   Code   RO         5964    i.__mathlib_dbl_underflow  m_ws.l(dunder.o)
    0x080043e4   0x080043e4   0x0000000a   Code   RO         5976    i.__mathlib_flt_divzero  m_ws.l(funder.o)
    0x080043ee   0x080043ee   0x00000006   Code   RO         5977    i.__mathlib_flt_infnan  m_ws.l(funder.o)
    0x080043f4   0x080043f4   0x00000004   Code   RO         5978    i.__mathlib_flt_infnan2  m_ws.l(funder.o)
    0x080043f8   0x080043f8   0x00000008   Code   RO         5979    i.__mathlib_flt_invalid  m_ws.l(funder.o)
    0x08004400   0x08004400   0x0000000a   Code   RO         5980    i.__mathlib_flt_overflow  m_ws.l(funder.o)
    0x0800440a   0x0800440a   0x0000000a   Code   RO         5982    i.__mathlib_flt_underflow  m_ws.l(funder.o)
    0x08004414   0x08004414   0x00000168   Code   RO         5993    i.__mathlib_rredf2  m_ws.l(rredf.o)
    0x0800457c   0x0800457c   0x0000000e   Code   RO         6055    i.__scatterload_copy  mc_w.l(handlers.o)
    0x0800458a   0x0800458a   0x00000002   Code   RO         6056    i.__scatterload_null  mc_w.l(handlers.o)
    0x0800458c   0x0800458c   0x0000000e   Code   RO         6057    i.__scatterload_zeroinit  mc_w.l(handlers.o)
    0x0800459a   0x0800459a   0x00000002   PAD
    0x0800459c   0x0800459c   0x0000000c   Code   RO         6029    i.__set_errno       mc_w.l(errno.o)
    0x080045a8   0x080045a8   0x00000184   Code   RO         5879    i._fp_digits        mc_w.l(printfa.o)
    0x0800472c   0x0800472c   0x000006dc   Code   RO         5880    i._printf_core      mc_w.l(printfa.o)
    0x08004e08   0x08004e08   0x00000024   Code   RO         5881    i._printf_post_padding  mc_w.l(printfa.o)
    0x08004e2c   0x08004e2c   0x0000002e   Code   RO         5882    i._printf_pre_padding  mc_w.l(printfa.o)
    0x08004e5a   0x08004e5a   0x00000002   PAD
    0x08004e5c   0x08004e5c   0x00000040   Code   RO         4719    i.applyDeadbandf    maths.o
    0x08004e9c   0x08004e9c   0x00000270   Code   RO         5547    i.asin              m_ws.l(asin.o)
    0x0800510c   0x0800510c   0x00000220   Code   RO         5949    i.atan              m_ws.l(atan.o)
    0x0800532c   0x0800532c   0x00000180   Code   RO         5557    i.atan2             m_ws.l(atan2.o)
    0x080054ac   0x080054ac   0x0000025c   Code   RO         5565    i.atan2f            m_ws.l(atan2f.o)
    0x08005708   0x08005708   0x0000006c   Code   RO         4965    i.attitudeAnglePID  innercontrol.o
    0x08005774   0x08005774   0x000000e4   Code   RO         4966    i.attitudeControlInit  innercontrol.o
    0x08005858   0x08005858   0x00000054   Code   RO         4970    i.attitudeRatePID   innercontrol.o
    0x080058ac   0x080058ac   0x0000008c   Code   RO         5385    i.commanderGetSetpoint  protocol.o
    0x08005938   0x08005938   0x000000bc   Code   RO           15    i.configParamInit   main.o
    0x080059f4   0x080059f4   0x00000024   Code   RO         4725    i.constrainf        maths.o
    0x08005a18   0x08005a18   0x0000017c   Code   RO         5573    i.cosf              m_ws.l(cosf.o)
    0x08005b94   0x08005b94   0x0000002c   Code   RO          445    i.currcent_us_timestamp  delay.o
    0x08005bc0   0x08005bc0   0x00000018   Code   RO          446    i.delay_us          delay.o
    0x08005bd8   0x08005bd8   0x0000003a   Code   RO         4439    i.dmp_enable_6x_lp_quat  inv_mpu_dmp_motion_driver.o
    0x08005c12   0x08005c12   0x00000002   PAD
    0x08005c14   0x08005c14   0x000001d8   Code   RO         4440    i.dmp_enable_feature  inv_mpu_dmp_motion_driver.o
    0x08005dec   0x08005dec   0x0000003c   Code   RO         4441    i.dmp_enable_gyro_cal  inv_mpu_dmp_motion_driver.o
    0x08005e28   0x08005e28   0x0000003a   Code   RO         4442    i.dmp_enable_lp_quat  inv_mpu_dmp_motion_driver.o
    0x08005e62   0x08005e62   0x00000002   PAD
    0x08005e64   0x08005e64   0x00000014   Code   RO         4447    i.dmp_load_motion_driver_firmware  inv_mpu_dmp_motion_driver.o
    0x08005e78   0x08005e78   0x00000144   Code   RO         4448    i.dmp_read_fifo     inv_mpu_dmp_motion_driver.o
    0x08005fbc   0x08005fbc   0x00000064   Code   RO         4452    i.dmp_set_fifo_rate  inv_mpu_dmp_motion_driver.o
    0x08006020   0x08006020   0x0000010c   Code   RO         4455    i.dmp_set_orientation  inv_mpu_dmp_motion_driver.o
    0x0800612c   0x0800612c   0x00000030   Code   RO         4458    i.dmp_set_shake_reject_thresh  inv_mpu_dmp_motion_driver.o
    0x0800615c   0x0800615c   0x00000020   Code   RO         4459    i.dmp_set_shake_reject_time  inv_mpu_dmp_motion_driver.o
    0x0800617c   0x0800617c   0x00000020   Code   RO         4460    i.dmp_set_shake_reject_timeout  inv_mpu_dmp_motion_driver.o
    0x0800619c   0x0800619c   0x00000040   Code   RO         4461    i.dmp_set_tap_axes  inv_mpu_dmp_motion_driver.o
    0x080061dc   0x080061dc   0x00000022   Code   RO         4462    i.dmp_set_tap_count  inv_mpu_dmp_motion_driver.o
    0x080061fe   0x080061fe   0x00000002   PAD
    0x08006200   0x08006200   0x00000128   Code   RO         4463    i.dmp_set_tap_thresh  inv_mpu_dmp_motion_driver.o
    0x08006328   0x08006328   0x00000020   Code   RO         4464    i.dmp_set_tap_time  inv_mpu_dmp_motion_driver.o
    0x08006348   0x08006348   0x00000020   Code   RO         4465    i.dmp_set_tap_time_multi  inv_mpu_dmp_motion_driver.o
    0x08006368   0x08006368   0x00000024   Code   RO          289    i.fputc             usart.o
    0x0800638c   0x0800638c   0x0000000e   Code   RO           16    i.get_ms_count      main.o
    0x0800639a   0x0800639a   0x00000002   PAD
    0x0800639c   0x0800639c   0x0000010c   Code   RO         5183    i.imuTransformVectorBodyToEarth  imu.o
    0x080064a8   0x080064a8   0x000000a0   Code   RO         5184    i.imuTransformVectorEarthToBody  imu.o
    0x08006548   0x08006548   0x00000050   Code   RO         5236    i.inavFilterPredict  positionestimate.o
    0x08006598   0x08006598   0x00000022   Code   RO         4080    i.inv_orientation_matrix_to_scalar  inv_mpu.o
    0x080065ba   0x080065ba   0x00000048   Code   RO         4081    i.inv_row_2_scale   inv_mpu.o
    0x08006602   0x08006602   0x00000016   Code   RO         5280    i.limitThrust       control.o
    0x08006618   0x08006618   0x00000068   Code   RO         5414    i.lpf2pApply        sensors.o
    0x08006680   0x08006680   0x00000010   Code   RO         5415    i.lpf2pInit         sensors.o
    0x08006690   0x08006690   0x000000b8   Code   RO         5416    i.lpf2pSetCutoffFreq  sensors.o
    0x08006748   0x08006748   0x000002fc   Code   RO           17    i.main              main.o
    0x08006a44   0x08006a44   0x0000004c   Code   RO         5281    i.motorsSetRatio    control.o
    0x08006a90   0x08006a90   0x00000054   Code   RO         4082    i.mpu_configure_fifo  inv_mpu.o
    0x08006ae4   0x08006ae4   0x0000019c   Code   RO         4083    i.mpu_dmp_get_data  inv_mpu.o
    0x08006c80   0x08006c80   0x00000094   Code   RO         4084    i.mpu_dmp_init      inv_mpu.o
    0x08006d14   0x08006d14   0x0000003c   Code   RO         4085    i.mpu_get_accel_fsr  inv_mpu.o
    0x08006d50   0x08006d50   0x000000a0   Code   RO         4102    i.mpu_load_firmware  inv_mpu.o
    0x08006df0   0x08006df0   0x000000b8   Code   RO         4103    i.mpu_lp_accel_mode  inv_mpu.o
    0x08006ea8   0x08006ea8   0x00000090   Code   RO         4109    i.mpu_read_fifo_stream  inv_mpu.o
    0x08006f38   0x08006f38   0x00000054   Code   RO         4110    i.mpu_read_mem      inv_mpu.o
    0x08006f8c   0x08006f8c   0x00000160   Code   RO         4113    i.mpu_reset_fifo    inv_mpu.o
    0x080070ec   0x080070ec   0x000000dc   Code   RO         4118    i.mpu_set_bypass    inv_mpu.o
    0x080071c8   0x080071c8   0x00000078   Code   RO         4120    i.mpu_set_dmp_state  inv_mpu.o
    0x08007240   0x08007240   0x00000064   Code   RO         4123    i.mpu_set_int_latched  inv_mpu.o
    0x080072a4   0x080072a4   0x0000006c   Code   RO         4125    i.mpu_set_lpf       inv_mpu.o
    0x08007310   0x08007310   0x00000080   Code   RO         4126    i.mpu_set_sample_rate  inv_mpu.o
    0x08007390   0x08007390   0x000000b8   Code   RO         4127    i.mpu_set_sensors   inv_mpu.o
    0x08007448   0x08007448   0x00000054   Code   RO         4128    i.mpu_write_mem     inv_mpu.o
    0x0800749c   0x0800749c   0x00000028   Code   RO         5092    i.pidInit           pid.o
    0x080074c4   0x080074c4   0x0000002c   Code   RO         4972    i.pidOutLimit       innercontrol.o
    0x080074f0   0x080074f0   0x00000004   Code   RO         5097    i.pidSetIntegralLimit  pid.o
    0x080074f4   0x080074f4   0x00000004   Code   RO         5101    i.pidSetOutputLimit  pid.o
    0x080074f8   0x080074f8   0x000000b2   Code   RO         5102    i.pidUpdate         pid.o
    0x080075aa   0x080075aa   0x00000002   PAD
    0x080075ac   0x080075ac   0x000000e8   Code   RO         5043    i.positionControlInit  outtercontrol.o
    0x08007694   0x08007694   0x00000054   Code   RO         5044    i.positionController  outtercontrol.o
    0x080076e8   0x080076e8   0x00000298   Code   RO         5237    i.positionEstimate  positionestimate.o
    0x08007980   0x08007980   0x000009d8   Code   RO         5581    i.pow               m_ws.l(pow.o)
    0x08008358   0x08008358   0x00000120   Code   RO         5282    i.powerControl      control.o
    0x08008478   0x08008478   0x00000620   Code   RO         5591    i.powf              m_ws.l(powf.o)
    0x08008a98   0x08008a98   0x00000090   Code   RO         5417    i.processAccScale   sensors.o
    0x08008b28   0x08008b28   0x00000058   Code   RO         5418    i.processGyroBias   sensors.o
    0x08008b80   0x08008b80   0x00000028   Code   RO         5283    i.ratioToCCRx       control.o
    0x08008ba8   0x08008ba8   0x0000016c   Code   RO         5419    i.sensorsCalculateVarianceAndMean  sensors.o
    0x08008d14   0x08008d14   0x00000144   Code   RO         5420    i.sensorsDataGet    sensors.o
    0x08008e58   0x08008e58   0x00000088   Code   RO         5421    i.sensorsFindBiasValue  sensors.o
    0x08008ee0   0x08008ee0   0x00000070   Code   RO         5422    i.sensorsInit       sensors.o
    0x08008f50   0x08008f50   0x00000058   Code   RO         4130    i.set_int_enable    inv_mpu.o
    0x08008fa8   0x08008fa8   0x00000188   Code   RO         5601    i.sinf              m_ws.l(sinf.o)
    0x08009130   0x08009130   0x0000004c   Code   RO         5997    i.sqrt              m_ws.l(sqrt.o)
    0x0800917c   0x0800917c   0x0000002c   Code   RO         5609    i.sqrtf             m_ws.l(sqrtf.o)
    0x080091a8   0x080091a8   0x0000009c   Code   RO         5285    i.stateControl      control.o
    0x08009244   0x08009244   0x00000020   Code   RO         5286    i.stateControlInit  control.o
    0x08009264   0x08009264   0x00000174   Code   RO         5617    i.tanf              m_ws.l(tanf.o)
    0x080093d8   0x080093d8   0x0000001c   Code   RO          447    i.usTickInit        delay.o
    0x080093f4   0x080093f4   0x00000010   Data   RO         3471    .constdata          system_stm32f1xx.o
    0x08009404   0x08009404   0x00000008   Data   RO         3472    .constdata          system_stm32f1xx.o
    0x0800940c   0x0800940c   0x0000001e   Data   RO         4131    .constdata          inv_mpu.o
    0x0800942a   0x0800942a   0x0000000c   Data   RO         4132    .constdata          inv_mpu.o
    0x08009436   0x08009436   0x00000002   PAD
    0x08009438   0x08009438   0x00000028   Data   RO         4133    .constdata          inv_mpu.o
    0x08009460   0x08009460   0x00000bf6   Data   RO         4467    .constdata          inv_mpu_dmp_motion_driver.o
    0x0800a056   0x0800a056   0x00000002   PAD
    0x0800a058   0x0800a058   0x00000050   Data   RO         5548    .constdata          m_ws.l(asin.o)
    0x0800a0a8   0x0800a0a8   0x00000088   Data   RO         5582    .constdata          m_ws.l(pow.o)
    0x0800a130   0x0800a130   0x00000140   Data   RO         5592    .constdata          m_ws.l(powf.o)
    0x0800a270   0x0800a270   0x00000098   Data   RO         5950    .constdata          m_ws.l(atan.o)
    0x0800a308   0x0800a308   0x00000008   Data   RO         5992    .constdata          m_ws.l(qnan.o)
    0x0800a310   0x0800a310   0x00000020   Data   RO         5994    .constdata          m_ws.l(rredf.o)
    0x0800a330   0x0800a330   0x00000095   Data   RO         3996    .conststring        bmp280.o
    0x0800a3c5   0x0800a3c5   0x00000003   PAD
    0x0800a3c8   0x0800a3c8   0x00000020   Data   RO         6053    Region$$Table       anon$$obj.o


    Execution Region RW_IRAM1 (Exec base: 0x20000000, Load base: 0x0800a3e8, Size: 0x000025f8, Max: 0x00005000, ABSOLUTE, COMPRESSED[0x00000050])

    Exec Addr    Load Addr    Size         Type   Attr      Idx    E Section Name        Object

    0x20000000   COMPRESSED   0x00000001   Data   RW           19    .data               main.o
    0x20000001   COMPRESSED   0x00000002   Data   RW          291    .data               usart.o
    0x20000003   COMPRESSED   0x00000001   PAD
    0x20000004   COMPRESSED   0x00000004   Data   RW          448    .data               delay.o
    0x20000008   COMPRESSED   0x0000000c   Data   RW         1921    .data               stm32f1xx_hal.o
    0x20000014   COMPRESSED   0x00000004   Data   RW         3473    .data               system_stm32f1xx.o
    0x20000018   COMPRESSED   0x0000000c   Data   RW         3881    .data               nrf2401.o
    0x20000024   COMPRESSED   0x00000008   Data   RW         3997    .data               bmp280.o
    0x2000002c   COMPRESSED   0x00000035   Data   RW         4134    .data               inv_mpu.o
    0x20000061   COMPRESSED   0x00000003   PAD
    0x20000064   COMPRESSED   0x00000040   Data   RW         5187    .data               imu.o
    0x200000a4   COMPRESSED   0x0000004c   Data   RW         5239    .data               positionestimate.o
    0x200000f0   COMPRESSED   0x00000008   Data   RW         5289    .data               control.o
    0x200000f8   COMPRESSED   0x00000004   Data   RW         5357    .data               data.o
    0x200000fc   COMPRESSED   0x00000004   Data   RW         5358    .data               data.o
    0x20000100   COMPRESSED   0x00000004   Data   RW         5359    .data               data.o
    0x20000104   COMPRESSED   0x00000004   Data   RW         5360    .data               data.o
    0x20000108   COMPRESSED   0x00000004   Data   RW         5361    .data               data.o
    0x2000010c   COMPRESSED   0x00000004   Data   RW         5386    .data               protocol.o
    0x20000110   COMPRESSED   0x00000020   Data   RW         5424    .data               sensors.o
    0x20000130   COMPRESSED   0x0000001c   Data   RW         5495    .data               tim.o
    0x2000014c   COMPRESSED   0x00000004   Data   RW         6018    .data               mc_w.l(stdout.o)
    0x20000150   COMPRESSED   0x00000004   Data   RW         6030    .data               mc_w.l(errno.o)
    0x20000154        -       0x0000010c   Zero   RW          290    .bss                usart.o
    0x20000260        -       0x00000030   Zero   RW          491    .bss                adc.o
    0x20000290        -       0x00000058   Zero   RW         3512    .bss                spi.o
    0x200002e8        -       0x00000040   Zero   RW         3879    .bss                nrf2401.o
    0x20000328        -       0x00000088   Zero   RW         3995    .bss                bmp280.o
    0x200003b0        -       0x00000010   Zero   RW         4466    .bss                inv_mpu_dmp_motion_driver.o
    0x200003c0        -       0x00000168   Zero   RW         4973    .bss                innercontrol.o
    0x20000528        -       0x00000168   Zero   RW         5047    .bss                outtercontrol.o
    0x20000690        -       0x00000030   Zero   RW         5186    .bss                imu.o
    0x200006c0        -       0x0000000c   Zero   RW         5238    .bss                positionestimate.o
    0x200006cc        -       0x00000038   Zero   RW         5288    .bss                control.o
    0x20000704        -       0x000000a0   Zero   RW         5351    .bss                data.o
    0x200007a4        -       0x0000001f   Zero   RW         5352    .bss                data.o
    0x200007c3        -       0x0000001f   Zero   RW         5353    .bss                data.o
    0x200007e2   COMPRESSED   0x00000002   PAD
    0x200007e4        -       0x00000040   Zero   RW         5354    .bss                data.o
    0x20000824        -       0x0000003c   Zero   RW         5355    .bss                data.o
    0x20000860        -       0x00000010   Zero   RW         5356    .bss                data.o
    0x20000870        -       0x000018f8   Zero   RW         5423    .bss                sensors.o
    0x20002168        -       0x00000090   Zero   RW         5494    .bss                tim.o
    0x200021f8        -       0x00000400   Zero   RW            1    STACK               startup_stm32f103xb.o


==============================================================================

Image component sizes


      Code (inc. data)   RO Data    RW Data    ZI Data      Debug   Object Name

         0          0          0          0         48        762   adc.o
      1474         76        149          8        136      10451   bmp280.o
       614         56          0          8         56       5071   control.o
         0          0          0         20        362       3609   data.o
        96         16          0          4          0       2133   delay.o
       312         18          0          0          0       1023   gpio.o
       660         48          0          0          0       5994   iic.o
       428         18          0         64         48       3010   imu.o
       464         60          0          0        360       7113   innercontrol.o
      2766         88         82         53          0      20190   inv_mpu.o
      1930        104       3062          0         16      17845   inv_mpu_dmp_motion_driver.o
      1060        184          0          1          0     455987   main.o
       100          4          0          0          0       1326   maths.o
       674         22          0          0          0       7297   mpu.o
      1748        280          0         12         64      11116   nrf2401.o
       316         38          0          0        360       2442   outtercontrol.o
       226          4          0          0          0       2608   pid.o
       744         70          0         76         12       3595   positionestimate.o
       140         18          0          4          0       1543   protocol.o
      1472         90          0         32       6392       8658   sensors.o
       208         42          0          0         88       1641   spi.o
        36          8        236          0       1024        800   startup_stm32f103xb.o
       164         28          0         12          0       6281   stm32f1xx_hal.o
       638         30          0          0          0       4036   stm32f1xx_hal_adc.o
       198         14          0          0          0      29439   stm32f1xx_hal_cortex.o
       516         34          0          0          0       4412   stm32f1xx_hal_gpio.o
        44          6          0          0          0        826   stm32f1xx_hal_msp.o
      1284        106          0          0          0       6032   stm32f1xx_hal_rcc.o
       200         34          0          0          0       1693   stm32f1xx_hal_rcc_ex.o
      1672          4          0          0          0       8578   stm32f1xx_hal_spi.o
      1848         72          0          0          0      17739   stm32f1xx_hal_tim.o
       192         12          0          0          0       3445   stm32f1xx_hal_tim_ex.o
       666          6          0          0          0       6346   stm32f1xx_hal_uart.o
        32          6          0          0          0       4256   stm32f1xx_it.o
         2          0         24          4          0       1163   system_stm32f1xx.o
       784         88          0         28        144       4352   tim.o
       252         42          0          2        268       2368   usart.o

    ----------------------------------------------------------------------
     24000       1726       3592        332       9380     675180   Object Totals
         0          0         32          0          0          0   (incl. Generated)
        40          0          7          4          2          0   (incl. Padding)

    ----------------------------------------------------------------------

      Code (inc. data)   RO Data    RW Data    ZI Data      Debug   Library Member Name

       624         52         80          0          0        168   asin.o
       544         70        152          0          0        124   atan.o
       384         38          0          0          0        144   atan2.o
       604         76          0          0          0        116   atan2f.o
       380         52          0          0          0        124   cosf.o
        68         10          0          0          0        408   dunder.o
        40          0          0          0          0         68   fpclassify.o
        38          0          0          0          0         68   fpclassifyf.o
        48          0          0          0          0        408   funder.o
       170          0          0          0          0         96   poly.o
      2520        190        136          0          0        324   pow.o
      1568         80        320          0          0        224   powf.o
         0          0          8          0          0          0   qnan.o
       360         16         32          0          0         88   rredf.o
       392         54          0          0          0        124   sinf.o
        76          0          0          0          0         84   sqrt.o
        44          0          0          0          0         80   sqrtf.o
       372         58          0          0          0        124   tanf.o
        86          0          0          0          0          0   __dczerorl2.o
         0          0          0          0          0          0   entry.o
         0          0          0          0          0          0   entry10a.o
         0          0          0          0          0          0   entry11a.o
         8          4          0          0          0          0   entry2.o
         4          0          0          0          0          0   entry5.o
         0          0          0          0          0          0   entry7b.o
         0          0          0          0          0          0   entry8b.o
         8          4          0          0          0          0   entry9a.o
        12          6          0          4          0         68   errno.o
        30          0          0          0          0          0   handlers.o
        36          8          0          0          0         68   init.o
         0          0          0          0          0          0   iusefp.o
        98          0          0          0          0         84   ldiv.o
        30          0          0          0          0         68   llshl.o
        36          0          0          0          0         68   llsshr.o
        32          0          0          0          0         68   llushr.o
        26          0          0          0          0         80   memcmp.o
        36          0          0          0          0        108   memseta.o
      2258         90          0          0          0        452   printfa.o
         0          0          0          4          0          0   stdout.o
        44          0          0          0          0         80   uidiv.o
        98          0          0          0          0         92   uldiv.o
        48          0          0          0          0         68   cdcmple.o
        48          0          0          0          0         68   cdrcmple.o
        20          0          0          0          0         68   cfcmple.o
        20          0          0          0          0         68   cfrcmple.o
        56          0          0          0          0         88   d2f.o
       334          0          0          0          0        148   dadd.o
       222          0          0          0          0        100   ddiv.o
       186          0          0          0          0        176   depilogue.o
        62          0          0          0          0         80   dfixi.o
        50          0          0          0          0         76   dfixui.o
        48          0          0          0          0         68   dfixul.o
        34          0          0          0          0         76   dflti.o
        26          0          0          0          0         76   dfltui.o
       228          0          0          0          0         96   dmul.o
        46          0          0          0          0         80   dscalb.o
       162          0          0          0          0        100   dsqrt.o
        38          0          0          0          0         68   f2d.o
       176          0          0          0          0        140   fadd.o
       124          0          0          0          0         88   fdiv.o
       110          0          0          0          0        168   fepilogue.o
        50          0          0          0          0         68   ffixi.o
        76          0          0          0          0         76   ffixir.o
        40          0          0          0          0         68   ffixui.o
        18          0          0          0          0         68   fflti.o
        44          0          0          0          0         92   ffltl.o
        10          0          0          0          0         68   ffltui.o
       100          0          0          0          0         76   fmul.o
         4          0          0          0          0         68   fpstat.o
        60          0          0          0          0         76   frnd.o
        24          0          0          0          0         68   fscalb.o
        94          0          0          0          0         96   fsqrt.o

    ----------------------------------------------------------------------
     13640        808        728          8          0       6732   Library Totals
         8          0          0          0          0          0   (incl. Padding)

    ----------------------------------------------------------------------

      Code (inc. data)   RO Data    RW Data    ZI Data      Debug   Library Name

      8232        696        728          0          0       2772   m_ws.l
      2842        112          0          8          0       1236   mc_w.l
      2558          0          0          0          0       2724   mf_w.l

    ----------------------------------------------------------------------
     13640        808        728          8          0       6732   Library Totals

    ----------------------------------------------------------------------

==============================================================================


      Code (inc. data)   RO Data    RW Data    ZI Data      Debug   

     37640       2534       4320        340       9380     667792   Grand Totals
     37640       2534       4320         80       9380     667792   ELF Image Totals (compressed)
     37640       2534       4320         80          0          0   ROM Totals

==============================================================================

    Total RO  Size (Code + RO Data)                41960 (  40.98kB)
    Total RW  Size (RW Data + ZI Data)              9720 (   9.49kB)
    Total ROM Size (Code + RO Data + RW Data)      42040 (  41.05kB)

==============================================================================

