Component: ARM Compiler 5.06 update 6 (build 750) Tool: armlink [4d35ed]

==============================================================================

Section Cross References

    startup_stm32f103xb.o(RESET) refers to startup_stm32f103xb.o(STACK) for __initial_sp
    startup_stm32f103xb.o(RESET) refers to startup_stm32f103xb.o(.text) for Reset_Handler
    startup_stm32f103xb.o(RESET) refers to stm32f1xx_it.o(i.NMI_Handler) for NMI_Handler
    startup_stm32f103xb.o(RESET) refers to stm32f1xx_it.o(i.HardFault_Handler) for HardFault_Handler
    startup_stm32f103xb.o(RESET) refers to stm32f1xx_it.o(i.MemManage_Handler) for MemManage_Handler
    startup_stm32f103xb.o(RESET) refers to stm32f1xx_it.o(i.BusFault_Handler) for BusFault_Handler
    startup_stm32f103xb.o(RESET) refers to stm32f1xx_it.o(i.UsageFault_Handler) for UsageFault_Handler
    startup_stm32f103xb.o(RESET) refers to stm32f1xx_it.o(i.SVC_Handler) for SVC_Handler
    startup_stm32f103xb.o(RESET) refers to stm32f1xx_it.o(i.DebugMon_Handler) for DebugMon_Handler
    startup_stm32f103xb.o(RESET) refers to stm32f1xx_it.o(i.PendSV_Handler) for PendSV_Handler
    startup_stm32f103xb.o(RESET) refers to stm32f1xx_it.o(i.SysTick_Handler) for SysTick_Handler
    startup_stm32f103xb.o(RESET) refers to nrf2401.o(i.EXTI2_IRQHandler) for EXTI2_IRQHandler
    startup_stm32f103xb.o(RESET) refers to stm32f1xx_it.o(i.TIM2_IRQHandler) for TIM2_IRQHandler
    startup_stm32f103xb.o(RESET) refers to stm32f1xx_it.o(i.USART1_IRQHandler) for USART1_IRQHandler
    startup_stm32f103xb.o(.text) refers to system_stm32f1xx.o(i.SystemInit) for SystemInit
    startup_stm32f103xb.o(.text) refers to entry.o(.ARM.Collect$$$$00000000) for __main
    main.o(i.SystemClock_Config) refers to memseta.o(.text) for __aeabi_memclr4
    main.o(i.SystemClock_Config) refers to stm32f1xx_hal_rcc.o(i.HAL_RCC_OscConfig) for HAL_RCC_OscConfig
    main.o(i.SystemClock_Config) refers to stm32f1xx_hal_rcc.o(i.HAL_RCC_ClockConfig) for HAL_RCC_ClockConfig
    main.o(i.get_ms_count) refers to stm32f1xx_hal.o(i.HAL_GetTick) for HAL_GetTick
    main.o(i.main) refers to stm32f1xx_hal.o(i.HAL_Init) for HAL_Init
    main.o(i.main) refers to main.o(i.SystemClock_Config) for SystemClock_Config
    main.o(i.main) refers to gpio.o(i.MX_GPIO_Init) for MX_GPIO_Init
    main.o(i.main) refers to usart.o(i.MX_USART1_UART_Init) for MX_USART1_UART_Init
    main.o(i.main) refers to stm32f1xx_hal_gpio.o(i.HAL_GPIO_WritePin) for HAL_GPIO_WritePin
    main.o(i.main) refers to stm32f1xx_hal.o(i.HAL_Delay) for HAL_Delay
    main.o(i.main) refers to tim.o(i.MX_TIM1_Init) for MX_TIM1_Init
    main.o(i.main) refers to tim.o(i.MX_TIM2_Init) for MX_TIM2_Init
    main.o(i.main) refers to delay.o(i.usTickInit) for usTickInit
    main.o(i.main) refers to spi.o(i.MX_SPI1_Init) for MX_SPI1_Init
    main.o(i.main) refers to printfa.o(i.__0printf) for __2printf
    main.o(i.main) refers to mpu.o(i.MPU_Init) for MPU_Init
    main.o(i.main) refers to bmp280.o(i.bmp280Init) for bmp280Init
    main.o(i.main) refers to bmp280.o(i.BMP280_ReadTemperatureAndPressure) for BMP280_ReadTemperatureAndPressure
    main.o(i.main) refers to bmp280.o(i.bmp280PressureToAltitude) for bmp280PressureToAltitude
    main.o(i.main) refers to f2d.o(.text) for __aeabi_f2d
    main.o(i.main) refers to sensors.o(i.sensorsDataGet) for sensorsDataGet
    main.o(i.main) refers to ffltui.o(.text) for __aeabi_ui2f
    main.o(i.main) refers to imu.o(i.imuUpdate) for imuUpdate
    main.o(i.main) refers to bmp280.o(i.bmp280GetData) for bmp280GetData
    main.o(i.main) refers to stm32f1xx_hal_gpio.o(i.HAL_GPIO_TogglePin) for HAL_GPIO_TogglePin
    main.o(i.main) refers to main.o(.data) for .data
    main.o(i.main) refers to tim.o(.data) for counter_5ms
    main.o(i.main) refers to sensors.o(.bss) for sensors
    main.o(i.main) refers to data.o(.bss) for self
    gpio.o(i.MX_GPIO_Init) refers to stm32f1xx_hal_gpio.o(i.HAL_GPIO_WritePin) for HAL_GPIO_WritePin
    gpio.o(i.MX_GPIO_Init) refers to stm32f1xx_hal_gpio.o(i.HAL_GPIO_Init) for HAL_GPIO_Init
    usart.o(i.HAL_UART_MspDeInit) refers to stm32f1xx_hal_gpio.o(i.HAL_GPIO_DeInit) for HAL_GPIO_DeInit
    usart.o(i.HAL_UART_MspDeInit) refers to stm32f1xx_hal_cortex.o(i.HAL_NVIC_DisableIRQ) for HAL_NVIC_DisableIRQ
    usart.o(i.HAL_UART_MspInit) refers to stm32f1xx_hal_gpio.o(i.HAL_GPIO_Init) for HAL_GPIO_Init
    usart.o(i.HAL_UART_MspInit) refers to stm32f1xx_hal_cortex.o(i.HAL_NVIC_SetPriority) for HAL_NVIC_SetPriority
    usart.o(i.HAL_UART_MspInit) refers to stm32f1xx_hal_cortex.o(i.HAL_NVIC_EnableIRQ) for HAL_NVIC_EnableIRQ
    usart.o(i.HAL_UART_MspInit) refers to stm32f1xx_hal_uart.o(i.HAL_UART_Receive_IT) for HAL_UART_Receive_IT
    usart.o(i.HAL_UART_MspInit) refers to usart.o(.data) for .data
    usart.o(i.HAL_UART_MspInit) refers to usart.o(.bss) for .bss
    usart.o(i.HAL_UART_RxCpltCallback) refers to stm32f1xx_hal_uart.o(i.HAL_UART_Transmit) for HAL_UART_Transmit
[...]
    i.HAL_RCC_ClockConfig                    0x080010e4   Section        0  stm32f1xx_hal_rcc.o(i.HAL_RCC_ClockConfig)
    i.HAL_RCC_GetHCLKFreq                    0x08001210   Section        0  stm32f1xx_hal_rcc.o(i.HAL_RCC_GetHCLKFreq)
    i.HAL_RCC_GetPCLK1Freq                   0x0800121c   Section        0  stm32f1xx_hal_rcc.o(i.HAL_RCC_GetPCLK1Freq)
    i.HAL_RCC_GetPCLK2Freq                   0x0800123c   Section        0  stm32f1xx_hal_rcc.o(i.HAL_RCC_GetPCLK2Freq)
    i.HAL_RCC_GetSysClockFreq                0x0800125c   Section        0  stm32f1xx_hal_rcc.o(i.HAL_RCC_GetSysClockFreq)
    i.HAL_RCC_OscConfig                      0x080012c8   Section        0  stm32f1xx_hal_rcc.o(i.HAL_RCC_OscConfig)
    i.HAL_SPI_Init                           0x080015e8   Section        0  stm32f1xx_hal_spi.o(i.HAL_SPI_Init)
    i.HAL_SPI_MspInit                        0x0800169c   Section        0  spi.o(i.HAL_SPI_MspInit)
    i.HAL_SPI_Receive                        0x0800171c   Section        0  stm32f1xx_hal_spi.o(i.HAL_SPI_Receive)
    i.HAL_SPI_Transmit                       0x08001876   Section        0  stm32f1xx_hal_spi.o(i.HAL_SPI_Transmit)
    i.HAL_SPI_TransmitReceive                0x080019dc   Section        0  stm32f1xx_hal_spi.o(i.HAL_SPI_TransmitReceive)
    i.HAL_SYSTICK_Config                     0x08001bbe   Section        0  stm32f1xx_hal_cortex.o(i.HAL_SYSTICK_Config)
    i.HAL_TIMEx_BreakCallback                0x08001be6   Section        0  stm32f1xx_hal_tim_ex.o(i.HAL_TIMEx_BreakCallback)
    i.HAL_TIMEx_CommutCallback               0x08001be8   Section        0  stm32f1xx_hal_tim_ex.o(i.HAL_TIMEx_CommutCallback)
    i.HAL_TIMEx_ConfigBreakDeadTime          0x08001bea   Section        0  stm32f1xx_hal_tim_ex.o(i.HAL_TIMEx_ConfigBreakDeadTime)
    i.HAL_TIMEx_MasterConfigSynchronization  0x08001c40   Section        0  stm32f1xx_hal_tim_ex.o(i.HAL_TIMEx_MasterConfigSynchronization)
    i.HAL_TIM_Base_Init                      0x08001ca8   Section        0  stm32f1xx_hal_tim.o(i.HAL_TIM_Base_Init)
    i.HAL_TIM_Base_MspInit                   0x08001d04   Section        0  tim.o(i.HAL_TIM_Base_MspInit)
    i.HAL_TIM_Base_Start                     0x08001d4c   Section        0  stm32f1xx_hal_tim.o(i.HAL_TIM_Base_Start)
    i.HAL_TIM_Base_Start_IT                  0x08001d9c   Section        0  stm32f1xx_hal_tim.o(i.HAL_TIM_Base_Start_IT)
    i.HAL_TIM_ConfigClockSource              0x08001df4   Section        0  stm32f1xx_hal_tim.o(i.HAL_TIM_ConfigClockSource)
    i.HAL_TIM_IC_CaptureCallback             0x08001eca   Section        0  stm32f1xx_hal_tim.o(i.HAL_TIM_IC_CaptureCallback)
    i.HAL_TIM_IRQHandler                     0x08001ecc   Section        0  stm32f1xx_hal_tim.o(i.HAL_TIM_IRQHandler)
    i.HAL_TIM_MspPostInit                    0x08002034   Section        0  tim.o(i.HAL_TIM_MspPostInit)
    i.HAL_TIM_OC_DelayElapsedCallback        0x0800209c   Section        0  stm32f1xx_hal_tim.o(i.HAL_TIM_OC_DelayElapsedCallback)
    i.HAL_TIM_PWM_ConfigChannel              0x0800209e   Section        0  stm32f1xx_hal_tim.o(i.HAL_TIM_PWM_ConfigChannel)
    i.HAL_TIM_PWM_Init                       0x08002164   Section        0  stm32f1xx_hal_tim.o(i.HAL_TIM_PWM_Init)
    i.HAL_TIM_PWM_MspInit                    0x080021be   Section        0  stm32f1xx_hal_tim.o(i.HAL_TIM_PWM_MspInit)
    i.HAL_TIM_PWM_PulseFinishedCallback      0x080021c0   Section        0  stm32f1xx_hal_tim.o(i.HAL_TIM_PWM_PulseFinishedCallback)
    i.HAL_TIM_PWM_Start                      0x080021c4   Section        0  stm32f1xx_hal_tim.o(i.HAL_TIM_PWM_Start)
    i.HAL_TIM_PeriodElapsedCallback          0x08002260   Section        0  tim.o(i.HAL_TIM_PeriodElapsedCallback)
    i.HAL_TIM_TriggerCallback                0x08002294   Section        0  stm32f1xx_hal_tim.o(i.HAL_TIM_TriggerCallback)
    i.HAL_UARTEx_RxEventCallback             0x08002296   Section        0  stm32f1xx_hal_uart.o(i.HAL_UARTEx_RxEventCallback)
    i.HAL_UART_ErrorCallback                 0x08002298   Section        0  stm32f1xx_hal_uart.o(i.HAL_UART_ErrorCallback)
    i.HAL_UART_GetState                      0x0800229a   Section        0  stm32f1xx_hal_uart.o(i.HAL_UART_GetState)
    i.HAL_UART_IRQHandler                    0x080022a4   Section        0  stm32f1xx_hal_uart.o(i.HAL_UART_IRQHandler)
    i.HAL_UART_Init                          0x080024b0   Section        0  stm32f1xx_hal_uart.o(i.HAL_UART_Init)
    i.HAL_UART_MspInit                       0x08002514   Section        0  usart.o(i.HAL_UART_MspInit)
    i.HAL_UART_Receive_IT                    0x080025a8   Section        0  stm32f1xx_hal_uart.o(i.HAL_UART_Receive_IT)
    i.HAL_UART_RxCpltCallback                0x080025d4   Section        0  usart.o(i.HAL_UART_RxCpltCallback)
    i.HAL_UART_Transmit                      0x08002650   Section        0  stm32f1xx_hal_uart.o(i.HAL_UART_Transmit)
    i.HAL_UART_TxCpltCallback                0x08002702   Section        0  stm32f1xx_hal_uart.o(i.HAL_UART_TxCpltCallback)
    i.HardFault_Handler                      0x08002704   Section        0  stm32f1xx_it.o(i.HardFault_Handler)
    i.IIC_Read_Len                           0x08002708   Section        0  bmp280.o(i.IIC_Read_Len)
    i.IIC_Write_Len                          0x08002774   Section        0  bmp280.o(i.IIC_Write_Len)
    i.MPU_Get_Accelerometer                  0x080027c6   Section        0  mpu.o(i.MPU_Get_Accelerometer)
    i.MPU_Get_Gyroscope                      0x080027f8   Section        0  mpu.o(i.MPU_Get_Gyroscope)
    i.MPU_IIC_Ack                            0x0800282c   Section        0  iic.o(i.MPU_IIC_Ack)
    i.MPU_IIC_NAck                           0x08002870   Section        0  iic.o(i.MPU_IIC_NAck)
    i.MPU_IIC_Read_Byte                      0x080028b4   Section        0  iic.o(i.MPU_IIC_Read_Byte)
    i.MPU_IIC_Send_Byte                      0x08002914   Section        0  iic.o(i.MPU_IIC_Send_Byte)
    i.MPU_IIC_Start                          0x08002970   Section        0  iic.o(i.MPU_IIC_Start)
    i.MPU_IIC_Stop                           0x080029c0   Section        0  iic.o(i.MPU_IIC_Stop)
    i.MPU_IIC_Wait_Ack                       0x08002a08   Section        0  iic.o(i.MPU_IIC_Wait_Ack)
    i.MPU_Init                               0x08002a60   Section        0  mpu.o(i.MPU_Init)
    i.MPU_Read_Byte                          0x08002b14   Section        0  mpu.o(i.MPU_Read_Byte)
    i.MPU_Read_Len                           0x08002b50   Section        0  mpu.o(i.MPU_Read_Len)
    i.MPU_Set_Accel_Fsr                      0x08002bbc   Section        0  mpu.o(i.MPU_Set_Accel_Fsr)
    i.MPU_Set_Gyro_Fsr                       0x08002bc6   Section        0  mpu.o(i.MPU_Set_Gyro_Fsr)
    i.MPU_Set_LPF                            0x08002bd0   Section        0  mpu.o(i.MPU_Set_LPF)
    i.MPU_Set_Rate                           0x08002c00   Section        0  mpu.o(i.MPU_Set_Rate)
    i.MPU_Write_Byte                         0x08002c2e   Section        0  mpu.o(i.MPU_Write_Byte)
    i.MX_GPIO_Init                           0x08002c6c   Section        0  gpio.o(i.MX_GPIO_Init)
    i.MX_SPI1_Init                           0x08002d50   Section        0  spi.o(i.MX_SPI1_Init)
    i.MX_TIM1_Init                           0x08002dc8   Section        0  tim.o(i.MX_TIM1_Init)
    i.MX_TIM2_Init                           0x08002ec4   Section        0  tim.o(i.MX_TIM2_Init)
    i.MX_USART1_UART_Init                    0x08002f7c   Section        0  usart.o(i.MX_USART1_UART_Init)
    i.MemManage_Handler                      0x08002fc0   Section        0  stm32f1xx_it.o(i.MemManage_Handler)
    i.NMI_Handler                            0x08002fc2   Section        0  stm32f1xx_it.o(i.NMI_Handler)
    i.NRF24L01_Read_Buf                      0x08002fc4   Section        0  nrf2401.o(i.NRF24L01_Read_Buf)
    i.NRF24L01_RxPacket                      0x08003040   Section        0  nrf2401.o(i.NRF24L01_RxPacket)
    i.NRF24l01_read_reg                      0x08003074   Section        0  nrf2401.o(i.NRF24l01_read_reg)
    i.NRF24l01_write_reg                     0x080030c4   Section        0  nrf2401.o(i.NRF24l01_write_reg)
    i.NRFset_Mode                            0x08003104   Section        0  nrf2401.o(i.NRFset_Mode)
    i.PendSV_Handler                         0x08003164   Section        0  stm32f1xx_it.o(i.PendSV_Handler)
    i.Remote_Data_ReceiveAnalysis            0x08003168   Section        0  nrf2401.o(i.Remote_Data_ReceiveAnalysis)
    i.SCL_OUT                                0x080031e0   Section        0  iic.o(i.SCL_OUT)
    i.SDA_IN                                 0x08003200   Section        0  iic.o(i.SDA_IN)
    i.SDA_OUT                                0x08003220   Section        0  iic.o(i.SDA_OUT)
    i.SPI_EndRxTransaction                   0x08003240   Section        0  stm32f1xx_hal_spi.o(i.SPI_EndRxTransaction)
    SPI_EndRxTransaction                     0x08003241   Thumb Code    92  stm32f1xx_hal_spi.o(i.SPI_EndRxTransaction)
    i.SPI_EndRxTxTransaction                 0x0800329c   Section        0  stm32f1xx_hal_spi.o(i.SPI_EndRxTxTransaction)
    SPI_EndRxTxTransaction                   0x0800329d   Thumb Code    32  stm32f1xx_hal_spi.o(i.SPI_EndRxTxTransaction)
    i.SPI_WaitFlagStateUntilTimeout          0x080032bc   Section        0  stm32f1xx_hal_spi.o(i.SPI_WaitFlagStateUntilTimeout)
    SPI_WaitFlagStateUntilTimeout            0x080032bd   Thumb Code   180  stm32f1xx_hal_spi.o(i.SPI_WaitFlagStateUntilTimeout)
    i.SVC_Handler                            0x08003374   Section        0  stm32f1xx_it.o(i.SVC_Handler)
    i.SysTick_Handler                        0x08003376   Section        0  stm32f1xx_it.o(i.SysTick_Handler)
    i.SystemClock_Config                     0x0800337a   Section        0  main.o(i.SystemClock_Config)
    i.SystemInit                             0x080033d4   Section        0  system_stm32f1xx.o(i.SystemInit)
    i.TIM2_IRQHandler                        0x080033d8   Section        0  stm32f1xx_it.o(i.TIM2_IRQHandler)
    i.TIM_Base_SetConfig                     0x080033e4   Section        0  stm32f1xx_hal_tim.o(i.TIM_Base_SetConfig)
    i.TIM_CCxChannelCmd                      0x08003450   Section        0  stm32f1xx_hal_tim.o(i.TIM_CCxChannelCmd)
    i.TIM_ETR_SetConfig                      0x0800346a   Section        0  stm32f1xx_hal_tim.o(i.TIM_ETR_SetConfig)
    i.TIM_ITRx_SetConfig                     0x0800347e   Section        0  stm32f1xx_hal_tim.o(i.TIM_ITRx_SetConfig)
    TIM_ITRx_SetConfig                       0x0800347f   Thumb Code    16  stm32f1xx_hal_tim.o(i.TIM_ITRx_SetConfig)
    i.TIM_OC1_SetConfig                      0x08003490   Section        0  stm32f1xx_hal_tim.o(i.TIM_OC1_SetConfig)
    TIM_OC1_SetConfig                        0x08003491   Thumb Code    74  stm32f1xx_hal_tim.o(i.TIM_OC1_SetConfig)
    i.TIM_OC2_SetConfig                      0x080034e0   Section        0  stm32f1xx_hal_tim.o(i.TIM_OC2_SetConfig)
    i.TIM_OC3_SetConfig                      0x08003538   Section        0  stm32f1xx_hal_tim.o(i.TIM_OC3_SetConfig)
    TIM_OC3_SetConfig                        0x08003539   Thumb Code    82  stm32f1xx_hal_tim.o(i.TIM_OC3_SetConfig)
    i.TIM_OC4_SetConfig                      0x08003590   Section        0  stm32f1xx_hal_tim.o(i.TIM_OC4_SetConfig)
    TIM_OC4_SetConfig                        0x08003591   Thumb Code    64  stm32f1xx_hal_tim.o(i.TIM_OC4_SetConfig)
    i.TIM_TI1_ConfigInputStage               0x080035d4   Section        0  stm32f1xx_hal_tim.o(i.TIM_TI1_ConfigInputStage)
    TIM_TI1_ConfigInputStage                 0x080035d5   Thumb Code    34  stm32f1xx_hal_tim.o(i.TIM_TI1_ConfigInputStage)
    i.TIM_TI2_ConfigInputStage               0x080035f6   Section        0  stm32f1xx_hal_tim.o(i.TIM_TI2_ConfigInputStage)
    TIM_TI2_ConfigInputStage                 0x080035f7   Thumb Code    36  stm32f1xx_hal_tim.o(i.TIM_TI2_ConfigInputStage)
    i.UART_DMAAbortOnError                   0x0800361a   Section        0  stm32f1xx_hal_uart.o(i.UART_DMAAbortOnError)
    UART_DMAAbortOnError                     0x0800361b   Thumb Code    16  stm32f1xx_hal_uart.o(i.UART_DMAAbortOnError)
    i.UART_EndRxTransfer                     0x0800362a   Section        0  stm32f1xx_hal_uart.o(i.UART_EndRxTransfer)
    UART_EndRxTransfer                       0x0800362b   Thumb Code    48  stm32f1xx_hal_uart.o(i.UART_EndRxTransfer)
    i.UART_Receive_IT                        0x0800365a   Section        0  stm32f1xx_hal_uart.o(i.UART_Receive_IT)
    UART_Receive_IT                          0x0800365b   Thumb Code   182  stm32f1xx_hal_uart.o(i.UART_Receive_IT)
    i.UART_SetConfig                         0x08003710   Section        0  stm32f1xx_hal_uart.o(i.UART_SetConfig)
    UART_SetConfig                           0x08003711   Thumb Code   178  stm32f1xx_hal_uart.o(i.UART_SetConfig)
    i.UART_Start_Receive_IT                  0x080037c8   Section        0  stm32f1xx_hal_uart.o(i.UART_Start_Receive_IT)
    i.UART_WaitOnFlagUntilTimeout            0x080037fe   Section        0  stm32f1xx_hal_uart.o(i.UART_WaitOnFlagUntilTimeout)
    UART_WaitOnFlagUntilTimeout              0x080037ff   Thumb Code   100  stm32f1xx_hal_uart.o(i.UART_WaitOnFlagUntilTimeout)
    i.USART1_IRQHandler                      0x08003864   Section        0  stm32f1xx_it.o(i.USART1_IRQHandler)
    i.UsageFault_Handler                     0x08003870   Section        0  stm32f1xx_it.o(i.UsageFault_Handler)
    i.__0printf                              0x08003874   Section        0  printfa.o(i.__0printf)
    i.__ARM_fpclassifyf                      0x08003894   Section        0  fpclassifyf.o(i.__ARM_fpclassifyf)
    i.__NVIC_SetPriority                     0x080038ba   Section        0  stm32f1xx_hal_cortex.o(i.__NVIC_SetPriority)
    __NVIC_SetPriority                       0x080038bb   Thumb Code    32  stm32f1xx_hal_cortex.o(i.__NVIC_SetPriority)
    i.__mathlib_flt_divzero                  0x080038da   Section        0  funder.o(i.__mathlib_flt_divzero)
    i.__mathlib_flt_infnan                   0x080038e4   Section        0  funder.o(i.__mathlib_flt_infnan)
    i.__mathlib_flt_infnan2                  0x080038ea   Section        0  funder.o(i.__mathlib_flt_infnan2)
    i.__mathlib_flt_invalid                  0x080038ee   Section        0  funder.o(i.__mathlib_flt_invalid)
    i.__mathlib_flt_overflow                 0x080038f6   Section        0  funder.o(i.__mathlib_flt_overflow)
    i.__mathlib_flt_underflow                0x08003900   Section        0  funder.o(i.__mathlib_flt_underflow)
    i.__scatterload_copy                     0x0800390a   Section       14  handlers.o(i.__scatterload_copy)
    i.__scatterload_null                     0x08003918   Section        2  handlers.o(i.__scatterload_null)
    i.__scatterload_zeroinit                 0x0800391a   Section       14  handlers.o(i.__scatterload_zeroinit)
    i.__set_errno                            0x08003928   Section        0  errno.o(i.__set_errno)
    i._fp_digits                             0x08003934   Section        0  printfa.o(i._fp_digits)
    _fp_digits                               0x08003935   Thumb Code   366  printfa.o(i._fp_digits)
    i._printf_core                           0x08003ab8   Section        0  printfa.o(i._printf_core)
    _printf_core                             0x08003ab9   Thumb Code  1744  printfa.o(i._printf_core)
    i._printf_post_padding                   0x08004194   Section        0  printfa.o(i._printf_post_padding)
    _printf_post_padding                     0x08004195   Thumb Code    36  printfa.o(i._printf_post_padding)
    i._printf_pre_padding                    0x080041b8   Section        0  printfa.o(i._printf_pre_padding)
    _printf_pre_padding                      0x080041b9   Thumb Code    46  printfa.o(i._printf_pre_padding)
    i.asinf                                  0x080041e8   Section        0  asinf.o(i.asinf)
    i.atan2f                                 0x0800430c   Section        0  atan2f.o(i.atan2f)
    i.bmp280CompensateP                      0x08004568   Section        0  bmp280.o(i.bmp280CompensateP)
    i.bmp280CompensateT                      0x0800469c   Section        0  bmp280.o(i.bmp280CompensateT)
    i.bmp280GetData                          0x080046d0   Section        0  bmp280.o(i.bmp280GetData)
    i.bmp280GetPressure                      0x0800473c   Section        0  bmp280.o(i.bmp280GetPressure)
    bmp280GetPressure                        0x0800473d   Thumb Code    66  bmp280.o(i.bmp280GetPressure)
    i.bmp280Init                             0x08004784   Section        0  bmp280.o(i.bmp280Init)
    i.bmp280PressureToAltitude               0x0800495c   Section        0  bmp280.o(i.bmp280PressureToAltitude)
    i.bytesToFloat                           0x08004994   Section        0  nrf2401.o(i.bytesToFloat)
    i.calBaseAcc                             0x080049ac   Section        0  imu.o(i.calBaseAcc)
    calBaseAcc                               0x080049ad   Thumb Code   172  imu.o(i.calBaseAcc)
    i.currcent_us_timestamp                  0x08004a68   Section        0  delay.o(i.currcent_us_timestamp)
    i.delay_us                               0x08004a8c   Section        0  delay.o(i.delay_us)
    i.fputc                                  0x08004aa4   Section        0  usart.o(i.fputc)
    i.imuComputeRotationMatrix               0x08004ac8   Section        0  imu.o(i.imuComputeRotationMatrix)
    i.imuUpdate                              0x08004be8   Section        0  imu.o(i.imuUpdate)
    i.invSqrt                                0x08004fe4   Section        0  maths.o(i.invSqrt)
    i.lpf2pApply                             0x08005018   Section        0  sensors.o(i.lpf2pApply)
    lpf2pApply                               0x08005019   Thumb Code   104  sensors.o(i.lpf2pApply)
    i.main                                   0x08005080   Section        0  main.o(i.main)
    i.powf                                   0x080052bc   Section        0  powf.o(i.powf)
    i.pressureFilter                         0x080058dc   Section        0  bmp280.o(i.pressureFilter)
    i.processAccScale                        0x0800599c   Section        0  sensors.o(i.processAccScale)
    processAccScale                          0x0800599d   Thumb Code   114  sensors.o(i.processAccScale)
    i.processGyroBias                        0x08005a18   Section        0  sensors.o(i.processGyroBias)
    processGyroBias                          0x08005a19   Thumb Code   126  sensors.o(i.processGyroBias)
    i.sensorsCalculateVarianceAndMean        0x08005aa0   Section        0  sensors.o(i.sensorsCalculateVarianceAndMean)
    sensorsCalculateVarianceAndMean          0x08005aa1   Thumb Code   364  sensors.o(i.sensorsCalculateVarianceAndMean)
    i.sensorsDataGet                         0x08005c0c   Section        0  sensors.o(i.sensorsDataGet)
    i.sqrtf                                  0x08005d5c   Section        0  sqrtf.o(i.sqrtf)
    i.usTickInit                             0x08005d88   Section        0  delay.o(i.usTickInit)
    .constdata                               0x08005da4   Section       16  system_stm32f1xx.o(.constdata)
    .constdata                               0x08005db4   Section        8  system_stm32f1xx.o(.constdata)
    .constdata                               0x08005dbc   Section      320  powf.o(.constdata)
    table                                    0x08005dbc   Data         128  powf.o(.constdata)
    powersof2to1over16top                    0x08005e3c   Data          64  powf.o(.constdata)
    powersof2to1over16bot                    0x08005e7c   Data          64  powf.o(.constdata)
    powersof2to1over16all                    0x08005ebc   Data          64  powf.o(.constdata)
    .data                                    0x20000000   Section        1  main.o(.data)
    .data                                    0x20000001   Section        2  usart.o(.data)
    .data                                    0x20000004   Section        4  delay.o(.data)
    .data                                    0x20000008   Section       12  stm32f1xx_hal.o(.data)
    .data                                    0x20000014   Section        4  system_stm32f1xx.o(.data)
    .data                                    0x20000018   Section       20  bmp280.o(.data)
    bmp280ID                                 0x20000018   Data           1  bmp280.o(.data)
    i                                        0x20000019   Data           1  bmp280.o(.data)
    devAddr                                  0x2000001a   Data           1  bmp280.o(.data)
    bmp280RawPressure                        0x2000001c   Data           4  bmp280.o(.data)
    bmp280RawTemperature                     0x20000020   Data           4  bmp280.o(.data)
    t                                        0x20000024   Data           4  bmp280.o(.data)
    p                                        0x20000028   Data           4  bmp280.o(.data)
    .data                                    0x2000002c   Section       64  imu.o(.data)
    cnt                                      0x2000002e   Data           2  imu.o(.data)
    q0                                       0x20000044   Data           4  imu.o(.data)
    q1                                       0x20000048   Data           4  imu.o(.data)
    q2                                       0x2000004c   Data           4  imu.o(.data)
    q3                                       0x20000050   Data           4  imu.o(.data)
    maxError                                 0x20000054   Data           4  imu.o(.data)
    accZMin                                  0x20000058   Data           4  imu.o(.data)
    accZMax                                  0x2000005c   Data           4  imu.o(.data)
    baseAcc                                  0x20000060   Data          12  imu.o(.data)
    .data                                    0x2000006c   Section       28  sensors.o(.data)
    gyroBiasFound                            0x2000006c   Data           1  sensors.o(.data)
    accBiasFound                             0x2000006d   Data           1  sensors.o(.data)
    accScaleSum                              0x20000070   Data           4  sensors.o(.data)
    accScale                                 0x20000074   Data           4  sensors.o(.data)
    accScaleSumCount                         0x20000078   Data           4  sensors.o(.data)
    gyroRaw                                  0x2000007c   Data           6  sensors.o(.data)
    accRaw                                   0x20000082   Data           6  sensors.o(.data)
    .data                                    0x20000088   Section       24  tim.o(.data)
    .data                                    0x200000a0   Section        4  stdout.o(.data)
    .data                                    0x200000a4   Section        4  errno.o(.data)
    _errno                                   0x200000a4   Data           4  errno.o(.data)
    .bss                                     0x200000a8   Section      268  usart.o(.bss)
    .bss                                     0x200001b4   Section       88  spi.o(.bss)
    .bss                                     0x2000020c   Section       64  nrf2401.o(.bss)
    .bss                                     0x2000024c   Section       46  bmp280.o(.bss)
    filter_buf                               0x2000024c   Data          20  bmp280.o(.bss)
    .bss                                     0x2000027c   Section       48  imu.o(.bss)
    sumAcc                                   0x2000027c   Data          12  imu.o(.bss)
    rMat                                     0x20000288   Data          36  imu.o(.bss)
    .bss                                     0x200002ac   Section       31  data.o(.bss)
    .bss                                     0x200002cc   Section       64  data.o(.bss)
    .bss                                     0x2000030c   Section     6392  sensors.o(.bss)
    gyroBias                                 0x20001b20   Data          12  sensors.o(.bss)
    accLpf                                   0x20001b5c   Data          84  sensors.o(.bss)
    gyroLpf                                  0x20001bb0   Data          84  sensors.o(.bss)
    .bss                                     0x20001c04   Section      144  tim.o(.bss)
    STACK                                    0x20001c98   Section     1024  startup_stm32f103xb.o(STACK)

    Global Symbols

    Symbol Name                              Value     Ov Type        Size  Object(Section)

    BuildAttributes$$THM_ISAv4$P$D$K$B$S$PE$A:L22UL41UL21$X:L11$S22US41US21$IEEE1$IW$USESV6$~STKCKD$USESV7$~SHL$OTIME$ROPI$IEEEX$EBA8$MICROLIB$REQ8$PRES8$EABIv2 0x00000000   Number         0  anon$$obj.o ABSOLUTE
    __ARM_use_no_argv                        0x00000000   Number         0  main.o ABSOLUTE
    _printf_a                                0x00000000   Number         0  stubs.o ABSOLUTE
    _printf_c                                0x00000000   Number         0  stubs.o ABSOLUTE
    _printf_charcount                        0x00000000   Number         0  stubs.o ABSOLUTE
    _printf_d                                0x00000000   Number         0  stubs.o ABSOLUTE
    _printf_e                                0x00000000   Number         0  stubs.o ABSOLUTE
    _printf_f                                0x00000000   Number         0  stubs.o ABSOLUTE
    _printf_flags                            0x00000000   Number         0  stubs.o ABSOLUTE
    _printf_fp_dec                           0x00000000   Number         0  stubs.o ABSOLUTE
    _printf_fp_hex                           0x00000000   Number         0  stubs.o ABSOLUTE
    _printf_g                                0x00000000   Number         0  stubs.o ABSOLUTE
    _printf_i                                0x00000000   Number         0  stubs.o ABSOLUTE
    _printf_int_dec                          0x00000000   Number         0  stubs.o ABSOLUTE
    _printf_l                                0x00000000   Number         0  stubs.o ABSOLUTE
    _printf_lc                               0x00000000   Number         0  stubs.o ABSOLUTE
    _printf_ll                               0x00000000   Number         0  stubs.o ABSOLUTE
    _printf_lld                              0x00000000   Number         0  stubs.o ABSOLUTE
    _printf_lli                              0x00000000   Number         0  stubs.o ABSOLUTE
    _printf_llo                              0x00000000   Number         0  stubs.o ABSOLUTE
    _printf_llu                              0x00000000   Number         0  stubs.o ABSOLUTE
    _printf_llx                              0x00000000   Number         0  stubs.o ABSOLUTE
    _printf_longlong_dec                     0x00000000   Number         0  stubs.o ABSOLUTE
    _printf_longlong_hex                     0x00000000   Number         0  stubs.o ABSOLUTE
    _printf_longlong_oct                     0x00000000   Number         0  stubs.o ABSOLUTE
    _printf_ls                               0x00000000   Number         0  stubs.o ABSOLUTE
    _printf_mbtowc                           0x00000000   Number         0  stubs.o ABSOLUTE
    _printf_n                                0x00000000   Number         0  stubs.o ABSOLUTE
    _printf_o                                0x00000000   Number         0  stubs.o ABSOLUTE
    _printf_p                                0x00000000   Number         0  stubs.o ABSOLUTE
    _printf_percent                          0x00000000   Number         0  stubs.o ABSOLUTE
    _printf_pre_padding                      0x00000000   Number         0  stubs.o ABSOLUTE
    _printf_return_value                     0x00000000   Number         0  stubs.o ABSOLUTE
    _printf_s                                0x00000000   Number         0  stubs.o ABSOLUTE
    _printf_sizespec                         0x00000000   Number         0  stubs.o ABSOLUTE
    _printf_str                              0x00000000   Number         0  stubs.o ABSOLUTE
    _printf_truncate_signed                  0x00000000   Number         0  stubs.o ABSOLUTE
    _printf_truncate_unsigned                0x00000000   Number         0  stubs.o ABSOLUTE
    _printf_u                                0x00000000   Number         0  stubs.o ABSOLUTE
    _printf_wc                               0x00000000   Number         0  stubs.o ABSOLUTE
    _printf_wctomb                           0x00000000   Number         0  stubs.o ABSOLUTE
    _printf_widthprec                        0x00000000   Number         0  stubs.o ABSOLUTE
    _printf_x                                0x00000000   Number         0  stubs.o ABSOLUTE
    __cpp_initialize__aeabi_                  - Undefined Weak Reference
    __cxa_finalize                            - Undefined Weak Reference
    __decompress                              - Undefined Weak Reference
    _clock_init                               - Undefined Weak Reference
    _microlib_exit                            - Undefined Weak Reference
    __Vectors_Size                           0x000000ec   Number         0  startup_stm32f103xb.o ABSOLUTE
    __Vectors                                0x08000000   Data           4  startup_stm32f103xb.o(RESET)
    __Vectors_End                            0x080000ec   Data           0  startup_stm32f103xb.o(RESET)
    __main                                   0x080000ed   Thumb Code     0  entry.o(.ARM.Collect$$$$00000000)
    _main_stk                                0x080000ed   Thumb Code     0  entry2.o(.ARM.Collect$$$$00000001)
    _main_scatterload                        0x080000f1   Thumb Code     0  entry5.o(.ARM.Collect$$$$00000004)
    __main_after_scatterload                 0x080000f5   Thumb Code     0  entry5.o(.ARM.Collect$$$$00000004)
    _main_clock                              0x080000f5   Thumb Code     0  entry7b.o(.ARM.Collect$$$$00000008)
    _main_cpp_init                           0x080000f5   Thumb Code     0  entry8b.o(.ARM.Collect$$$$0000000A)
    _main_init                               0x080000f5   Thumb Code     0  entry9a.o(.ARM.Collect$$$$0000000B)
    __rt_final_cpp                           0x080000fd   Thumb Code     0  entry10a.o(.ARM.Collect$$$$0000000D)
    __rt_final_exit                          0x080000fd   Thumb Code     0  entry11a.o(.ARM.Collect$$$$0000000F)
    Reset_Handler                            0x08000101   Thumb Code     8  startup_stm32f103xb.o(.text)
    ADC1_2_IRQHandler                        0x0800011b   Thumb Code     0  startup_stm32f103xb.o(.text)
    CAN1_RX1_IRQHandler                      0x0800011b   Thumb Code     0  startup_stm32f103xb.o(.text)
    CAN1_SCE_IRQHandler                      0x0800011b   Thumb Code     0  startup_stm32f103xb.o(.text)
    DMA1_Channel1_IRQHandler                 0x0800011b   Thumb Code     0  startup_stm32f103xb.o(.text)
    DMA1_Channel2_IRQHandler                 0x0800011b   Thumb Code     0  startup_stm32f103xb.o(.text)
    DMA1_Channel3_IRQHandler                 0x0800011b   Thumb Code     0  startup_stm32f103xb.o(.text)
    DMA1_Channel4_IRQHandler                 0x0800011b   Thumb Code     0  startup_stm32f103xb.o(.text)
    DMA1_Channel5_IRQHandler                 0x0800011b   Thumb Code     0  startup_stm32f103xb.o(.text)
    DMA1_Channel6_IRQHandler                 0x0800011b   Thumb Code     0  startup_stm32f103xb.o(.text)
    DMA1_Channel7_IRQHandler                 0x0800011b   Thumb Code     0  startup_stm32f103xb.o(.text)
    EXTI0_IRQHandler                         0x0800011b   Thumb Code     0  startup_stm32f103xb.o(.text)
    EXTI15_10_IRQHandler                     0x0800011b   Thumb Code     0  startup_stm32f103xb.o(.text)
    EXTI1_IRQHandler                         0x0800011b   Thumb Code     0  startup_stm32f103xb.o(.text)
    EXTI3_IRQHandler                         0x0800011b   Thumb Code     0  startup_stm32f103xb.o(.text)
    EXTI4_IRQHandler                         0x0800011b   Thumb Code     0  startup_stm32f103xb.o(.text)
    EXTI9_5_IRQHandler                       0x0800011b   Thumb Code     0  startup_stm32f103xb.o(.text)
    FLASH_IRQHandler                         0x0800011b   Thumb Code     0  startup_stm32f103xb.o(.text)
    I2C1_ER_IRQHandler                       0x0800011b   Thumb Code     0  startup_stm32f103xb.o(.text)
    I2C1_EV_IRQHandler                       0x0800011b   Thumb Code     0  startup_stm32f103xb.o(.text)
    I2C2_ER_IRQHandler                       0x0800011b   Thumb Code     0  startup_stm32f103xb.o(.text)
    I2C2_EV_IRQHandler                       0x0800011b   Thumb Code     0  startup_stm32f103xb.o(.text)
    PVD_IRQHandler                           0x0800011b   Thumb Code     0  startup_stm32f103xb.o(.text)
    RCC_IRQHandler                           0x0800011b   Thumb Code     0  startup_stm32f103xb.o(.text)
    RTC_Alarm_IRQHandler                     0x0800011b   Thumb Code     0  startup_stm32f103xb.o(.text)
    RTC_IRQHandler                           0x0800011b   Thumb Code     0  startup_stm32f103xb.o(.text)
    SPI1_IRQHandler                          0x0800011b   Thumb Code     0  startup_stm32f103xb.o(.text)
    SPI2_IRQHandler                          0x0800011b   Thumb Code     0  startup_stm32f103xb.o(.text)
    TAMPER_IRQHandler                        0x0800011b   Thumb Code     0  startup_stm32f103xb.o(.text)
    TIM1_BRK_IRQHandler                      0x0800011b   Thumb Code     0  startup_stm32f103xb.o(.text)
    TIM1_CC_IRQHandler                       0x0800011b   Thumb Code     0  startup_stm32f103xb.o(.text)
    TIM1_TRG_COM_IRQHandler                  0x0800011b   Thumb Code     0  startup_stm32f103xb.o(.text)
    TIM1_UP_IRQHandler                       0x0800011b   Thumb Code     0  startup_stm32f103xb.o(.text)
    TIM3_IRQHandler                          0x0800011b   Thumb Code     0  startup_stm32f103xb.o(.text)
    TIM4_IRQHandler                          0x0800011b   Thumb Code     0  startup_stm32f103xb.o(.text)
    USART2_IRQHandler                        0x0800011b   Thumb Code     0  startup_stm32f103xb.o(.text)
    USART3_IRQHandler                        0x0800011b   Thumb Code     0  startup_stm32f103xb.o(.text)
    USBWakeUp_IRQHandler                     0x0800011b   Thumb Code     0  startup_stm32f103xb.o(.text)
    USB_HP_CAN1_TX_IRQHandler                0x0800011b   Thumb Code     0  startup_stm32f103xb.o(.text)
    USB_LP_CAN1_RX0_IRQHandler               0x0800011b   Thumb Code     0  startup_stm32f103xb.o(.text)
    WWDG_IRQHandler                          0x0800011b   Thumb Code     0  startup_stm32f103xb.o(.text)
    __aeabi_ldivmod                          0x08000125   Thumb Code    98  ldiv.o(.text)
    __aeabi_llsr                             0x08000187   Thumb Code    32  llushr.o(.text)
    _ll_ushift_r                             0x08000187   Thumb Code     0  llushr.o(.text)
    __aeabi_memset                           0x080001a7   Thumb Code    14  memseta.o(.text)
    __aeabi_memset4                          0x080001a7   Thumb Code     0  memseta.o(.text)
    __aeabi_memset8                          0x080001a7   Thumb Code     0  memseta.o(.text)
    __aeabi_memclr                           0x080001b5   Thumb Code     4  memseta.o(.text)
    __aeabi_memclr4                          0x080001b5   Thumb Code     0  memseta.o(.text)
    __aeabi_memclr8                          0x080001b5   Thumb Code     0  memseta.o(.text)
    _memset$wrapper                          0x080001b9   Thumb Code    18  memseta.o(.text)
    __aeabi_fadd                             0x080001cb   Thumb Code   164  fadd.o(.text)
    __aeabi_fsub                             0x0800026f   Thumb Code     6  fadd.o(.text)
    __aeabi_frsub                            0x08000275   Thumb Code     6  fadd.o(.text)
    __aeabi_fmul                             0x0800027b   Thumb Code   100  fmul.o(.text)
    __aeabi_fdiv                             0x080002df   Thumb Code   124  fdiv.o(.text)
    __ARM_scalbnf                            0x0800035b   Thumb Code    24  fscalb.o(.text)
    scalbnf                                  0x0800035b   Thumb Code     0  fscalb.o(.text)
    __aeabi_dadd                             0x08000373   Thumb Code   322  dadd.o(.text)
    __aeabi_dsub                             0x080004b5   Thumb Code     6  dadd.o(.text)
    __aeabi_drsub                            0x080004bb   Thumb Code     6  dadd.o(.text)
    __aeabi_dmul                             0x080004c1   Thumb Code   228  dmul.o(.text)
    __aeabi_ddiv                             0x080005a5   Thumb Code   222  ddiv.o(.text)
    __aeabi_i2f                              0x08000683   Thumb Code    18  fflti.o(.text)
    __aeabi_ui2f                             0x08000695   Thumb Code    10  ffltui.o(.text)
    __aeabi_l2f                              0x0800069f   Thumb Code    44  ffltl.o(.text)
    __aeabi_ui2d                             0x080006cb   Thumb Code    26  dfltui.o(.text)
    __aeabi_f2iz                             0x080006e5   Thumb Code    50  ffixi.o(.text)
    __aeabi_f2uiz                            0x08000717   Thumb Code    40  ffixui.o(.text)
    __aeabi_f2d                              0x0800073f   Thumb Code    38  f2d.o(.text)
    __aeabi_d2f                              0x08000765   Thumb Code    56  d2f.o(.text)
    __aeabi_cfcmpeq                          0x0800079d   Thumb Code     0  cfcmple.o(.text)
    __aeabi_cfcmple                          0x0800079d   Thumb Code    20  cfcmple.o(.text)
    __aeabi_cfrcmple                         0x080007b1   Thumb Code    20  cfrcmple.o(.text)
    __aeabi_uidiv                            0x080007c5   Thumb Code     0  uidiv.o(.text)
    __aeabi_uidivmod                         0x080007c5   Thumb Code    44  uidiv.o(.text)
    __aeabi_uldivmod                         0x080007f1   Thumb Code    98  uldiv.o(.text)
    __aeabi_llsl                             0x08000853   Thumb Code    30  llshl.o(.text)
    _ll_shift_l                              0x08000853   Thumb Code     0  llshl.o(.text)
    __aeabi_lasr                             0x08000871   Thumb Code    36  llsshr.o(.text)
    _ll_sshift_r                             0x08000871   Thumb Code     0  llsshr.o(.text)
    __I$use$fp                               0x08000895   Thumb Code     0  iusefp.o(.text)
    _float_round                             0x08000895   Thumb Code    18  fepilogue.o(.text)
    _float_epilogue                          0x080008a7   Thumb Code    92  fepilogue.o(.text)
    _fsqrt                                   0x08000903   Thumb Code    94  fsqrt.o(.text)
    _double_round                            0x08000961   Thumb Code    30  depilogue.o(.text)
    _double_epilogue                         0x0800097f   Thumb Code   156  depilogue.o(.text)
    __aeabi_d2ulz                            0x08000a1b   Thumb Code    48  dfixul.o(.text)
    _ffix_r                                  0x08000a4b   Thumb Code    76  ffixir.o(.text)
    __aeabi_cdrcmple                         0x08000a99   Thumb Code    48  cdrcmple.o(.text)
    __fp_status                              0x08000ac9   Thumb Code     4  fpstat.o(.text)
    __ieee_status                            0x08000ac9   Thumb Code     0  fpstat.o(.text)
    __scatterload                            0x08000acd   Thumb Code    28  init.o(.text)
    __scatterload_rt2                        0x08000acd   Thumb Code     0  init.o(.text)
    BMP280_ReadTemperatureAndPressure        0x08000af1   Thumb Code   272  bmp280.o(i.BMP280_ReadTemperatureAndPressure)
    BusFault_Handler                         0x08000c11   Thumb Code     2  stm32f1xx_it.o(i.BusFault_Handler)
    DebugMon_Handler                         0x08000c13   Thumb Code     2  stm32f1xx_it.o(i.DebugMon_Handler)
    EXTI2_IRQHandler                         0x08000c15   Thumb Code   120  nrf2401.o(i.EXTI2_IRQHandler)
    Error_Handler                            0x08000c95   Thumb Code     4  main.o(i.Error_Handler)
    HAL_DMA_Abort                            0x08000c99   Thumb Code    70  stm32f1xx_hal_dma.o(i.HAL_DMA_Abort)
    HAL_DMA_Abort_IT                         0x08000ce1   Thumb Code   148  stm32f1xx_hal_dma.o(i.HAL_DMA_Abort_IT)
    HAL_Delay                                0x08000d79   Thumb Code    32  stm32f1xx_hal.o(i.HAL_Delay)
    HAL_GPIO_Init                            0x08000d9d   Thumb Code   446  stm32f1xx_hal_gpio.o(i.HAL_GPIO_Init)
    HAL_GPIO_ReadPin                         0x08000f7d   Thumb Code    10  stm32f1xx_hal_gpio.o(i.HAL_GPIO_ReadPin)
    HAL_GPIO_TogglePin                       0x08000f87   Thumb Code    16  stm32f1xx_hal_gpio.o(i.HAL_GPIO_TogglePin)
    HAL_GPIO_WritePin                        0x08000f97   Thumb Code    10  stm32f1xx_hal_gpio.o(i.HAL_GPIO_WritePin)
    HAL_GetTick                              0x08000fa1   Thumb Code     6  stm32f1xx_hal.o(i.HAL_GetTick)
    HAL_IncTick                              0x08000fad   Thumb Code    12  stm32f1xx_hal.o(i.HAL_IncTick)
    HAL_Init                                 0x08000fbd   Thumb Code    32  stm32f1xx_hal.o(i.HAL_Init)
    HAL_InitTick                             0x08000fe1   Thumb Code    54  stm32f1xx_hal.o(i.HAL_InitTick)
    HAL_MspInit                              0x08001021   Thumb Code    38  stm32f1xx_hal_msp.o(i.HAL_MspInit)
    HAL_NVIC_ClearPendingIRQ                 0x0800104d   Thumb Code    26  stm32f1xx_hal_cortex.o(i.HAL_NVIC_ClearPendingIRQ)
    HAL_NVIC_EnableIRQ                       0x08001067   Thumb Code    26  stm32f1xx_hal_cortex.o(i.HAL_NVIC_EnableIRQ)
    HAL_NVIC_SetPriority                     0x08001081   Thumb Code    60  stm32f1xx_hal_cortex.o(i.HAL_NVIC_SetPriority)
    HAL_NVIC_SetPriorityGrouping             0x080010c1   Thumb Code    26  stm32f1xx_hal_cortex.o(i.HAL_NVIC_SetPriorityGrouping)
    HAL_RCC_ClockConfig                      0x080010e5   Thumb Code   280  stm32f1xx_hal_rcc.o(i.HAL_RCC_ClockConfig)
    HAL_RCC_GetHCLKFreq                      0x08001211   Thumb Code     6  stm32f1xx_hal_rcc.o(i.HAL_RCC_GetHCLKFreq)
    HAL_RCC_GetPCLK1Freq                     0x0800121d   Thumb Code    20  stm32f1xx_hal_rcc.o(i.HAL_RCC_GetPCLK1Freq)
    HAL_RCC_GetPCLK2Freq                     0x0800123d   Thumb Code    20  stm32f1xx_hal_rcc.o(i.HAL_RCC_GetPCLK2Freq)
    HAL_RCC_GetSysClockFreq                  0x0800125d   Thumb Code    74  stm32f1xx_hal_rcc.o(i.HAL_RCC_GetSysClockFreq)
    HAL_RCC_OscConfig                        0x080012c9   Thumb Code   778  stm32f1xx_hal_rcc.o(i.HAL_RCC_OscConfig)
    HAL_SPI_Init                             0x080015e9   Thumb Code   178  stm32f1xx_hal_spi.o(i.HAL_SPI_Init)
    HAL_SPI_MspInit                          0x0800169d   Thumb Code   104  spi.o(i.HAL_SPI_MspInit)
    HAL_SPI_Receive                          0x0800171d   Thumb Code   346  stm32f1xx_hal_spi.o(i.HAL_SPI_Receive)
    HAL_SPI_Transmit                         0x08001877   Thumb Code   358  stm32f1xx_hal_spi.o(i.HAL_SPI_Transmit)
    HAL_SPI_TransmitReceive                  0x080019dd   Thumb Code   482  stm32f1xx_hal_spi.o(i.HAL_SPI_TransmitReceive)
    HAL_SYSTICK_Config                       0x08001bbf   Thumb Code    40  stm32f1xx_hal_cortex.o(i.HAL_SYSTICK_Config)
    HAL_TIMEx_BreakCallback                  0x08001be7   Thumb Code     2  stm32f1xx_hal_tim_ex.o(i.HAL_TIMEx_BreakCallback)
    HAL_TIMEx_CommutCallback                 0x08001be9   Thumb Code     2  stm32f1xx_hal_tim_ex.o(i.HAL_TIMEx_CommutCallback)
    HAL_TIMEx_ConfigBreakDeadTime            0x08001beb   Thumb Code    84  stm32f1xx_hal_tim_ex.o(i.HAL_TIMEx_ConfigBreakDeadTime)
    HAL_TIMEx_MasterConfigSynchronization    0x08001c41   Thumb Code    92  stm32f1xx_hal_tim_ex.o(i.HAL_TIMEx_MasterConfigSynchronization)
    HAL_TIM_Base_Init                        0x08001ca9   Thumb Code    90  stm32f1xx_hal_tim.o(i.HAL_TIM_Base_Init)
    HAL_TIM_Base_MspInit                     0x08001d05   Thumb Code    64  tim.o(i.HAL_TIM_Base_MspInit)
    HAL_TIM_Base_Start                       0x08001d4d   Thumb Code    66  stm32f1xx_hal_tim.o(i.HAL_TIM_Base_Start)
    HAL_TIM_Base_Start_IT                    0x08001d9d   Thumb Code    76  stm32f1xx_hal_tim.o(i.HAL_TIM_Base_Start_IT)
    HAL_TIM_ConfigClockSource                0x08001df5   Thumb Code   214  stm32f1xx_hal_tim.o(i.HAL_TIM_ConfigClockSource)
    HAL_TIM_IC_CaptureCallback               0x08001ecb   Thumb Code     2  stm32f1xx_hal_tim.o(i.HAL_TIM_IC_CaptureCallback)
    HAL_TIM_IRQHandler                       0x08001ecd   Thumb Code   358  stm32f1xx_hal_tim.o(i.HAL_TIM_IRQHandler)
    HAL_TIM_MspPostInit                      0x08002035   Thumb Code    90  tim.o(i.HAL_TIM_MspPostInit)
    HAL_TIM_OC_DelayElapsedCallback          0x0800209d   Thumb Code     2  stm32f1xx_hal_tim.o(i.HAL_TIM_OC_DelayElapsedCallback)
    HAL_TIM_PWM_ConfigChannel                0x0800209f   Thumb Code   198  stm32f1xx_hal_tim.o(i.HAL_TIM_PWM_ConfigChannel)
    HAL_TIM_PWM_Init                         0x08002165   Thumb Code    90  stm32f1xx_hal_tim.o(i.HAL_TIM_PWM_Init)
    HAL_TIM_PWM_MspInit                      0x080021bf   Thumb Code     2  stm32f1xx_hal_tim.o(i.HAL_TIM_PWM_MspInit)
    HAL_TIM_PWM_PulseFinishedCallback        0x080021c1   Thumb Code     2  stm32f1xx_hal_tim.o(i.HAL_TIM_PWM_PulseFinishedCallback)
    HAL_TIM_PWM_Start                        0x080021c5   Thumb Code   144  stm32f1xx_hal_tim.o(i.HAL_TIM_PWM_Start)
    HAL_TIM_PeriodElapsedCallback            0x08002261   Thumb Code    48  tim.o(i.HAL_TIM_PeriodElapsedCallback)
    HAL_TIM_TriggerCallback                  0x08002295   Thumb Code     2  stm32f1xx_hal_tim.o(i.HAL_TIM_TriggerCallback)
    HAL_UARTEx_RxEventCallback               0x08002297   Thumb Code     2  stm32f1xx_hal_uart.o(i.HAL_UARTEx_RxEventCallback)
    HAL_UART_ErrorCallback                   0x08002299   Thumb Code     2  stm32f1xx_hal_uart.o(i.HAL_UART_ErrorCallback)
    HAL_UART_GetState                        0x0800229b   Thumb Code    10  stm32f1xx_hal_uart.o(i.HAL_UART_GetState)
    HAL_UART_IRQHandler                      0x080022a5   Thumb Code   520  stm32f1xx_hal_uart.o(i.HAL_UART_IRQHandler)
    HAL_UART_Init                            0x080024b1   Thumb Code    98  stm32f1xx_hal_uart.o(i.HAL_UART_Init)
    HAL_UART_MspInit                         0x08002515   Thumb Code   126  usart.o(i.HAL_UART_MspInit)
    HAL_UART_Receive_IT                      0x080025a9   Thumb Code    42  stm32f1xx_hal_uart.o(i.HAL_UART_Receive_IT)
    HAL_UART_RxCpltCallback                  0x080025d5   Thumb Code   104  usart.o(i.HAL_UART_RxCpltCallback)
    HAL_UART_Transmit                        0x08002651   Thumb Code   178  stm32f1xx_hal_uart.o(i.HAL_UART_Transmit)
    HAL_UART_TxCpltCallback                  0x08002703   Thumb Code     2  stm32f1xx_hal_uart.o(i.HAL_UART_TxCpltCallback)
    HardFault_Handler                        0x08002705   Thumb Code     2  stm32f1xx_it.o(i.HardFault_Handler)
    IIC_Read_Len                             0x08002709   Thumb Code   108  bmp280.o(i.IIC_Read_Len)
    IIC_Write_Len                            0x08002775   Thumb Code    82  bmp280.o(i.IIC_Write_Len)
    MPU_Get_Accelerometer                    0x080027c7   Thumb Code    50  mpu.o(i.MPU_Get_Accelerometer)
    MPU_Get_Gyroscope                        0x080027f9   Thumb Code    50  mpu.o(i.MPU_Get_Gyroscope)
    MPU_IIC_Ack                              0x0800282d   Thumb Code    64  iic.o(i.MPU_IIC_Ack)
    MPU_IIC_NAck                             0x08002871   Thumb Code    64  iic.o(i.MPU_IIC_NAck)
    MPU_IIC_Read_Byte                        0x080028b5   Thumb Code    92  iic.o(i.MPU_IIC_Read_Byte)
    MPU_IIC_Send_Byte                        0x08002915   Thumb Code    86  iic.o(i.MPU_IIC_Send_Byte)
    MPU_IIC_Start                            0x08002971   Thumb Code    74  iic.o(i.MPU_IIC_Start)
    MPU_IIC_Stop                             0x080029c1   Thumb Code    68  iic.o(i.MPU_IIC_Stop)
    MPU_IIC_Wait_Ack                         0x08002a09   Thumb Code    84  iic.o(i.MPU_IIC_Wait_Ack)
    MPU_Init                                 0x08002a61   Thumb Code   138  mpu.o(i.MPU_Init)
    MPU_Read_Byte                            0x08002b15   Thumb Code    58  mpu.o(i.MPU_Read_Byte)
    MPU_Read_Len                             0x08002b51   Thumb Code   108  mpu.o(i.MPU_Read_Len)
    MPU_Set_Accel_Fsr                        0x08002bbd   Thumb Code    10  mpu.o(i.MPU_Set_Accel_Fsr)
    MPU_Set_Gyro_Fsr                         0x08002bc7   Thumb Code    10  mpu.o(i.MPU_Set_Gyro_Fsr)
    MPU_Set_LPF                              0x08002bd1   Thumb Code    48  mpu.o(i.MPU_Set_LPF)
    MPU_Set_Rate                             0x08002c01   Thumb Code    46  mpu.o(i.MPU_Set_Rate)
    MPU_Write_Byte                           0x08002c2f   Thumb Code    60  mpu.o(i.MPU_Write_Byte)
    MX_GPIO_Init                             0x08002c6d   Thumb Code   214  gpio.o(i.MX_GPIO_Init)
    MX_SPI1_Init                             0x08002d51   Thumb Code    70  spi.o(i.MX_SPI1_Init)
    MX_TIM1_Init                             0x08002dc9   Thumb Code   242  tim.o(i.MX_TIM1_Init)
    MX_TIM2_Init                             0x08002ec5   Thumb Code   178  tim.o(i.MX_TIM2_Init)
    MX_USART1_UART_Init                      0x08002f7d   Thumb Code    54  usart.o(i.MX_USART1_UART_Init)
    MemManage_Handler                        0x08002fc1   Thumb Code     2  stm32f1xx_it.o(i.MemManage_Handler)
    NMI_Handler                              0x08002fc3   Thumb Code     2  stm32f1xx_it.o(i.NMI_Handler)
    NRF24L01_Read_Buf                        0x08002fc5   Thumb Code    94  nrf2401.o(i.NRF24L01_Read_Buf)
    NRF24L01_RxPacket                        0x08003041   Thumb Code    48  nrf2401.o(i.NRF24L01_RxPacket)
    NRF24l01_read_reg                        0x08003075   Thumb Code    70  nrf2401.o(i.NRF24l01_read_reg)
    NRF24l01_write_reg                       0x080030c5   Thumb Code    56  nrf2401.o(i.NRF24l01_write_reg)
    NRFset_Mode                              0x08003105   Thumb Code    92  nrf2401.o(i.NRFset_Mode)
    PendSV_Handler                           0x08003165   Thumb Code     2  stm32f1xx_it.o(i.PendSV_Handler)
    Remote_Data_ReceiveAnalysis              0x08003169   Thumb Code   110  nrf2401.o(i.Remote_Data_ReceiveAnalysis)
    SCL_OUT                                  0x080031e1   Thumb Code    26  iic.o(i.SCL_OUT)
    SDA_IN                                   0x08003201   Thumb Code    28  iic.o(i.SDA_IN)
    SDA_OUT                                  0x08003221   Thumb Code    26  iic.o(i.SDA_OUT)
    SVC_Handler                              0x08003375   Thumb Code     2  stm32f1xx_it.o(i.SVC_Handler)
    SysTick_Handler                          0x08003377   Thumb Code     4  stm32f1xx_it.o(i.SysTick_Handler)
    SystemClock_Config                       0x0800337b   Thumb Code    90  main.o(i.SystemClock_Config)
    SystemInit                               0x080033d5   Thumb Code     2  system_stm32f1xx.o(i.SystemInit)
    TIM2_IRQHandler                          0x080033d9   Thumb Code     6  stm32f1xx_it.o(i.TIM2_IRQHandler)
    TIM_Base_SetConfig                       0x080033e5   Thumb Code    94  stm32f1xx_hal_tim.o(i.TIM_Base_SetConfig)
    TIM_CCxChannelCmd                        0x08003451   Thumb Code    26  stm32f1xx_hal_tim.o(i.TIM_CCxChannelCmd)
    TIM_ETR_SetConfig                        0x0800346b   Thumb Code    20  stm32f1xx_hal_tim.o(i.TIM_ETR_SetConfig)
    TIM_OC2_SetConfig                        0x080034e1   Thumb Code    84  stm32f1xx_hal_tim.o(i.TIM_OC2_SetConfig)
    UART_Start_Receive_IT                    0x080037c9   Thumb Code    54  stm32f1xx_hal_uart.o(i.UART_Start_Receive_IT)
    USART1_IRQHandler                        0x08003865   Thumb Code     6  stm32f1xx_it.o(i.USART1_IRQHandler)
    UsageFault_Handler                       0x08003871   Thumb Code     2  stm32f1xx_it.o(i.UsageFault_Handler)
    __0printf                                0x08003875   Thumb Code    22  printfa.o(i.__0printf)
    __1printf                                0x08003875   Thumb Code     0  printfa.o(i.__0printf)
    __2printf                                0x08003875   Thumb Code     0  printfa.o(i.__0printf)
    __c89printf                              0x08003875   Thumb Code     0  printfa.o(i.__0printf)
    printf                                   0x08003875   Thumb Code     0  printfa.o(i.__0printf)
    __ARM_fpclassifyf                        0x08003895   Thumb Code    38  fpclassifyf.o(i.__ARM_fpclassifyf)
    __mathlib_flt_divzero                    0x080038db   Thumb Code    10  funder.o(i.__mathlib_flt_divzero)
    __mathlib_flt_infnan                     0x080038e5   Thumb Code     6  funder.o(i.__mathlib_flt_infnan)
    __mathlib_flt_infnan2                    0x080038eb   Thumb Code     4  funder.o(i.__mathlib_flt_infnan2)
    __mathlib_flt_invalid                    0x080038ef   Thumb Code     8  funder.o(i.__mathlib_flt_invalid)
    __mathlib_flt_overflow                   0x080038f7   Thumb Code    10  funder.o(i.__mathlib_flt_overflow)
    __mathlib_flt_underflow                  0x08003901   Thumb Code    10  funder.o(i.__mathlib_flt_underflow)
    __scatterload_copy                       0x0800390b   Thumb Code    14  handlers.o(i.__scatterload_copy)
    __scatterload_null                       0x08003919   Thumb Code     2  handlers.o(i.__scatterload_null)
    __scatterload_zeroinit                   0x0800391b   Thumb Code    14  handlers.o(i.__scatterload_zeroinit)
    __set_errno                              0x08003929   Thumb Code     6  errno.o(i.__set_errno)
    asinf                                    0x080041e9   Thumb Code   254  asinf.o(i.asinf)
    atan2f                                   0x0800430d   Thumb Code   528  atan2f.o(i.atan2f)
    bmp280CompensateP                        0x08004569   Thumb Code   300  bmp280.o(i.bmp280CompensateP)
    bmp280CompensateT                        0x0800469d   Thumb Code    48  bmp280.o(i.bmp280CompensateT)
    bmp280GetData                            0x080046d1   Thumb Code    94  bmp280.o(i.bmp280GetData)
    bmp280Init                               0x08004785   Thumb Code   236  bmp280.o(i.bmp280Init)
    bmp280PressureToAltitude                 0x0800495d   Thumb Code    44  bmp280.o(i.bmp280PressureToAltitude)
    bytesToFloat                             0x08004995   Thumb Code    22  nrf2401.o(i.bytesToFloat)
    currcent_us_timestamp                    0x08004a69   Thumb Code    30  delay.o(i.currcent_us_timestamp)
    delay_us                                 0x08004a8d   Thumb Code    24  delay.o(i.delay_us)
    fputc                                    0x08004aa5   Thumb Code    30  usart.o(i.fputc)
    imuComputeRotationMatrix                 0x08004ac9   Thumb Code   280  imu.o(i.imuComputeRotationMatrix)
    imuUpdate                                0x08004be9   Thumb Code   998  imu.o(i.imuUpdate)
    invSqrt                                  0x08004fe5   Thumb Code    48  maths.o(i.invSqrt)
    main                                     0x08005081   Thumb Code   428  main.o(i.main)
    __mathlib_powf                           0x080052bd   Thumb Code     0  powf.o(i.powf)
    powf                                     0x080052bd   Thumb Code  1548  powf.o(i.powf)
    pressureFilter                           0x080058dd   Thumb Code   174  bmp280.o(i.pressureFilter)
    sensorsDataGet                           0x08005c0d   Thumb Code   326  sensors.o(i.sensorsDataGet)
    sqrtf                                    0x08005d5d   Thumb Code    44  sqrtf.o(i.sqrtf)
    usTickInit                               0x08005d89   Thumb Code    18  delay.o(i.usTickInit)
    AHBPrescTable                            0x08005da4   Data          16  system_stm32f1xx.o(.constdata)
    APBPrescTable                            0x08005db4   Data           8  system_stm32f1xx.o(.constdata)
    Region$$Table$$Base                      0x08005efc   Number         0  anon$$obj.o(Region$$Table)
    Region$$Table$$Limit                     0x08005f1c   Number         0  anon$$obj.o(Region$$Table)
    SENSER_OFFSET_FLAG                       0x20000000   Data           1  main.o(.data)
    bufferIndex                              0x20000001   Data           1  usart.o(.data)
    irq_buffer                               0x20000002   Data           1  usart.o(.data)
    usTick                                   0x20000004   Data           4  delay.o(.data)
    uwTickFreq                               0x20000008   Data           1  stm32f1xx_hal.o(.data)
    uwTickPrio                               0x2000000c   Data           4  stm32f1xx_hal.o(.data)
    uwTick                                   0x20000010   Data           4  stm32f1xx_hal.o(.data)
    SystemCoreClock                          0x20000014   Data           4  system_stm32f1xx.o(.data)
    isGravityCalibrated                      0x2000002c   Data           1  imu.o(.data)
    Kp                                       0x20000030   Data           4  imu.o(.data)
    Ki                                       0x20000034   Data           4  imu.o(.data)
    exInt                                    0x20000038   Data           4  imu.o(.data)
    eyInt                                    0x2000003c   Data           4  imu.o(.data)
    ezInt                                    0x20000040   Data           4  imu.o(.data)
    counter                                  0x20000088   Data           4  tim.o(.data)
    counter_2ms                              0x2000008c   Data           4  tim.o(.data)
    counter_5ms                              0x20000090   Data           4  tim.o(.data)
    counter_10ms                             0x20000094   Data           4  tim.o(.data)
    counter_20ms                             0x20000098   Data           4  tim.o(.data)
    counter_50ms                             0x2000009c   Data           4  tim.o(.data)
    __stdout                                 0x200000a0   Data           4  stdout.o(.data)
    buffer                                   0x200000a8   Data         200  usart.o(.bss)
    huart1                                   0x20000170   Data          68  usart.o(.bss)
    hspi1                                    0x200001b4   Data          88  spi.o(.bss)
    NRF_TX_DATA                              0x2000020c   Data          32  nrf2401.o(.bss)
    NRF_RX_DATA                              0x2000022c   Data          32  nrf2401.o(.bss)
    bmp280Cal                                0x20000260   Data          26  bmp280.o(.bss)
    remoter                                  0x200002ac   Data          31  data.o(.bss)
    self                                     0x200002cc   Data          64  data.o(.bss)
    gyroBiasRunning                          0x2000030c   Data        6164  sensors.o(.bss)
    sensors                                  0x20001b2c   Data          48  sensors.o(.bss)
    htim1                                    0x20001c04   Data          72  tim.o(.bss)
    htim2                                    0x20001c4c   Data          72  tim.o(.bss)
    __initial_sp                             0x20002098   Data           0  startup_stm32f103xb.o(STACK)



==============================================================================

Memory Map of the image

  Image Entry point : 0x080000ed

  Load Region LR_IROM1 (Base: 0x08000000, Size: 0x00005fc4, Max: 0x00010000, ABSOLUTE)

    Execution Region ER_IROM1 (Exec base: 0x08000000, Load base: 0x08000000, Size: 0x00005f1c, Max: 0x00010000, ABSOLUTE)

    Exec Addr    Load Addr    Size         Type   Attr      Idx    E Section Name        Object

    0x08000000   0x08000000   0x000000ec   Data   RO            3    RESET               startup_stm32f103xb.o
    0x080000ec   0x080000ec   0x00000000   Code   RO         5316  * .ARM.Collect$$$$00000000  mc_w.l(entry.o)
    0x080000ec   0x080000ec   0x00000004   Code   RO         5690    .ARM.Collect$$$$00000001  mc_w.l(entry2.o)
    0x080000f0   0x080000f0   0x00000004   Code   RO         5693    .ARM.Collect$$$$00000004  mc_w.l(entry5.o)
    0x080000f4   0x080000f4   0x00000000   Code   RO         5695    .ARM.Collect$$$$00000008  mc_w.l(entry7b.o)
    0x080000f4   0x080000f4   0x00000000   Code   RO         5697    .ARM.Collect$$$$0000000A  mc_w.l(entry8b.o)
    0x080000f4   0x080000f4   0x00000008   Code   RO         5698    .ARM.Collect$$$$0000000B  mc_w.l(entry9a.o)
    0x080000fc   0x080000fc   0x00000000   Code   RO         5700    .ARM.Collect$$$$0000000D  mc_w.l(entry10a.o)
    0x080000fc   0x080000fc   0x00000000   Code   RO         5702    .ARM.Collect$$$$0000000F  mc_w.l(entry11a.o)
    0x080000fc   0x080000fc   0x00000004   Code   RO         5691    .ARM.Collect$$$$00002712  mc_w.l(entry2.o)
    0x08000100   0x08000100   0x00000024   Code   RO            4    .text               startup_stm32f103xb.o
    0x08000124   0x08000124   0x00000062   Code   RO         5319    .text               mc_w.l(ldiv.o)
    0x08000186   0x08000186   0x00000020   Code   RO         5321    .text               mc_w.l(llushr.o)
    0x080001a6   0x080001a6   0x00000024   Code   RO         5325    .text               mc_w.l(memseta.o)
    0x080001ca   0x080001ca   0x000000b0   Code   RO         5592    .text               mf_w.l(fadd.o)
    0x0800027a   0x0800027a   0x00000064   Code   RO         5594    .text               mf_w.l(fmul.o)
    0x080002de   0x080002de   0x0000007c   Code   RO         5596    .text               mf_w.l(fdiv.o)
    0x0800035a   0x0800035a   0x00000018   Code   RO         5598    .text               mf_w.l(fscalb.o)
    0x08000372   0x08000372   0x0000014e   Code   RO         5600    .text               mf_w.l(dadd.o)
    0x080004c0   0x080004c0   0x000000e4   Code   RO         5602    .text               mf_w.l(dmul.o)
    0x080005a4   0x080005a4   0x000000de   Code   RO         5604    .text               mf_w.l(ddiv.o)
    0x08000682   0x08000682   0x00000012   Code   RO         5608    .text               mf_w.l(fflti.o)
    0x08000694   0x08000694   0x0000000a   Code   RO         5610    .text               mf_w.l(ffltui.o)
    0x0800069e   0x0800069e   0x0000002c   Code   RO         5612    .text               mf_w.l(ffltl.o)
    0x080006ca   0x080006ca   0x0000001a   Code   RO         5616    .text               mf_w.l(dfltui.o)
    0x080006e4   0x080006e4   0x00000032   Code   RO         5618    .text               mf_w.l(ffixi.o)
    0x08000716   0x08000716   0x00000028   Code   RO         5620    .text               mf_w.l(ffixui.o)
    0x0800073e   0x0800073e   0x00000026   Code   RO         5626    .text               mf_w.l(f2d.o)
    0x08000764   0x08000764   0x00000038   Code   RO         5628    .text               mf_w.l(d2f.o)
    0x0800079c   0x0800079c   0x00000014   Code   RO         5630    .text               mf_w.l(cfcmple.o)
    0x080007b0   0x080007b0   0x00000014   Code   RO         5632    .text               mf_w.l(cfrcmple.o)
    0x080007c4   0x080007c4   0x0000002c   Code   RO         5705    .text               mc_w.l(uidiv.o)
    0x080007f0   0x080007f0   0x00000062   Code   RO         5707    .text               mc_w.l(uldiv.o)
    0x08000852   0x08000852   0x0000001e   Code   RO         5709    .text               mc_w.l(llshl.o)
    0x08000870   0x08000870   0x00000024   Code   RO         5711    .text               mc_w.l(llsshr.o)
    0x08000894   0x08000894   0x00000000   Code   RO         5720    .text               mc_w.l(iusefp.o)
    0x08000894   0x08000894   0x0000006e   Code   RO         5721    .text               mf_w.l(fepilogue.o)
    0x08000902   0x08000902   0x0000005e   Code   RO         5723    .text               mf_w.l(fsqrt.o)
    0x08000960   0x08000960   0x000000ba   Code   RO         5727    .text               mf_w.l(depilogue.o)
    0x08000a1a   0x08000a1a   0x00000030   Code   RO         5729    .text               mf_w.l(dfixul.o)
    0x08000a4a   0x08000a4a   0x0000004c   Code   RO         5731    .text               mf_w.l(ffixir.o)
    0x08000a96   0x08000a96   0x00000002   PAD
    0x08000a98   0x08000a98   0x00000030   Code   RO         5733    .text               mf_w.l(cdrcmple.o)
    0x08000ac8   0x08000ac8   0x00000004   Code   RO         5735    .text               mf_w.l(fpstat.o)
    0x08000acc   0x08000acc   0x00000024   Code   RO         5737    .text               mc_w.l(init.o)
    0x08000af0   0x08000af0   0x00000120   Code   RO         3646    i.BMP280_ReadTemperatureAndPressure  bmp280.o
    0x08000c10   0x08000c10   0x00000002   Code   RO          304    i.BusFault_Handler  stm32f1xx_it.o
    0x08000c12   0x08000c12   0x00000002   Code   RO          305    i.DebugMon_Handler  stm32f1xx_it.o
    0x08000c14   0x08000c14   0x00000080   Code   RO         3521    i.EXTI2_IRQHandler  nrf2401.o
    0x08000c94   0x08000c94   0x00000004   Code   RO           13    i.Error_Handler     main.o
    0x08000c98   0x08000c98   0x00000046   Code   RO         2208    i.HAL_DMA_Abort     stm32f1xx_hal_dma.o
    0x08000cde   0x08000cde   0x00000002   PAD
    0x08000ce0   0x08000ce0   0x00000098   Code   RO         2209    i.HAL_DMA_Abort_IT  stm32f1xx_hal_dma.o
    0x08000d78   0x08000d78   0x00000024   Code   RO         1836    i.HAL_Delay         stm32f1xx_hal.o
    0x08000d9c   0x08000d9c   0x000001e0   Code   RO         2144    i.HAL_GPIO_Init     stm32f1xx_hal_gpio.o
    0x08000f7c   0x08000f7c   0x0000000a   Code   RO         2146    i.HAL_GPIO_ReadPin  stm32f1xx_hal_gpio.o
    0x08000f86   0x08000f86   0x00000010   Code   RO         2147    i.HAL_GPIO_TogglePin  stm32f1xx_hal_gpio.o
    0x08000f96   0x08000f96   0x0000000a   Code   RO         2148    i.HAL_GPIO_WritePin  stm32f1xx_hal_gpio.o
    0x08000fa0   0x08000fa0   0x0000000c   Code   RO         1840    i.HAL_GetTick       stm32f1xx_hal.o
    0x08000fac   0x08000fac   0x00000010   Code   RO         1846    i.HAL_IncTick       stm32f1xx_hal.o
    0x08000fbc   0x08000fbc   0x00000024   Code   RO         1847    i.HAL_Init          stm32f1xx_hal.o
    0x08000fe0   0x08000fe0   0x00000040   Code   RO         1848    i.HAL_InitTick      stm32f1xx_hal.o
    0x08001020   0x08001020   0x0000002c   Code   RO          397    i.HAL_MspInit       stm32f1xx_hal_msp.o
    0x0800104c   0x0800104c   0x0000001a   Code   RO         2302    i.HAL_NVIC_ClearPendingIRQ  stm32f1xx_hal_cortex.o
    0x08001066   0x08001066   0x0000001a   Code   RO         2304    i.HAL_NVIC_EnableIRQ  stm32f1xx_hal_cortex.o
    0x08001080   0x08001080   0x00000040   Code   RO         2310    i.HAL_NVIC_SetPriority  stm32f1xx_hal_cortex.o
    0x080010c0   0x080010c0   0x00000024   Code   RO         2311    i.HAL_NVIC_SetPriorityGrouping  stm32f1xx_hal_cortex.o
    0x080010e4   0x080010e4   0x0000012c   Code   RO         2004    i.HAL_RCC_ClockConfig  stm32f1xx_hal_rcc.o
    0x08001210   0x08001210   0x0000000c   Code   RO         2009    i.HAL_RCC_GetHCLKFreq  stm32f1xx_hal_rcc.o
    0x0800121c   0x0800121c   0x00000020   Code   RO         2011    i.HAL_RCC_GetPCLK1Freq  stm32f1xx_hal_rcc.o
    0x0800123c   0x0800123c   0x00000020   Code   RO         2012    i.HAL_RCC_GetPCLK2Freq  stm32f1xx_hal_rcc.o
    0x0800125c   0x0800125c   0x0000006c   Code   RO         2013    i.HAL_RCC_GetSysClockFreq  stm32f1xx_hal_rcc.o
    0x080012c8   0x080012c8   0x00000320   Code   RO         2016    i.HAL_RCC_OscConfig  stm32f1xx_hal_rcc.o
    0x080015e8   0x080015e8   0x000000b2   Code   RO         2815    i.HAL_SPI_Init      stm32f1xx_hal_spi.o
    0x0800169a   0x0800169a   0x00000002   PAD
    0x0800169c   0x0800169c   0x00000080   Code   RO         3165    i.HAL_SPI_MspInit   spi.o
    0x0800171c   0x0800171c   0x0000015a   Code   RO         2818    i.HAL_SPI_Receive   stm32f1xx_hal_spi.o
    0x08001876   0x08001876   0x00000166   Code   RO         2823    i.HAL_SPI_Transmit  stm32f1xx_hal_spi.o
    0x080019dc   0x080019dc   0x000001e2   Code   RO         2824    i.HAL_SPI_TransmitReceive  stm32f1xx_hal_spi.o
    0x08001bbe   0x08001bbe   0x00000028   Code   RO         2315    i.HAL_SYSTICK_Config  stm32f1xx_hal_cortex.o
    0x08001be6   0x08001be6   0x00000002   Code   RO         1205    i.HAL_TIMEx_BreakCallback  stm32f1xx_hal_tim_ex.o
    0x08001be8   0x08001be8   0x00000002   Code   RO         1206    i.HAL_TIMEx_CommutCallback  stm32f1xx_hal_tim_ex.o
    0x08001bea   0x08001bea   0x00000054   Code   RO         1208    i.HAL_TIMEx_ConfigBreakDeadTime  stm32f1xx_hal_tim_ex.o
    0x08001c3e   0x08001c3e   0x00000002   PAD
    0x08001c40   0x08001c40   0x00000068   Code   RO         1224    i.HAL_TIMEx_MasterConfigSynchronization  stm32f1xx_hal_tim_ex.o
    0x08001ca8   0x08001ca8   0x0000005a   Code   RO          501    i.HAL_TIM_Base_Init  stm32f1xx_hal_tim.o
    0x08001d02   0x08001d02   0x00000002   PAD
    0x08001d04   0x08001d04   0x00000048   Code   RO         5183    i.HAL_TIM_Base_MspInit  tim.o
    0x08001d4c   0x08001d4c   0x00000050   Code   RO          504    i.HAL_TIM_Base_Start  stm32f1xx_hal_tim.o
    0x08001d9c   0x08001d9c   0x00000058   Code   RO          506    i.HAL_TIM_Base_Start_IT  stm32f1xx_hal_tim.o
    0x08001df4   0x08001df4   0x000000d6   Code   RO          510    i.HAL_TIM_ConfigClockSource  stm32f1xx_hal_tim.o
    0x08001eca   0x08001eca   0x00000002   Code   RO          535    i.HAL_TIM_IC_CaptureCallback  stm32f1xx_hal_tim.o
    0x08001ecc   0x08001ecc   0x00000166   Code   RO          549    i.HAL_TIM_IRQHandler  stm32f1xx_hal_tim.o
    0x08002032   0x08002032   0x00000002   PAD
    0x08002034   0x08002034   0x00000068   Code   RO         5184    i.HAL_TIM_MspPostInit  tim.o
    0x0800209c   0x0800209c   0x00000002   Code   RO          552    i.HAL_TIM_OC_DelayElapsedCallback  stm32f1xx_hal_tim.o
    0x0800209e   0x0800209e   0x000000c6   Code   RO          573    i.HAL_TIM_PWM_ConfigChannel  stm32f1xx_hal_tim.o
    0x08002164   0x08002164   0x0000005a   Code   RO          576    i.HAL_TIM_PWM_Init  stm32f1xx_hal_tim.o
    0x080021be   0x080021be   0x00000002   Code   RO          578    i.HAL_TIM_PWM_MspInit  stm32f1xx_hal_tim.o
    0x080021c0   0x080021c0   0x00000002   Code   RO          579    i.HAL_TIM_PWM_PulseFinishedCallback  stm32f1xx_hal_tim.o
    0x080021c2   0x080021c2   0x00000002   PAD
    0x080021c4   0x080021c4   0x0000009c   Code   RO          581    i.HAL_TIM_PWM_Start  stm32f1xx_hal_tim.o
    0x08002260   0x08002260   0x00000034   Code   RO         5185    i.HAL_TIM_PeriodElapsedCallback  tim.o
    0x08002294   0x08002294   0x00000002   Code   RO          592    i.HAL_TIM_TriggerCallback  stm32f1xx_hal_tim.o
    0x08002296   0x08002296   0x00000002   Code   RO         1483    i.HAL_UARTEx_RxEventCallback  stm32f1xx_hal_uart.o
    0x08002298   0x08002298   0x00000002   Code   RO         1497    i.HAL_UART_ErrorCallback  stm32f1xx_hal_uart.o
    0x0800229a   0x0800229a   0x0000000a   Code   RO         1499    i.HAL_UART_GetState  stm32f1xx_hal_uart.o
    0x080022a4   0x080022a4   0x0000020c   Code   RO         1500    i.HAL_UART_IRQHandler  stm32f1xx_hal_uart.o
    0x080024b0   0x080024b0   0x00000062   Code   RO         1501    i.HAL_UART_Init     stm32f1xx_hal_uart.o
    0x08002512   0x08002512   0x00000002   PAD
    0x08002514   0x08002514   0x00000094   Code   RO          250    i.HAL_UART_MspInit  usart.o
    0x080025a8   0x080025a8   0x0000002a   Code   RO         1506    i.HAL_UART_Receive_IT  stm32f1xx_hal_uart.o
    0x080025d2   0x080025d2   0x00000002   PAD
    0x080025d4   0x080025d4   0x0000007c   Code   RO          251    i.HAL_UART_RxCpltCallback  usart.o
    0x08002650   0x08002650   0x000000b2   Code   RO         1509    i.HAL_UART_Transmit  stm32f1xx_hal_uart.o
    0x08002702   0x08002702   0x00000002   Code   RO         1512    i.HAL_UART_TxCpltCallback  stm32f1xx_hal_uart.o
    0x08002704   0x08002704   0x00000002   Code   RO          306    i.HardFault_Handler  stm32f1xx_it.o
    0x08002706   0x08002706   0x00000002   PAD
    0x08002708   0x08002708   0x0000006c   Code   RO         3648    i.IIC_Read_Len      bmp280.o
    0x08002774   0x08002774   0x00000052   Code   RO         3649    i.IIC_Write_Len     bmp280.o
    0x080027c6   0x080027c6   0x00000032   Code   RO         3308    i.MPU_Get_Accelerometer  mpu.o
    0x080027f8   0x080027f8   0x00000032   Code   RO         3309    i.MPU_Get_Gyroscope  mpu.o
    0x0800282a   0x0800282a   0x00000002   PAD
    0x0800282c   0x0800282c   0x00000044   Code   RO         3218    i.MPU_IIC_Ack       iic.o
    0x08002870   0x08002870   0x00000044   Code   RO         3220    i.MPU_IIC_NAck      iic.o
    0x080028b4   0x080028b4   0x00000060   Code   RO         3221    i.MPU_IIC_Read_Byte  iic.o
    0x08002914   0x08002914   0x0000005c   Code   RO         3222    i.MPU_IIC_Send_Byte  iic.o
    0x08002970   0x08002970   0x00000050   Code   RO         3223    i.MPU_IIC_Start     iic.o
    0x080029c0   0x080029c0   0x00000048   Code   RO         3224    i.MPU_IIC_Stop      iic.o
    0x08002a08   0x08002a08   0x00000058   Code   RO         3225    i.MPU_IIC_Wait_Ack  iic.o
    0x08002a60   0x08002a60   0x000000b4   Code   RO         3311    i.MPU_Init          mpu.o
    0x08002b14   0x08002b14   0x0000003a   Code   RO         3312    i.MPU_Read_Byte     mpu.o
    0x08002b4e   0x08002b4e   0x00000002   PAD
    0x08002b50   0x08002b50   0x0000006c   Code   RO         3313    i.MPU_Read_Len      mpu.o
    0x08002bbc   0x08002bbc   0x0000000a   Code   RO         3314    i.MPU_Set_Accel_Fsr  mpu.o
    0x08002bc6   0x08002bc6   0x0000000a   Code   RO         3315    i.MPU_Set_Gyro_Fsr  mpu.o
    0x08002bd0   0x08002bd0   0x00000030   Code   RO         3316    i.MPU_Set_LPF       mpu.o
    0x08002c00   0x08002c00   0x0000002e   Code   RO         3317    i.MPU_Set_Rate      mpu.o
    0x08002c2e   0x08002c2e   0x0000003c   Code   RO         3318    i.MPU_Write_Byte    mpu.o
    0x08002c6a   0x08002c6a   0x00000002   PAD
    0x08002c6c   0x08002c6c   0x000000e4   Code   RO          221    i.MX_GPIO_Init      gpio.o
    0x08002d50   0x08002d50   0x00000078   Code   RO         3166    i.MX_SPI1_Init      spi.o
    0x08002dc8   0x08002dc8   0x000000fc   Code   RO         5186    i.MX_TIM1_Init      tim.o
    0x08002ec4   0x08002ec4   0x000000b8   Code   RO         5187    i.MX_TIM2_Init      tim.o
    0x08002f7c   0x08002f7c   0x00000044   Code   RO          252    i.MX_USART1_UART_Init  usart.o
    0x08002fc0   0x08002fc0   0x00000002   Code   RO          307    i.MemManage_Handler  stm32f1xx_it.o
    0x08002fc2   0x08002fc2   0x00000002   Code   RO          308    i.NMI_Handler       stm32f1xx_it.o
    0x08002fc4   0x08002fc4   0x0000007c   Code   RO         3524    i.NRF24L01_Read_Buf  nrf2401.o
    0x08003040   0x08003040   0x00000034   Code   RO         3525    i.NRF24L01_RxPacket  nrf2401.o
    0x08003074   0x08003074   0x00000050   Code   RO         3530    i.NRF24l01_read_reg  nrf2401.o
    0x080030c4   0x080030c4   0x00000040   Code   RO         3531    i.NRF24l01_write_reg  nrf2401.o
    0x08003104   0x08003104   0x00000060   Code   RO         3533    i.NRFset_Mode       nrf2401.o
    0x08003164   0x08003164   0x00000002   Code   RO          309    i.PendSV_Handler    stm32f1xx_it.o
    0x08003166   0x08003166   0x00000002   PAD
    0x08003168   0x08003168   0x00000078   Code   RO         3534    i.Remote_Data_ReceiveAnalysis  nrf2401.o
    0x080031e0   0x080031e0   0x00000020   Code   RO         3227    i.SCL_OUT           iic.o
    0x08003200   0x08003200   0x00000020   Code   RO         3228    i.SDA_IN            iic.o
    0x08003220   0x08003220   0x00000020   Code   RO         3229    i.SDA_OUT           iic.o
    0x08003240   0x08003240   0x0000005c   Code   RO         2852    i.SPI_EndRxTransaction  stm32f1xx_hal_spi.o
    0x0800329c   0x0800329c   0x00000020   Code   RO         2853    i.SPI_EndRxTxTransaction  stm32f1xx_hal_spi.o
    0x080032bc   0x080032bc   0x000000b8   Code   RO         2858    i.SPI_WaitFlagStateUntilTimeout  stm32f1xx_hal_spi.o
    0x08003374   0x08003374   0x00000002   Code   RO          310    i.SVC_Handler       stm32f1xx_it.o
    0x08003376   0x08003376   0x00000004   Code   RO          311    i.SysTick_Handler   stm32f1xx_it.o
    0x0800337a   0x0800337a   0x0000005a   Code   RO           14    i.SystemClock_Config  main.o
    0x080033d4   0x080033d4   0x00000002   Code   RO         3127    i.SystemInit        system_stm32f1xx.o
    0x080033d6   0x080033d6   0x00000002   PAD
    0x080033d8   0x080033d8   0x0000000c   Code   RO          313    i.TIM2_IRQHandler   stm32f1xx_it.o
    0x080033e4   0x080033e4   0x0000006c   Code   RO          594    i.TIM_Base_SetConfig  stm32f1xx_hal_tim.o
    0x08003450   0x08003450   0x0000001a   Code   RO          595    i.TIM_CCxChannelCmd  stm32f1xx_hal_tim.o
    0x0800346a   0x0800346a   0x00000014   Code   RO          605    i.TIM_ETR_SetConfig  stm32f1xx_hal_tim.o
    0x0800347e   0x0800347e   0x00000010   Code   RO          606    i.TIM_ITRx_SetConfig  stm32f1xx_hal_tim.o
    0x0800348e   0x0800348e   0x00000002   PAD
    0x08003490   0x08003490   0x00000050   Code   RO          607    i.TIM_OC1_SetConfig  stm32f1xx_hal_tim.o
    0x080034e0   0x080034e0   0x00000058   Code   RO          608    i.TIM_OC2_SetConfig  stm32f1xx_hal_tim.o
    0x08003538   0x08003538   0x00000058   Code   RO          609    i.TIM_OC3_SetConfig  stm32f1xx_hal_tim.o
    0x08003590   0x08003590   0x00000044   Code   RO          610    i.TIM_OC4_SetConfig  stm32f1xx_hal_tim.o
    0x080035d4   0x080035d4   0x00000022   Code   RO          612    i.TIM_TI1_ConfigInputStage  stm32f1xx_hal_tim.o
    0x080035f6   0x080035f6   0x00000024   Code   RO          614    i.TIM_TI2_ConfigInputStage  stm32f1xx_hal_tim.o
    0x0800361a   0x0800361a   0x00000010   Code   RO         1514    i.UART_DMAAbortOnError  stm32f1xx_hal_uart.o
    0x0800362a   0x0800362a   0x00000030   Code   RO         1524    i.UART_EndRxTransfer  stm32f1xx_hal_uart.o
    0x0800365a   0x0800365a   0x000000b6   Code   RO         1526    i.UART_Receive_IT   stm32f1xx_hal_uart.o
    0x08003710   0x08003710   0x000000b8   Code   RO         1527    i.UART_SetConfig    stm32f1xx_hal_uart.o
    0x080037c8   0x080037c8   0x00000036   Code   RO         1529    i.UART_Start_Receive_IT  stm32f1xx_hal_uart.o
    0x080037fe   0x080037fe   0x00000064   Code   RO         1530    i.UART_WaitOnFlagUntilTimeout  stm32f1xx_hal_uart.o
    0x08003862   0x08003862   0x00000002   PAD
    0x08003864   0x08003864   0x0000000c   Code   RO          314    i.USART1_IRQHandler  stm32f1xx_it.o
    0x08003870   0x08003870   0x00000002   Code   RO          315    i.UsageFault_Handler  stm32f1xx_it.o
    0x08003872   0x08003872   0x00000002   PAD
    0x08003874   0x08003874   0x00000020   Code   RO         5564    i.__0printf         mc_w.l(printfa.o)
    0x08003894   0x08003894   0x00000026   Code   RO         5660    i.__ARM_fpclassifyf  m_ws.l(fpclassifyf.o)
    0x080038ba   0x080038ba   0x00000020   Code   RO         2317    i.__NVIC_SetPriority  stm32f1xx_hal_cortex.o
    0x080038da   0x080038da   0x0000000a   Code   RO         5662    i.__mathlib_flt_divzero  m_ws.l(funder.o)
    0x080038e4   0x080038e4   0x00000006   Code   RO         5663    i.__mathlib_flt_infnan  m_ws.l(funder.o)
    0x080038ea   0x080038ea   0x00000004   Code   RO         5664    i.__mathlib_flt_infnan2  m_ws.l(funder.o)
    0x080038ee   0x080038ee   0x00000008   Code   RO         5665    i.__mathlib_flt_invalid  m_ws.l(funder.o)
    0x080038f6   0x080038f6   0x0000000a   Code   RO         5666    i.__mathlib_flt_overflow  m_ws.l(funder.o)
    0x08003900   0x08003900   0x0000000a   Code   RO         5668    i.__mathlib_flt_underflow  m_ws.l(funder.o)
    0x0800390a   0x0800390a   0x0000000e   Code   RO         5745    i.__scatterload_copy  mc_w.l(handlers.o)
    0x08003918   0x08003918   0x00000002   Code   RO         5746    i.__scatterload_null  mc_w.l(handlers.o)
    0x0800391a   0x0800391a   0x0000000e   Code   RO         5747    i.__scatterload_zeroinit  mc_w.l(handlers.o)
    0x08003928   0x08003928   0x0000000c   Code   RO         5715    i.__set_errno       mc_w.l(errno.o)
    0x08003934   0x08003934   0x00000184   Code   RO         5571    i._fp_digits        mc_w.l(printfa.o)
    0x08003ab8   0x08003ab8   0x000006dc   Code   RO         5572    i._printf_core      mc_w.l(printfa.o)
    0x08004194   0x08004194   0x00000024   Code   RO         5573    i._printf_post_padding  mc_w.l(printfa.o)
    0x080041b8   0x080041b8   0x0000002e   Code   RO         5574    i._printf_pre_padding  mc_w.l(printfa.o)
    0x080041e6   0x080041e6   0x00000002   PAD
    0x080041e8   0x080041e8   0x00000124   Code   RO         5251    i.asinf             m_ws.l(asinf.o)
    0x0800430c   0x0800430c   0x0000025c   Code   RO         5267    i.atan2f            m_ws.l(atan2f.o)
    0x08004568   0x08004568   0x00000134   Code   RO         3650    i.bmp280CompensateP  bmp280.o
    0x0800469c   0x0800469c   0x00000034   Code   RO         3651    i.bmp280CompensateT  bmp280.o
    0x080046d0   0x080046d0   0x0000006c   Code   RO         3652    i.bmp280GetData     bmp280.o
    0x0800473c   0x0800473c   0x00000048   Code   RO         3653    i.bmp280GetPressure  bmp280.o
    0x08004784   0x08004784   0x000001d8   Code   RO         3654    i.bmp280Init        bmp280.o
    0x0800495c   0x0800495c   0x00000038   Code   RO         3655    i.bmp280PressureToAltitude  bmp280.o
    0x08004994   0x08004994   0x00000016   Code   RO         3535    i.bytesToFloat      nrf2401.o
    0x080049aa   0x080049aa   0x00000002   PAD
    0x080049ac   0x080049ac   0x000000bc   Code   RO         4862    i.calBaseAcc        imu.o
    0x08004a68   0x08004a68   0x00000024   Code   RO          421    i.currcent_us_timestamp  delay.o
    0x08004a8c   0x08004a8c   0x00000018   Code   RO          422    i.delay_us          delay.o
    0x08004aa4   0x08004aa4   0x00000024   Code   RO          253    i.fputc             usart.o
    0x08004ac8   0x08004ac8   0x00000120   Code   RO         4863    i.imuComputeRotationMatrix  imu.o
    0x08004be8   0x08004be8   0x000003fc   Code   RO         4866    i.imuUpdate         imu.o
    0x08004fe4   0x08004fe4   0x00000034   Code   RO         4402    i.invSqrt           maths.o
    0x08005018   0x08005018   0x00000068   Code   RO         5113    i.lpf2pApply        sensors.o
    0x08005080   0x08005080   0x0000023c   Code   RO           16    i.main              main.o
    0x080052bc   0x080052bc   0x00000620   Code   RO         5283    i.powf              m_ws.l(powf.o)
    0x080058dc   0x080058dc   0x000000c0   Code   RO         3657    i.pressureFilter    bmp280.o
    0x0800599c   0x0800599c   0x0000007c   Code   RO         5116    i.processAccScale   sensors.o
    0x08005a18   0x08005a18   0x00000088   Code   RO         5117    i.processGyroBias   sensors.o
    0x08005aa0   0x08005aa0   0x0000016c   Code   RO         5118    i.sensorsCalculateVarianceAndMean  sensors.o
    0x08005c0c   0x08005c0c   0x00000150   Code   RO         5119    i.sensorsDataGet    sensors.o
    0x08005d5c   0x08005d5c   0x0000002c   Code   RO         5301    i.sqrtf             m_ws.l(sqrtf.o)
    0x08005d88   0x08005d88   0x0000001c   Code   RO          423    i.usTickInit        delay.o
    0x08005da4   0x08005da4   0x00000010   Data   RO         3128    .constdata          system_stm32f1xx.o
    0x08005db4   0x08005db4   0x00000008   Data   RO         3129    .constdata          system_stm32f1xx.o
    0x08005dbc   0x08005dbc   0x00000140   Data   RO         5284    .constdata          m_ws.l(powf.o)
    0x08005efc   0x08005efc   0x00000020   Data   RO         5743    Region$$Table       anon$$obj.o


    Execution Region RW_IRAM1 (Exec base: 0x20000000, Load base: 0x08005f1c, Size: 0x00002098, Max: 0x00005000, ABSOLUTE)

    Exec Addr    Load Addr    Size         Type   Attr      Idx    E Section Name        Object

    0x20000000   0x08005f1c   0x00000001   Data   RW           18    .data               main.o
    0x20000001   0x08005f1d   0x00000002   Data   RW          255    .data               usart.o
    0x20000003   0x08005f1f   0x00000001   PAD
    0x20000004   0x08005f20   0x00000004   Data   RW          424    .data               delay.o
    0x20000008   0x08005f24   0x0000000c   Data   RW         1854    .data               stm32f1xx_hal.o
    0x20000014   0x08005f30   0x00000004   Data   RW         3130    .data               system_stm32f1xx.o
    0x20000018   0x08005f34   0x00000014   Data   RW         3659    .data               bmp280.o
    0x2000002c   0x08005f48   0x00000040   Data   RW         4868    .data               imu.o
    0x2000006c   0x08005f88   0x0000001c   Data   RW         5122    .data               sensors.o
    0x20000088   0x08005fa4   0x00000018   Data   RW         5189    .data               tim.o
    0x200000a0   0x08005fbc   0x00000004   Data   RW         5704    .data               mc_w.l(stdout.o)
    0x200000a4   0x08005fc0   0x00000004   Data   RW         5716    .data               mc_w.l(errno.o)
    0x200000a8        -       0x0000010c   Zero   RW          254    .bss                usart.o
    0x200001b4        -       0x00000058   Zero   RW         3169    .bss                spi.o
    0x2000020c        -       0x00000040   Zero   RW         3537    .bss                nrf2401.o
    0x2000024c        -       0x0000002e   Zero   RW         3658    .bss                bmp280.o
    0x2000027a   0x08005fc4   0x00000002   PAD
    0x2000027c        -       0x00000030   Zero   RW         4867    .bss                imu.o
    0x200002ac        -       0x0000001f   Zero   RW         5033    .bss                data.o
    0x200002cb   0x08005fc4   0x00000001   PAD
    0x200002cc        -       0x00000040   Zero   RW         5034    .bss                data.o
    0x2000030c        -       0x000018f8   Zero   RW         5121    .bss                sensors.o
    0x20001c04        -       0x00000090   Zero   RW         5188    .bss                tim.o
    0x20001c94   0x08005fc4   0x00000004   PAD
    0x20001c98        -       0x00000400   Zero   RW            1    STACK               startup_stm32f103xb.o


==============================================================================

Image component sizes


      Code (inc. data)   RO Data    RW Data    ZI Data      Debug   Object Name

      1738        314          0         20         46       8776   bmp280.o
         0          0          0          0         95       3380   data.o
        88         16          0          4          0       2105   delay.o
       228         14          0          0          0        983   gpio.o
       660         48          0          0          0       5994   iic.o
      1496         46          0         64         48       3517   imu.o
         0          0          0          0          0       3168   innercontrol.o
       666        144          0          1          0     439177   main.o
        52          4          0          0          0        598   maths.o
       620         42          0          0          0       6489   mpu.o
       686         74          0          0         64       6482   nrf2401.o
      1064         30          0         28       6392       5951   sensors.o
       248         74          0          0         88       1633   spi.o
        36          8        236          0       1024        800   startup_stm32f103xb.o
       164         28          0         12          0       6281   stm32f1xx_hal.o
       224         14          0          0          0      30210   stm32f1xx_hal_cortex.o
       222          4          0          0          0       1963   stm32f1xx_hal_dma.o
       516         34          0          0          0       4412   stm32f1xx_hal_gpio.o
        44          6          0          0          0        826   stm32f1xx_hal_msp.o
      1284        106          0          0          0       6032   stm32f1xx_hal_rcc.o
      1672          4          0          0          0       8578   stm32f1xx_hal_spi.o
      1848         72          0          0          0      17739   stm32f1xx_hal_tim.o
       192         12          0          0          0       3445   stm32f1xx_hal_tim_ex.o
      1442         10          0          0          0      11900   stm32f1xx_hal_uart.o
        44         12          0          0          0       4688   stm32f1xx_it.o
         2          0         24          4          0       1163   system_stm32f1xx.o
       664         42          0         24        144       4148   tim.o
       376         62          0          2        268       2922   usart.o

    ----------------------------------------------------------------------
     16312       1220        292        160       8176     593360   Object Totals
         0          0         32          0          0          0   (incl. Generated)
        36          0          0          1          7          0   (incl. Padding)

    ----------------------------------------------------------------------

      Code (inc. data)   RO Data    RW Data    ZI Data      Debug   Library Member Name

       292         38          0          0          0        120   asinf.o
       604         76          0          0          0        116   atan2f.o
        38          0          0          0          0         68   fpclassifyf.o
        48          0          0          0          0        408   funder.o
      1568         80        320          0          0        224   powf.o
        44          0          0          0          0         80   sqrtf.o
         0          0          0          0          0          0   entry.o
         0          0          0          0          0          0   entry10a.o
         0          0          0          0          0          0   entry11a.o
         8          4          0          0          0          0   entry2.o
         4          0          0          0          0          0   entry5.o
         0          0          0          0          0          0   entry7b.o
         0          0          0          0          0          0   entry8b.o
         8          4          0          0          0          0   entry9a.o
        12          6          0          4          0         68   errno.o
        30          0          0          0          0          0   handlers.o
        36          8          0          0          0         68   init.o
         0          0          0          0          0          0   iusefp.o
        98          0          0          0          0         84   ldiv.o
        30          0          0          0          0         68   llshl.o
        36          0          0          0          0         68   llsshr.o
        32          0          0          0          0         68   llushr.o
        36          0          0          0          0        108   memseta.o
      2258         90          0          0          0        452   printfa.o
         0          0          0          4          0          0   stdout.o
        44          0          0          0          0         80   uidiv.o
        98          0          0          0          0         92   uldiv.o
        48          0          0          0          0         68   cdrcmple.o
        20          0          0          0          0         68   cfcmple.o
        20          0          0          0          0         68   cfrcmple.o
        56          0          0          0          0         88   d2f.o
       334          0          0          0          0        148   dadd.o
       222          0          0          0          0        100   ddiv.o
       186          0          0          0          0        176   depilogue.o
        48          0          0          0          0         68   dfixul.o
        26          0          0          0          0         76   dfltui.o
       228          0          0          0          0         96   dmul.o
        38          0          0          0          0         68   f2d.o
       176          0          0          0          0        140   fadd.o
       124          0          0          0          0         88   fdiv.o
       110          0          0          0          0        168   fepilogue.o
        50          0          0          0          0         68   ffixi.o
        76          0          0          0          0         76   ffixir.o
        40          0          0          0          0         68   ffixui.o
        18          0          0          0          0         68   fflti.o
        44          0          0          0          0         92   ffltl.o
        10          0          0          0          0         68   ffltui.o
       100          0          0          0          0         76   fmul.o
         4          0          0          0          0         68   fpstat.o
        24          0          0          0          0         68   fscalb.o
        94          0          0          0          0         96   fsqrt.o

    ----------------------------------------------------------------------
      7424        306        320          8          0       4340   Library Totals
         4          0          0          0          0          0   (incl. Padding)

    ----------------------------------------------------------------------

      Code (inc. data)   RO Data    RW Data    ZI Data      Debug   Library Name

      2594        194        320          0          0       1016   m_ws.l
      2730        112          0          8          0       1156   mc_w.l
      2096          0          0          0          0       2168   mf_w.l

    ----------------------------------------------------------------------
      7424        306        320          8          0       4340   Library Totals

    ----------------------------------------------------------------------

==============================================================================


      Code (inc. data)   RO Data    RW Data    ZI Data      Debug   

     23736       1526        612        168       8176     587868   Grand Totals
     23736       1526        612        168       8176     587868   ELF Image Totals
     23736       1526        612        168          0          0   ROM Totals

==============================================================================

    Total RO  Size (Code + RO Data)                24348 (  23.78kB)
    Total RW  Size (RW Data + ZI Data)              8344 (   8.15kB)
    Total ROM Size (Code + RO Data + RW Data)      24516 (  23.94kB)

==============================================================================

