<html>
<body>
<pre>
<h1>礦ision Build Log</h1>
<h2>Tool Versions:</h2>
IDE-Version: μVision V5.28.0.0
Copyright (C) 2019 ARM Ltd and ARM Germany GmbH. All rights reserved.
License Information: 11 11, 11, LIC=BUURY-ISZGX-56CQ2-97LYZ-P91MH-7NG8T
 
Tool Versions:
Toolchain:       MDK-ARM Plus  Version: 5.28.0.0
Toolchain Path:  C:\Keil_v5\ARM\ARMCC\Bin
C Compiler:      Armcc.exe V5.06 update 6 (build 750)
Assembler:       Armasm.exe V5.06 update 6 (build 750)
Linker/Locator:  ArmLink.exe V5.06 update 6 (build 750)
Library Manager: ArmAr.exe V5.06 update 6 (build 750)
Hex Converter:   FromElf.exe V5.06 update 6 (build 750)
CPU DLL:         SARMCM3.DLL V5.28.0.0
Dialog DLL:      DCM.DLL V1.17.3.0
Target DLL:      STLink\ST-LINKIII-KEIL_SWO.dll V3.0.6.0
Dialog DLL:      TCM.DLL V1.36.2.0
 
<h2>Project:</h2>
C:\Mac\Home\Desktop\gitprocess\fly_sky_software\MDK-ARM\fly_sky_software.uvprojx
Project File Date:  07/04/2023

<h2>Output:</h2>
*** Using Compiler 'V5.06 update 6 (build 750)', folder: 'C:\Keil_v5\ARM\ARMCC\Bin'
Build target 'fly_sky_software'
compiling usart.c...
.\fly_sky_software\drivers\soft\bmp280.h(93): warning:  #1295-D: Deprecated declaration BMP280_Init - give arg types
  void BMP280_Init();
.\fly_sky_software\drivers\soft\bmp280.h(96): warning:  #1-D: last line of file ends without a newline
  #endif /* __BMP280_H */
.\fly_sky_software\control\sensors.h(93): warning:  #1-D: last line of file ends without a newline
  #endif
../Core/Src/usart.c: 3 warnings, 0 errors
compiling main.c...
.\fly_sky_software\drivers\soft\bmp280.h(93): warning:  #1295-D: Deprecated declaration BMP280_Init - give arg types
  void BMP280_Init();
.\fly_sky_software\drivers\soft\bmp280.h(96): warning:  #1-D: last line of file ends without a newline
  #endif /* __BMP280_H */
.\fly_sky_software\control\sensors.h(93): warning:  #1-D: last line of file ends without a newline
  #endif
../Core/Src/main.c(76): warning:  #177-D: variable "pressure1"  was declared but never referenced
  		double pressure1, temperature1, asl1;
../Core/Src/main.c(76): warning:  #177-D: variable "temperature1"  was declared but never referenced
  		double pressure1, temperature1, asl1;
../Core/Src/main.c(76): warning:  #177-D: variable "asl1"  was declared but never referenced
  		double pressure1, temperature1, asl1;
../Core/Src/main.c: 6 warnings, 0 errors
compiling gpio.c...
.\fly_sky_software\drivers\soft\bmp280.h(93): warning:  #1295-D: Deprecated declaration BMP280_Init - give arg types
  void BMP280_Init();
.\fly_sky_software\drivers\soft\bmp280.h(96): warning:  #1-D: last line of file ends without a newline
  #endif /* __BMP280_H */
.\fly_sky_software\control\sensors.h(93): warning:  #1-D: last line of file ends without a newline
  #endif
../Core/Src/gpio.c: 3 warnings, 0 errors
compiling stm32f1xx_it.c...
.\fly_sky_software\drivers\soft\bmp280.h(93): warning:  #1295-D: Deprecated declaration BMP280_Init - give arg types
  void BMP280_Init();
.\fly_sky_software\drivers\soft\bmp280.h(96): warning:  #1-D: last line of file ends without a newline
  #endif /* __BMP280_H */
.\fly_sky_software\control\sensors.h(93): warning:  #1-D: last line of file ends without a newline
  #endif
../Core/Src/stm32f1xx_it.c: 3 warnings, 0 errors
compiling stm32f1xx_hal_msp.c...
.\fly_sky_software\drivers\soft\bmp280.h(93): warning:  #1295-D: Deprecated declaration BMP280_Init - give arg types
  void BMP280_Init();
.\fly_sky_software\drivers\soft\bmp280.h(96): warning:  #1-D: last line of file ends without a newline
  #endif /* __BMP280_H */
.\fly_sky_software\control\sensors.h(93): warning:  #1-D: last line of file ends without a newline
  #endif
../Core/Src/stm32f1xx_hal_msp.c: 3 warnings, 0 errors
compiling spi.c...
.\fly_sky_software\drivers\soft\bmp280.h(93): warning:  #1295-D: Deprecated declaration BMP280_Init - give arg types
  void BMP280_Init();
.\fly_sky_software\drivers\soft\bmp280.h(96): warning:  #1-D: last line of file ends without a newline
  #endif /* __BMP280_H */
.\fly_sky_software\control\sensors.h(93): warning:  #1-D: last line of file ends without a newline
  #endif
..\Core\Src\spi.c: 3 warnings, 0 errors
compiling mpu.c...
.\fly_sky_software\drivers\soft\bmp280.h(93): warning:  #1295-D: Deprecated declaration BMP280_Init - give arg types
  void BMP280_Init();
.\fly_sky_software\drivers\soft\bmp280.h(96): warning:  #1-D: last line of file ends without a newline
  #endif /* __BMP280_H */
.\fly_sky_software\control\sensors.h(93): warning:  #1-D: last line of file ends without a newline
  #endif
fly_sky_software\mpu.c: 3 warnings, 0 errors
compiling nrf2401.c...
.\fly_sky_software\drivers\soft\bmp280.h(93): warning:  #1295-D: Deprecated declaration BMP280_Init - give arg types
  void BMP280_Init();
.\fly_sky_software\drivers\soft\bmp280.h(96): warning:  #1-D: last line of file ends without a newline
  #endif /* __BMP280_H */
.\fly_sky_software\control\sensors.h(93): warning:  #1-D: last line of file ends without a newline
  #endif
fly_sky_software\drivers\soft\nrf2401.c(67): warning:  #177-D: variable "GPIO_InitStructure"  was declared but never referenced
    GPIO_InitTypeDef GPIO_InitStructure;
fly_sky_software\drivers\soft\nrf2401.c(91): warning:  #177-D: variable "buffer"  was declared but never referenced
  	uint8_t buffer;
fly_sky_software\drivers\soft\nrf2401.c(130): warning:  #177-D: variable "buffer"  was declared but never referenced
    uint8_t buffer;
fly_sky_software\drivers\soft\nrf2401.c: 6 warnings, 0 errors
compiling bmp280.c...
.\fly_sky_software\drivers\soft\bmp280.h(96): warning:  #1-D: last line of file ends without a newline
  #endif /* __BMP280_H */
.\fly_sky_software\control\sensors.h(93): warning:  #1-D: last line of file ends without a newline
  #endif
fly_sky_software\drivers\soft\bmp280.h(93): warning:  #1295-D: Deprecated declaration BMP280_Init - give arg types
  void BMP280_Init();
fly_sky_software\drivers\soft\bmp280.h(96): warning:  #1-D: last line of file ends without a newline
  #endif /* __BMP280_H */
fly_sky_software\drivers\soft\bmp280.c: 4 warnings, 0 errors
compiling control.c...
.\fly_sky_software\drivers\soft\bmp280.h(93): warning:  #1295-D: Deprecated declaration BMP280_Init - give arg types
  void BMP280_Init();
.\fly_sky_software\drivers\soft\bmp280.h(96): warning:  #1-D: last line of file ends without a newline
  #endif /* __BMP280_H */
.\fly_sky_software\control\sensors.h(93): warning:  #1-D: last line of file ends without a newline
  #endif
fly_sky_software\control\pid.h(26): warning:  #1-D: last line of file ends without a newline
  #endif /* __PID_H */
fly_sky_software\control\innerControl.h(27): warning:  #1-D: last line of file ends without a newline
  #endif
fly_sky_software\control\control.h(12): warning:  #1-D: last line of file ends without a newline
  #endif
fly_sky_software\control\control.c(169): warning:  #111-D: statement is unreachable
  				break;
fly_sky_software\control\control.c(174): warning:  #111-D: statement is unreachable
  				break;
fly_sky_software\control\control.c(177): warning:  #111-D: statement is unreachable
  				break;
fly_sky_software\control\control.c(36): warning:  #177-D: variable "MOTORS"  was declared but never referenced
  static const uint32_t MOTORS[] = { MOTOR_M1, MOTOR_M2, MOTOR_M3, MOTOR_M4 };
fly_sky_software\control\control.c: 10 warnings, 0 errors
compiling inv_mpu.c...
.\fly_sky_software\drivers\soft\bmp280.h(93): warning:  #1295-D: Deprecated declaration BMP280_Init - give arg types
  void BMP280_Init();
.\fly_sky_software\drivers\soft\bmp280.h(96): warning:  #1-D: last line of file ends without a newline
  #endif /* __BMP280_H */
.\fly_sky_software\control\sensors.h(93): warning:  #1-D: last line of file ends without a newline
  #endif
fly_sky_software\inv_mpu.c: 3 warnings, 0 errors
compiling inv_mpu_dmp_motion_driver.c...
.\fly_sky_software\drivers\soft\bmp280.h(93): warning:  #1295-D: Deprecated declaration BMP280_Init - give arg types
  void BMP280_Init();
.\fly_sky_software\drivers\soft\bmp280.h(96): warning:  #1-D: last line of file ends without a newline
  #endif /* __BMP280_H */
.\fly_sky_software\control\sensors.h(93): warning:  #1-D: last line of file ends without a newline
  #endif
fly_sky_software\inv_mpu_dmp_motion_driver.c: 3 warnings, 0 errors
compiling protocol.c...
.\fly_sky_software\drivers\soft\bmp280.h(93): warning:  #1295-D: Deprecated declaration BMP280_Init - give arg types
  void BMP280_Init();
.\fly_sky_software\drivers\soft\bmp280.h(96): warning:  #1-D: last line of file ends without a newline
  #endif /* __BMP280_H */
.\fly_sky_software\control\sensors.h(93): warning:  #1-D: last line of file ends without a newline
  #endif
fly_sky_software\control\pid.h(26): warning:  #1-D: last line of file ends without a newline
  #endif /* __PID_H */
fly_sky_software\control\protocol.c(17): warning:  #550-D: variable "yawMode"  was set but never used
  static YawModeType yawMode = XMODE;	/* 默认为X飞行模式 */
fly_sky_software\control\protocol.c(22): warning:  #550-D: variable "isAdjustingPosXY"  was set but never used
  static uint8_t isAdjustingPosXY = 1; /*调整XY位置*/
fly_sky_software\control\protocol.c(23): warning:  #177-D: variable "adjustPosXYTime"  was declared but never referenced
  static uint8_t adjustPosXYTime = 0;		/*XY位置调整时间*/
fly_sky_software\control\protocol.c(26): warning:  #550-D: variable "errorPosX"  was set but never used
  static float errorPosX = 0.f;		/*X位移误差*/
fly_sky_software\control\protocol.c(27): warning:  #550-D: variable "errorPosY"  was set but never used
  static float errorPosY = 0.f;		/*Y位移误差*/
fly_sky_software\control\protocol.c: 9 warnings, 0 errors
compiling tim.c...
.\fly_sky_software\drivers\soft\bmp280.h(93): warning:  #1295-D: Deprecated declaration BMP280_Init - give arg types
  void BMP280_Init();
.\fly_sky_software\drivers\soft\bmp280.h(96): warning:  #1-D: last line of file ends without a newline
  #endif /* __BMP280_H */
.\fly_sky_software\control\sensors.h(93): warning:  #1-D: last line of file ends without a newline
  #endif
fly_sky_software\system\tim.c: 3 warnings, 0 errors
compiling sensors.c...
.\fly_sky_software\drivers\soft\bmp280.h(93): warning:  #1295-D: Deprecated declaration BMP280_Init - give arg types
  void BMP280_Init();
.\fly_sky_software\drivers\soft\bmp280.h(96): warning:  #1-D: last line of file ends without a newline
  #endif /* __BMP280_H */
.\fly_sky_software\control\sensors.h(93): warning:  #1-D: last line of file ends without a newline
  #endif
fly_sky_software\control\sensors.h(93): warning:  #1-D: last line of file ends without a newline
  #endif
fly_sky_software\control\sensors.c(35): warning:  #177-D: function "sensorsBiasObjInit"  was declared but never referenced
  static void sensorsBiasObjInit(BiasObj* bias);
fly_sky_software\control\sensors.c: 5 warnings, 0 errors
linking...
Program Size: Code=27536 RO-data=944 RW-data=168 ZI-data=8264  
FromELF: creating hex file...
"fly_sky_software\fly_sky_software.axf" - 0 Error(s), 67 Warning(s).

<h2>Software Packages used:</h2>

Package Vendor: ARM
                http://www.keil.com/pack/ARM.CMSIS.5.9.0.pack
                ARM.CMSIS.5.9.0
                CMSIS (Common Microcontroller Software Interface Standard)
   * Component: CORE Version: 5.6.0

Package Vendor: Keil
                http://www.keil.com/pack/Keil.STM32F1xx_DFP.1.0.5.pack
                Keil.STM32F1xx_DFP.1.0.5
                STMicroelectronics STM32F1 Series Device Support, Drivers and Examples

<h2>Collection of Component include folders:</h2>
  .\RTE\_fly_sky_software
  C:\Users\mac\AppData\Local\Arm\Packs\ARM\CMSIS\5.9.0\CMSIS\Core\Include
  C:\Users\mac\AppData\Local\Arm\Packs\Keil\STM32F1xx_DFP\1.0.5\Device\Include

<h2>Collection of Component Files used:</h2>

   * Component: ARM::CMSIS:CORE:5.6.0
      Include file:  CMSIS\Core\Include\tz_context.h
Build Time Elapsed:  00:00:13
</pre>
</body>
</html>
