Component: ARM Compiler 5.06 update 6 (build 750) Tool: armlink [4d35ed]

==============================================================================

Section Cross References

    startup_stm32f103xb.o(STACK) refers (Special) to heapauxi.o(.text) for __use_two_region_memory
    startup_stm32f103xb.o(HEAP) refers (Special) to heapauxi.o(.text) for __use_two_region_memory
    startup_stm32f103xb.o(RESET) refers (Special) to heapauxi.o(.text) for __use_two_region_memory
    startup_stm32f103xb.o(RESET) refers to startup_stm32f103xb.o(STACK) for __initial_sp
    startup_stm32f103xb.o(RESET) refers to startup_stm32f103xb.o(.text) for Reset_Handler
    startup_stm32f103xb.o(RESET) refers to stm32f1xx_it.o(i.NMI_Handler) for NMI_Handler
    startup_stm32f103xb.o(RESET) refers to stm32f1xx_it.o(i.HardFault_Handler) for HardFault_Handler
    startup_stm32f103xb.o(RESET) refers to stm32f1xx_it.o(i.MemManage_Handler) for MemManage_Handler
    startup_stm32f103xb.o(RESET) refers to stm32f1xx_it.o(i.BusFault_Handler) for BusFault_Handler
    startup_stm32f103xb.o(RESET) refers to stm32f1xx_it.o(i.UsageFault_Handler) for UsageFault_Handler
    startup_stm32f103xb.o(RESET) refers to stm32f1xx_it.o(i.SVC_Handler) for SVC_Handler
    startup_stm32f103xb.o(RESET) refers to stm32f1xx_it.o(i.DebugMon_Handler) for DebugMon_Handler
    startup_stm32f103xb.o(RESET) refers to stm32f1xx_it.o(i.PendSV_Handler) for PendSV_Handler
    startup_stm32f103xb.o(RESET) refers to stm32f1xx_it.o(i.SysTick_Handler) for SysTick_Handler
    startup_stm32f103xb.o(RESET) refers to nrf24l01.o(i.EXTI2_IRQHandler) for EXTI2_IRQHandler
    startup_stm32f103xb.o(.text) refers (Special) to heapauxi.o(.text) for __use_two_region_memory
    startup_stm32f103xb.o(.text) refers to system_stm32f1xx.o(i.SystemInit) for SystemInit
    startup_stm32f103xb.o(.text) refers to __main.o(!!!main) for __main
    startup_stm32f103xb.o(.text) refers to startup_stm32f103xb.o(HEAP) for Heap_Mem
    startup_stm32f103xb.o(.text) refers to startup_stm32f103xb.o(STACK) for Stack_Mem
    main.o(i.SystemClock_Config) refers to rt_memclr_w.o(.text) for __aeabi_memclr4
    main.o(i.SystemClock_Config) refers to stm32f1xx_hal_rcc.o(i.HAL_RCC_OscConfig) for HAL_RCC_OscConfig
    main.o(i.SystemClock_Config) refers to stm32f1xx_hal_rcc.o(i.HAL_RCC_ClockConfig) for HAL_RCC_ClockConfig
    main.o(i.SystemClock_Config) refers to stm32f1xx_hal_rcc_ex.o(i.HAL_RCCEx_PeriphCLKConfig) for HAL_RCCEx_PeriphCLKConfig
    main.o(i.main) refers to stm32f1xx_hal.o(i.HAL_Init) for HAL_Init
    main.o(i.main) refers to main.o(i.SystemClock_Config) for SystemClock_Config
    main.o(i.main) refers to gpio.o(i.MX_GPIO_Init) for MX_GPIO_Init
    main.o(i.main) refers to adc.o(i.MX_ADC1_Init) for MX_ADC1_Init
    main.o(i.main) refers to spi.o(i.MX_SPI1_Init) for MX_SPI1_Init
    main.o(i.main) refers to usart.o(i.MX_USART1_UART_Init) for MX_USART1_UART_Init
    main.o(i.main) refers to noretval__2printf.o(.text) for __2printf
    main.o(i.main) refers to delay.o(i.usTickInit) for usTickInit
    main.o(i.main) refers to oled.o(i.OLED_Init) for OLED_Init
    main.o(i.main) refers to nrf24l01.o(i.NRF24l01_Init) for NRF24l01_Init
    gpio.o(i.MX_GPIO_Init) refers to stm32f1xx_hal_gpio.o(i.HAL_GPIO_WritePin) for HAL_GPIO_WritePin
    gpio.o(i.MX_GPIO_Init) refers to stm32f1xx_hal_gpio.o(i.HAL_GPIO_Init) for HAL_GPIO_Init
    adc.o(i.ADC_Filter) refers to rt_memclr_w.o(.text) for __aeabi_memclr4
    adc.o(i.ADC_Filter) refers to adc.o(.bss) for .bss
    adc.o(i.ADCtoFlyDataPercent) refers to adc.o(i.getAdcValue) for getAdcValue
    adc.o(i.ADCtoFlyDataPercent) refers to adc.o(i.deadband) for deadband
    adc.o(i.ADCtoFlyDataPercent) refers to fflt_clz.o(x$fpl$fflt) for __aeabi_i2f
    adc.o(i.ADCtoFlyDataPercent) refers to fflt_clz.o(x$fpl$ffltu) for __aeabi_ui2f
    adc.o(i.ADCtoFlyDataPercent) refers to fdiv.o(x$fpl$fdiv) for __aeabi_fdiv
    adc.o(i.ADCtoFlyDataPercent) refers to ffixu.o(x$fpl$ffixu) for __aeabi_f2uiz
    adc.o(i.ADCtoFlyDataPercent) refers to adc.o(.data) for .data
    adc.o(i.HAL_ADC_MspDeInit) refers to stm32f1xx_hal_gpio.o(i.HAL_GPIO_DeInit) for HAL_GPIO_DeInit
    adc.o(i.HAL_ADC_MspInit) refers to stm32f1xx_hal_gpio.o(i.HAL_GPIO_Init) for HAL_GPIO_Init
    adc.o(i.MX_ADC1_Init) refers to stm32f1xx_hal_adc.o(i.HAL_ADC_Init) for HAL_ADC_Init
    adc.o(i.MX_ADC1_Init) refers to main.o(i.Error_Handler) for Error_Handler
    adc.o(i.MX_ADC1_Init) refers to stm32f1xx_hal_adc.o(i.HAL_ADC_ConfigChannel) for HAL_ADC_ConfigChannel
    adc.o(i.MX_ADC1_Init) refers to adc.o(.bss) for .bss
    adc.o(i.getAdcValue) refers to adc.o(.bss) for .bss
    spi.o(i.HAL_SPI_MspDeInit) refers to stm32f1xx_hal_gpio.o(i.HAL_GPIO_DeInit) for HAL_GPIO_DeInit
    spi.o(i.HAL_SPI_MspInit) refers to stm32f1xx_hal_gpio.o(i.HAL_GPIO_Init) for HAL_GPIO_Init
    spi.o(i.MX_SPI1_Init) refers to stm32f1xx_hal_spi.o(i.HAL_SPI_Init) for HAL_SPI_Init
[...]
    ..\Core\Src\gpio.c                       0x00000000   Number         0  gpio.o ABSOLUTE
    ..\Core\Src\main.c                       0x00000000   Number         0  main.o ABSOLUTE
    ..\Core\Src\spi.c                        0x00000000   Number         0  spi.o ABSOLUTE
    ..\Core\Src\stm32f1xx_hal_msp.c          0x00000000   Number         0  stm32f1xx_hal_msp.o ABSOLUTE
    ..\Core\Src\stm32f1xx_it.c               0x00000000   Number         0  stm32f1xx_it.o ABSOLUTE
    ..\Core\Src\system_stm32f1xx.c           0x00000000   Number         0  system_stm32f1xx.o ABSOLUTE
    ..\Core\Src\usart.c                      0x00000000   Number         0  usart.o ABSOLUTE
    ..\Drivers\STM32F1xx_HAL_Driver\Src\stm32f1xx_hal.c 0x00000000   Number         0  stm32f1xx_hal.o ABSOLUTE
    ..\Drivers\STM32F1xx_HAL_Driver\Src\stm32f1xx_hal_adc.c 0x00000000   Number         0  stm32f1xx_hal_adc.o ABSOLUTE
    ..\Drivers\STM32F1xx_HAL_Driver\Src\stm32f1xx_hal_adc_ex.c 0x00000000   Number         0  stm32f1xx_hal_adc_ex.o ABSOLUTE
    ..\Drivers\STM32F1xx_HAL_Driver\Src\stm32f1xx_hal_cortex.c 0x00000000   Number         0  stm32f1xx_hal_cortex.o ABSOLUTE
    ..\Drivers\STM32F1xx_HAL_Driver\Src\stm32f1xx_hal_dma.c 0x00000000   Number         0  stm32f1xx_hal_dma.o ABSOLUTE
    ..\Drivers\STM32F1xx_HAL_Driver\Src\stm32f1xx_hal_exti.c 0x00000000   Number         0  stm32f1xx_hal_exti.o ABSOLUTE
    ..\Drivers\STM32F1xx_HAL_Driver\Src\stm32f1xx_hal_flash.c 0x00000000   Number         0  stm32f1xx_hal_flash.o ABSOLUTE
    ..\Drivers\STM32F1xx_HAL_Driver\Src\stm32f1xx_hal_flash_ex.c 0x00000000   Number         0  stm32f1xx_hal_flash_ex.o ABSOLUTE
    ..\Drivers\STM32F1xx_HAL_Driver\Src\stm32f1xx_hal_gpio.c 0x00000000   Number         0  stm32f1xx_hal_gpio.o ABSOLUTE
    ..\Drivers\STM32F1xx_HAL_Driver\Src\stm32f1xx_hal_gpio_ex.c 0x00000000   Number         0  stm32f1xx_hal_gpio_ex.o ABSOLUTE
    ..\Drivers\STM32F1xx_HAL_Driver\Src\stm32f1xx_hal_pwr.c 0x00000000   Number         0  stm32f1xx_hal_pwr.o ABSOLUTE
    ..\Drivers\STM32F1xx_HAL_Driver\Src\stm32f1xx_hal_rcc.c 0x00000000   Number         0  stm32f1xx_hal_rcc.o ABSOLUTE
    ..\Drivers\STM32F1xx_HAL_Driver\Src\stm32f1xx_hal_rcc_ex.c 0x00000000   Number         0  stm32f1xx_hal_rcc_ex.o ABSOLUTE
    ..\Drivers\STM32F1xx_HAL_Driver\Src\stm32f1xx_hal_spi.c 0x00000000   Number         0  stm32f1xx_hal_spi.o ABSOLUTE
    ..\Drivers\STM32F1xx_HAL_Driver\Src\stm32f1xx_hal_tim.c 0x00000000   Number         0  stm32f1xx_hal_tim.o ABSOLUTE
    ..\Drivers\STM32F1xx_HAL_Driver\Src\stm32f1xx_hal_tim_ex.c 0x00000000   Number         0  stm32f1xx_hal_tim_ex.o ABSOLUTE
    ..\Drivers\STM32F1xx_HAL_Driver\Src\stm32f1xx_hal_uart.c 0x00000000   Number         0  stm32f1xx_hal_uart.o ABSOLUTE
    ..\\Core\\Src\\command.c                 0x00000000   Number         0  command.o ABSOLUTE
    ..\\chipdriver\\iic.c                    0x00000000   Number         0  iic.o ABSOLUTE
    ..\\chipdriver\\nrf24l01.c               0x00000000   Number         0  nrf24l01.o ABSOLUTE
    ..\\chipdriver\\oled.c                   0x00000000   Number         0  oled.o ABSOLUTE
    ..\\common\\data.c                       0x00000000   Number         0  data.o ABSOLUTE
    ..\\common\\delay.c                      0x00000000   Number         0  delay.o ABSOLUTE
    ..\chipdriver\iic.c                      0x00000000   Number         0  iic.o ABSOLUTE
    ..\chipdriver\nrf24l01.c                 0x00000000   Number         0  nrf24l01.o ABSOLUTE
    ..\chipdriver\oled.c                     0x00000000   Number         0  oled.o ABSOLUTE
    ..\common\data.c                         0x00000000   Number         0  data.o ABSOLUTE
    ..\common\delay.c                        0x00000000   Number         0  delay.o ABSOLUTE
    dc.s                                     0x00000000   Number         0  dc.o ABSOLUTE
    startup_stm32f103xb.s                    0x00000000   Number         0  startup_stm32f103xb.o ABSOLUTE
    RESET                                    0x08000000   Section      236  startup_stm32f103xb.o(RESET)
    !!!main                                  0x080000ec   Section        8  __main.o(!!!main)
    !!!scatter                               0x080000f4   Section       52  __scatter.o(!!!scatter)
    !!handler_copy                           0x08000128   Section       26  __scatter_copy.o(!!handler_copy)
    !!handler_zi                             0x08000144   Section       28  __scatter_zi.o(!!handler_zi)
    .ARM.Collect$$_printf_percent$$00000000  0x08000160   Section        0  _printf_percent.o(.ARM.Collect$$_printf_percent$$00000000)
    .ARM.Collect$$_printf_percent$$00000009  0x08000160   Section        6  _printf_d.o(.ARM.Collect$$_printf_percent$$00000009)
    .ARM.Collect$$_printf_percent$$00000017  0x08000166   Section        4  _printf_percent_end.o(.ARM.Collect$$_printf_percent$$00000017)
    .ARM.Collect$$libinit$$00000000          0x0800016a   Section        2  libinit.o(.ARM.Collect$$libinit$$00000000)
    .ARM.Collect$$libinit$$00000002          0x0800016c   Section        0  libinit2.o(.ARM.Collect$$libinit$$00000002)
    .ARM.Collect$$libinit$$00000004          0x0800016c   Section        0  libinit2.o(.ARM.Collect$$libinit$$00000004)
    .ARM.Collect$$libinit$$00000005          0x0800016c   Section        8  libinit2.o(.ARM.Collect$$libinit$$00000005)
    .ARM.Collect$$libinit$$0000000A          0x08000174   Section        0  libinit2.o(.ARM.Collect$$libinit$$0000000A)
    .ARM.Collect$$libinit$$0000000C          0x08000174   Section        0  libinit2.o(.ARM.Collect$$libinit$$0000000C)
    .ARM.Collect$$libinit$$0000000E          0x08000174   Section        0  libinit2.o(.ARM.Collect$$libinit$$0000000E)
    .ARM.Collect$$libinit$$00000011          0x08000174   Section        0  libinit2.o(.ARM.Collect$$libinit$$00000011)
    .ARM.Collect$$libinit$$00000013          0x08000174   Section        0  libinit2.o(.ARM.Collect$$libinit$$00000013)
    .ARM.Collect$$libinit$$00000015          0x08000174   Section        0  libinit2.o(.ARM.Collect$$libinit$$00000015)
    .ARM.Collect$$libinit$$00000017          0x08000174   Section        0  libinit2.o(.ARM.Collect$$libinit$$00000017)
    .ARM.Collect$$libinit$$00000019          0x08000174   Section        0  libinit2.o(.ARM.Collect$$libinit$$00000019)
    .ARM.Collect$$libinit$$0000001B          0x08000174   Section        0  libinit2.o(.ARM.Collect$$libinit$$0000001B)
    .ARM.Collect$$libinit$$0000001D          0x08000174   Section        0  libinit2.o(.ARM.Collect$$libinit$$0000001D)
    .ARM.Collect$$libinit$$0000001F          0x08000174   Section        0  libinit2.o(.ARM.Collect$$libinit$$0000001F)
    .ARM.Collect$$libinit$$00000021          0x08000174   Section        0  libinit2.o(.ARM.Collect$$libinit$$00000021)
    .ARM.Collect$$libinit$$00000023          0x08000174   Section        0  libinit2.o(.ARM.Collect$$libinit$$00000023)
    .ARM.Collect$$libinit$$00000024          0x08000174   Section        4  libinit2.o(.ARM.Collect$$libinit$$00000024)
    .ARM.Collect$$libinit$$00000025          0x08000178   Section        0  libinit2.o(.ARM.Collect$$libinit$$00000025)
    .ARM.Collect$$libinit$$0000002C          0x08000178   Section        0  libinit2.o(.ARM.Collect$$libinit$$0000002C)
    .ARM.Collect$$libinit$$0000002E          0x08000178   Section        0  libinit2.o(.ARM.Collect$$libinit$$0000002E)
    .ARM.Collect$$libinit$$00000030          0x08000178   Section        0  libinit2.o(.ARM.Collect$$libinit$$00000030)
    .ARM.Collect$$libinit$$00000032          0x08000178   Section        0  libinit2.o(.ARM.Collect$$libinit$$00000032)
    .ARM.Collect$$libinit$$00000033          0x08000178   Section        2  libinit2.o(.ARM.Collect$$libinit$$00000033)
    .ARM.Collect$$libshutdown$$00000000      0x0800017a   Section        2  libshutdown.o(.ARM.Collect$$libshutdown$$00000000)
    .ARM.Collect$$libshutdown$$00000002      0x0800017c   Section        0  libshutdown2.o(.ARM.Collect$$libshutdown$$00000002)
    .ARM.Collect$$libshutdown$$00000003      0x0800017c   Section        4  libshutdown2.o(.ARM.Collect$$libshutdown$$00000003)
    .ARM.Collect$$libshutdown$$00000004      0x08000180   Section        0  libshutdown2.o(.ARM.Collect$$libshutdown$$00000004)
    .ARM.Collect$$libshutdown$$00000007      0x08000180   Section        0  libshutdown2.o(.ARM.Collect$$libshutdown$$00000007)
    .ARM.Collect$$libshutdown$$0000000A      0x08000180   Section        0  libshutdown2.o(.ARM.Collect$$libshutdown$$0000000A)
    .ARM.Collect$$libshutdown$$0000000C      0x08000180   Section        0  libshutdown2.o(.ARM.Collect$$libshutdown$$0000000C)
    .ARM.Collect$$libshutdown$$0000000F      0x08000180   Section        0  libshutdown2.o(.ARM.Collect$$libshutdown$$0000000F)
    .ARM.Collect$$libshutdown$$00000010      0x08000180   Section        2  libshutdown2.o(.ARM.Collect$$libshutdown$$00000010)
    .ARM.Collect$$rtentry$$00000000          0x08000182   Section        0  __rtentry.o(.ARM.Collect$$rtentry$$00000000)
    .ARM.Collect$$rtentry$$00000002          0x08000182   Section        0  __rtentry2.o(.ARM.Collect$$rtentry$$00000002)
    .ARM.Collect$$rtentry$$00000004          0x08000182   Section        6  __rtentry4.o(.ARM.Collect$$rtentry$$00000004)
    .ARM.Collect$$rtentry$$00000009          0x08000188   Section        0  __rtentry2.o(.ARM.Collect$$rtentry$$00000009)
    .ARM.Collect$$rtentry$$0000000A          0x08000188   Section        4  __rtentry2.o(.ARM.Collect$$rtentry$$0000000A)
    .ARM.Collect$$rtentry$$0000000C          0x0800018c   Section        0  __rtentry2.o(.ARM.Collect$$rtentry$$0000000C)
    .ARM.Collect$$rtentry$$0000000D          0x0800018c   Section        8  __rtentry2.o(.ARM.Collect$$rtentry$$0000000D)
    .ARM.Collect$$rtexit$$00000000           0x08000194   Section        2  rtexit.o(.ARM.Collect$$rtexit$$00000000)
    .ARM.Collect$$rtexit$$00000002           0x08000196   Section        0  rtexit2.o(.ARM.Collect$$rtexit$$00000002)
    .ARM.Collect$$rtexit$$00000003           0x08000196   Section        4  rtexit2.o(.ARM.Collect$$rtexit$$00000003)
    .ARM.Collect$$rtexit$$00000004           0x0800019a   Section        6  rtexit2.o(.ARM.Collect$$rtexit$$00000004)
    .emb_text                                0x080001a0   Section        0  maybetermalloc1.o(.emb_text)
    .text                                    0x080001a0   Section       64  startup_stm32f103xb.o(.text)
    .text                                    0x080001e0   Section        0  noretval__2printf.o(.text)
    .text                                    0x080001f8   Section        0  __printf.o(.text)
    .text                                    0x08000260   Section        0  _printf_dec.o(.text)
    .text                                    0x080002d8   Section       78  rt_memclr_w.o(.text)
    .text                                    0x08000326   Section        0  heapauxi.o(.text)
    .text                                    0x0800032c   Section        0  _printf_intcommon.o(.text)
    .text                                    0x080003e0   Section        0  _printf_char_file.o(.text)
    .text                                    0x08000404   Section        0  _printf_char_common.o(.text)
    _printf_input_char                       0x08000405   Thumb Code    10  _printf_char_common.o(.text)
    .text                                    0x08000434   Section        0  ferror.o(.text)
    .text                                    0x0800043c   Section        0  initio.o(.text)
    .text                                    0x08000574   Section        0  sys_io.o(.text)
    .text                                    0x080005da   Section       74  sys_stackheap_outer.o(.text)
    .text                                    0x08000624   Section        0  h1_free.o(.text)
    .text                                    0x08000672   Section        0  setvbuf.o(.text)
    .text                                    0x080006b8   Section        0  fopen.o(.text)
    _freopen_locked                          0x080006b9   Thumb Code     0  fopen.o(.text)
    .text                                    0x080007a4   Section        0  fclose.o(.text)
    .text                                    0x080007f0   Section        0  exit.o(.text)
    .text                                    0x08000802   Section        0  defsig_rtred_outer.o(.text)
    .text                                    0x08000810   Section        8  libspace.o(.text)
    .text                                    0x08000818   Section        2  use_no_semi.o(.text)
    .text                                    0x0800081a   Section        0  indicate_semi.o(.text)
    .text                                    0x0800081c   Section        8  rt_heap_descriptor_intlibspace.o(.text)
    .text                                    0x08000824   Section        0  hguard.o(.text)
    .text                                    0x08000828   Section        0  init_alloc.o(.text)
    .text                                    0x080008b2   Section        0  h1_alloc.o(.text)
    .text                                    0x08000910   Section        0  fseek.o(.text)
    .text                                    0x08000a08   Section        0  stdio.o(.text)
    .text                                    0x08000af8   Section        0  defsig_exit.o(.text)
    .text                                    0x08000b04   Section        0  defsig_rtred_inner.o(.text)
    .text                                    0x08000b38   Section        0  strlen.o(.text)
    .text                                    0x08000b78   Section        0  sys_exit.o(.text)
    .text                                    0x08000b84   Section        0  h1_init.o(.text)
    .text                                    0x08000b92   Section        0  h1_extend.o(.text)
    .text                                    0x08000bc6   Section        0  ftell.o(.text)
    .text                                    0x08000c08   Section        0  defsig_general.o(.text)
    .text                                    0x08000c3a   Section        0  defsig_rtmem_outer.o(.text)
    .text                                    0x08000c48   Section        0  sys_wrch.o(.text)
    .text                                    0x08000c58   Section        8  rt_errno_addr_intlibspace.o(.text)
    .text                                    0x08000c60   Section        0  defsig_rtmem_inner.o(.text)
    i.ADC_ConversionStop_Disable             0x08000cb0   Section        0  stm32f1xx_hal_adc.o(i.ADC_ConversionStop_Disable)
    i.BusFault_Handler                       0x08000d06   Section        0  stm32f1xx_it.o(i.BusFault_Handler)
    i.DebugMon_Handler                       0x08000d08   Section        0  stm32f1xx_it.o(i.DebugMon_Handler)
    i.EXTI2_IRQHandler                       0x08000d0c   Section        0  nrf24l01.o(i.EXTI2_IRQHandler)
    i.Error_Handler                          0x08000d8c   Section        0  main.o(i.Error_Handler)
    i.HAL_ADC_ConfigChannel                  0x08000d90   Section        0  stm32f1xx_hal_adc.o(i.HAL_ADC_ConfigChannel)
    i.HAL_ADC_Init                           0x08000e8c   Section        0  stm32f1xx_hal_adc.o(i.HAL_ADC_Init)
    i.HAL_ADC_MspInit                        0x08000fa8   Section        0  adc.o(i.HAL_ADC_MspInit)
    i.HAL_Delay                              0x08001000   Section        0  stm32f1xx_hal.o(i.HAL_Delay)
    i.HAL_GPIO_Init                          0x08001024   Section        0  stm32f1xx_hal_gpio.o(i.HAL_GPIO_Init)
    i.HAL_GPIO_ReadPin                       0x08001204   Section        0  stm32f1xx_hal_gpio.o(i.HAL_GPIO_ReadPin)
    i.HAL_GPIO_WritePin                      0x0800120e   Section        0  stm32f1xx_hal_gpio.o(i.HAL_GPIO_WritePin)
    i.HAL_GetTick                            0x08001218   Section        0  stm32f1xx_hal.o(i.HAL_GetTick)
    i.HAL_IncTick                            0x08001224   Section        0  stm32f1xx_hal.o(i.HAL_IncTick)
    i.HAL_Init                               0x08001234   Section        0  stm32f1xx_hal.o(i.HAL_Init)
    i.HAL_InitTick                           0x08001258   Section        0  stm32f1xx_hal.o(i.HAL_InitTick)
    i.HAL_MspInit                            0x08001298   Section        0  stm32f1xx_hal_msp.o(i.HAL_MspInit)
    i.HAL_NVIC_ClearPendingIRQ               0x080012c4   Section        0  stm32f1xx_hal_cortex.o(i.HAL_NVIC_ClearPendingIRQ)
    i.HAL_NVIC_EnableIRQ                     0x080012de   Section        0  stm32f1xx_hal_cortex.o(i.HAL_NVIC_EnableIRQ)
    i.HAL_NVIC_SetPriority                   0x080012f8   Section        0  stm32f1xx_hal_cortex.o(i.HAL_NVIC_SetPriority)
    i.HAL_NVIC_SetPriorityGrouping           0x08001338   Section        0  stm32f1xx_hal_cortex.o(i.HAL_NVIC_SetPriorityGrouping)
    i.HAL_RCCEx_PeriphCLKConfig              0x0800135c   Section        0  stm32f1xx_hal_rcc_ex.o(i.HAL_RCCEx_PeriphCLKConfig)
    i.HAL_RCC_ClockConfig                    0x08001448   Section        0  stm32f1xx_hal_rcc.o(i.HAL_RCC_ClockConfig)
    i.HAL_RCC_GetHCLKFreq                    0x08001574   Section        0  stm32f1xx_hal_rcc.o(i.HAL_RCC_GetHCLKFreq)
    i.HAL_RCC_GetPCLK1Freq                   0x08001580   Section        0  stm32f1xx_hal_rcc.o(i.HAL_RCC_GetPCLK1Freq)
    i.HAL_RCC_GetPCLK2Freq                   0x080015a0   Section        0  stm32f1xx_hal_rcc.o(i.HAL_RCC_GetPCLK2Freq)
    i.HAL_RCC_GetSysClockFreq                0x080015c0   Section        0  stm32f1xx_hal_rcc.o(i.HAL_RCC_GetSysClockFreq)
    i.HAL_RCC_OscConfig                      0x0800160c   Section        0  stm32f1xx_hal_rcc.o(i.HAL_RCC_OscConfig)
    i.HAL_SPI_Init                           0x0800192c   Section        0  stm32f1xx_hal_spi.o(i.HAL_SPI_Init)
    i.HAL_SPI_MspInit                        0x080019e0   Section        0  spi.o(i.HAL_SPI_MspInit)
    i.HAL_SPI_Receive                        0x08001a50   Section        0  stm32f1xx_hal_spi.o(i.HAL_SPI_Receive)
    i.HAL_SPI_Transmit                       0x08001ba6   Section        0  stm32f1xx_hal_spi.o(i.HAL_SPI_Transmit)
    i.HAL_SPI_TransmitReceive                0x08001d14   Section        0  stm32f1xx_hal_spi.o(i.HAL_SPI_TransmitReceive)
    i.HAL_SYSTICK_Config                     0x08001f02   Section        0  stm32f1xx_hal_cortex.o(i.HAL_SYSTICK_Config)
    i.HAL_UART_GetState                      0x08001f2a   Section        0  stm32f1xx_hal_uart.o(i.HAL_UART_GetState)
    i.HAL_UART_Init                          0x08001f34   Section        0  stm32f1xx_hal_uart.o(i.HAL_UART_Init)
    i.HAL_UART_MspInit                       0x08001f98   Section        0  usart.o(i.HAL_UART_MspInit)
    i.HAL_UART_Receive_IT                    0x0800202c   Section        0  stm32f1xx_hal_uart.o(i.HAL_UART_Receive_IT)
    i.HAL_UART_Transmit                      0x08002048   Section        0  stm32f1xx_hal_uart.o(i.HAL_UART_Transmit)
    i.HardFault_Handler                      0x080020e2   Section        0  stm32f1xx_it.o(i.HardFault_Handler)
    i.MPU_IIC_Send_Byte                      0x080020e4   Section        0  iic.o(i.MPU_IIC_Send_Byte)
    i.MPU_IIC_Start                          0x08002140   Section        0  iic.o(i.MPU_IIC_Start)
    i.MPU_IIC_Stop                           0x08002190   Section        0  iic.o(i.MPU_IIC_Stop)
    i.MPU_IIC_Wait_Ack                       0x080021d8   Section        0  iic.o(i.MPU_IIC_Wait_Ack)
    i.MX_ADC1_Init                           0x08002230   Section        0  adc.o(i.MX_ADC1_Init)
    i.MX_GPIO_Init                           0x0800227c   Section        0  gpio.o(i.MX_GPIO_Init)
    i.MX_SPI1_Init                           0x08002364   Section        0  spi.o(i.MX_SPI1_Init)
    i.MX_USART1_UART_Init                    0x080023ac   Section        0  usart.o(i.MX_USART1_UART_Init)
    i.MemManage_Handler                      0x080023f0   Section        0  stm32f1xx_it.o(i.MemManage_Handler)
    i.NMI_Handler                            0x080023f2   Section        0  stm32f1xx_it.o(i.NMI_Handler)
    i.NRF24L01_Check                         0x080023f4   Section        0  nrf24l01.o(i.NRF24L01_Check)
    i.NRF24L01_Config                        0x0800242c   Section        0  nrf24l01.o(i.NRF24L01_Config)
    i.NRF24L01_Read_Buf                      0x080024b0   Section        0  nrf24l01.o(i.NRF24L01_Read_Buf)
    i.NRF24L01_RxPacket                      0x0800252c   Section        0  nrf24l01.o(i.NRF24L01_RxPacket)
    i.NRF24L01_Write_Buf                     0x08002560   Section        0  nrf24l01.o(i.NRF24L01_Write_Buf)
    i.NRF24L01_testConnection                0x080025e0   Section        0  nrf24l01.o(i.NRF24L01_testConnection)
    i.NRF24l01_Init                          0x0800264c   Section        0  nrf24l01.o(i.NRF24l01_Init)
    i.NRF24l01_read_reg                      0x08002678   Section        0  nrf24l01.o(i.NRF24l01_read_reg)
    i.NRF24l01_write_reg                     0x080026c8   Section        0  nrf24l01.o(i.NRF24l01_write_reg)
    i.NRFset_Mode                            0x08002708   Section        0  nrf24l01.o(i.NRFset_Mode)
    i.OLED_Clear                             0x08002768   Section        0  oled.o(i.OLED_Clear)
    i.OLED_Init                              0x08002794   Section        0  oled.o(i.OLED_Init)
    i.OLED_Refresh                           0x08002868   Section        0  oled.o(i.OLED_Refresh)
    i.OLED_WR_Byte                           0x080028d0   Section        0  oled.o(i.OLED_WR_Byte)
    i.PendSV_Handler                         0x08002906   Section        0  stm32f1xx_it.o(i.PendSV_Handler)
    i.Remote_Data_ReceiveAnalysis            0x08002908   Section        0  nrf24l01.o(i.Remote_Data_ReceiveAnalysis)
    i.SCL_OUT                                0x08002980   Section        0  iic.o(i.SCL_OUT)
    i.SDA_IN                                 0x080029a0   Section        0  iic.o(i.SDA_IN)
    i.SDA_OUT                                0x080029c0   Section        0  iic.o(i.SDA_OUT)
    i.SPI_EndRxTransaction                   0x080029e0   Section        0  stm32f1xx_hal_spi.o(i.SPI_EndRxTransaction)
    SPI_EndRxTransaction                     0x080029e1   Thumb Code    92  stm32f1xx_hal_spi.o(i.SPI_EndRxTransaction)
    i.SPI_EndRxTxTransaction                 0x08002a3c   Section        0  stm32f1xx_hal_spi.o(i.SPI_EndRxTxTransaction)
    SPI_EndRxTxTransaction                   0x08002a3d   Thumb Code    32  stm32f1xx_hal_spi.o(i.SPI_EndRxTxTransaction)
    i.SPI_WaitFlagStateUntilTimeout          0x08002a5c   Section        0  stm32f1xx_hal_spi.o(i.SPI_WaitFlagStateUntilTimeout)
    SPI_WaitFlagStateUntilTimeout            0x08002a5d   Thumb Code   180  stm32f1xx_hal_spi.o(i.SPI_WaitFlagStateUntilTimeout)
    i.SVC_Handler                            0x08002b14   Section        0  stm32f1xx_it.o(i.SVC_Handler)
    i.SysTick_Handler                        0x08002b16   Section        0  stm32f1xx_it.o(i.SysTick_Handler)
    i.SystemClock_Config                     0x08002b1a   Section        0  main.o(i.SystemClock_Config)
    i.SystemInit                             0x08002b90   Section        0  system_stm32f1xx.o(i.SystemInit)
    i.UART_SetConfig                         0x08002b94   Section        0  stm32f1xx_hal_uart.o(i.UART_SetConfig)
    UART_SetConfig                           0x08002b95   Thumb Code   178  stm32f1xx_hal_uart.o(i.UART_SetConfig)
    i.UART_Start_Receive_IT                  0x08002c4c   Section        0  stm32f1xx_hal_uart.o(i.UART_Start_Receive_IT)
    i.UART_WaitOnFlagUntilTimeout            0x08002c82   Section        0  stm32f1xx_hal_uart.o(i.UART_WaitOnFlagUntilTimeout)
    UART_WaitOnFlagUntilTimeout              0x08002c83   Thumb Code   120  stm32f1xx_hal_uart.o(i.UART_WaitOnFlagUntilTimeout)
    i.UsageFault_Handler                     0x08002cfa   Section        0  stm32f1xx_it.o(i.UsageFault_Handler)
    i.__NVIC_SetPriority                     0x08002cfc   Section        0  stm32f1xx_hal_cortex.o(i.__NVIC_SetPriority)
    __NVIC_SetPriority                       0x08002cfd   Thumb Code    32  stm32f1xx_hal_cortex.o(i.__NVIC_SetPriority)
    i.bytesToFloat                           0x08002d1c   Section        0  nrf24l01.o(i.bytesToFloat)
    i.currcent_us_timestamp                  0x08002d34   Section        0  delay.o(i.currcent_us_timestamp)
    i.delay_us                               0x08002d68   Section        0  delay.o(i.delay_us)
    i.fputc                                  0x08002d80   Section        0  usart.o(i.fputc)
    i.main                                   0x08002da4   Section        0  main.o(i.main)
    i.usTickInit                             0x08002df4   Section        0  delay.o(i.usTickInit)
    x$fpl$ffixu                              0x08002e10   Section       62  ffixu.o(x$fpl$ffixu)
    x$fpl$fnaninf                            0x08002e4e   Section      140  fnaninf.o(x$fpl$fnaninf)
    .constdata                               0x08002eda   Section       18  stm32f1xx_hal_rcc.o(.constdata)
    x$fpl$usenofp                            0x08002eda   Section        0  usenofp.o(x$fpl$usenofp)
    aPredivFactorTable                       0x08002eda   Data           2  stm32f1xx_hal_rcc.o(.constdata)
    aPLLMULFactorTable                       0x08002edc   Data          16  stm32f1xx_hal_rcc.o(.constdata)
    .constdata                               0x08002eec   Section       16  system_stm32f1xx.o(.constdata)
    .constdata                               0x08002efc   Section        8  system_stm32f1xx.o(.constdata)
    .constdata                               0x08002f04   Section        4  sys_io.o(.constdata)
    .constdata                               0x08002f08   Section        4  sys_io.o(.constdata)
    .constdata                               0x08002f0c   Section        4  sys_io.o(.constdata)
    .data                                    0x20000000   Section        2  usart.o(.data)
    .data                                    0x20000004   Section       12  stm32f1xx_hal.o(.data)
    .data                                    0x20000010   Section        4  system_stm32f1xx.o(.data)
    .data                                    0x20000014   Section        4  delay.o(.data)
    .data                                    0x20000018   Section       12  nrf24l01.o(.data)
    mode                                     0x20000018   Data           1  nrf24l01.o(.data)
    key                                      0x20000019   Data           1  nrf24l01.o(.data)
    .data                                    0x20000024   Section        4  stdio_streams.o(.data)
    .data                                    0x20000028   Section        4  stdio_streams.o(.data)
    .data                                    0x2000002c   Section        4  stdio_streams.o(.data)
    .bss                                     0x20000030   Section      148  adc.o(.bss)
    .bss                                     0x200000c4   Section       88  spi.o(.bss)
    .bss                                     0x2000011c   Section      272  usart.o(.bss)
    .bss                                     0x2000022c   Section       31  data.o(.bss)
    .bss                                     0x2000024b   Section       64  nrf24l01.o(.bss)
    .bss                                     0x2000028b   Section      576  oled.o(.bss)
    .bss                                     0x200004cc   Section       84  stdio_streams.o(.bss)
    .bss                                     0x20000520   Section       84  stdio_streams.o(.bss)
    .bss                                     0x20000574   Section       84  stdio_streams.o(.bss)
    .bss                                     0x200005c8   Section       96  libspace.o(.bss)
    HEAP                                     0x20000628   Section      512  startup_stm32f103xb.o(HEAP)
    Heap_Mem                                 0x20000628   Data         512  startup_stm32f103xb.o(HEAP)
    STACK                                    0x20000828   Section     1024  startup_stm32f103xb.o(STACK)
    Stack_Mem                                0x20000828   Data        1024  startup_stm32f103xb.o(STACK)
    __initial_sp                             0x20000c28   Data           0  startup_stm32f103xb.o(STACK)

    Global Symbols

    Symbol Name                              Value     Ov Type        Size  Object(Section)

    BuildAttributes$$THM_ISAv4$P$D$K$B$S$PE$A:L22UL41UL21$X:L11$S22US41US21$IEEE1$IW$USESV6$~STKCKD$USESV7$~SHL$OTIME$ROPI$EBA8$UX$STANDARDLIB$REQ8$PRES8$EABIv2 0x00000000   Number         0  anon$$obj.o ABSOLUTE
    __ARM_use_no_argv                        0x00000000   Number         0  main.o ABSOLUTE
    __ARM_exceptions_init                     - Undefined Weak Reference
    __alloca_initialize                       - Undefined Weak Reference
    __arm_preinit_                            - Undefined Weak Reference
    __cpp_initialize__aeabi_                  - Undefined Weak Reference
    __cxa_finalize                            - Undefined Weak Reference
    __rt_locale                               - Undefined Weak Reference
    __sigvec_lookup                           - Undefined Weak Reference
    __user_heap_extent                        - Undefined Weak Reference
    _atexit_init                              - Undefined Weak Reference
    _call_atexit_fns                          - Undefined Weak Reference
    _clock_init                               - Undefined Weak Reference
    _fp_trap_init                             - Undefined Weak Reference
    _fp_trap_shutdown                         - Undefined Weak Reference
    _get_lc_collate                           - Undefined Weak Reference
    _get_lc_ctype                             - Undefined Weak Reference
    _get_lc_monetary                          - Undefined Weak Reference
    _get_lc_numeric                           - Undefined Weak Reference
    _get_lc_time                              - Undefined Weak Reference
    _getenv_init                              - Undefined Weak Reference
    _handle_redirection                       - Undefined Weak Reference
    _mutex_acquire                            - Undefined Weak Reference
    _mutex_free                               - Undefined Weak Reference
    _mutex_release                            - Undefined Weak Reference
    _printf_post_padding                      - Undefined Weak Reference
    _printf_pre_padding                       - Undefined Weak Reference
    _printf_truncate_signed                   - Undefined Weak Reference
    _printf_truncate_unsigned                 - Undefined Weak Reference
    _rand_init                                - Undefined Weak Reference
    _signal_finish                            - Undefined Weak Reference
    _signal_init                              - Undefined Weak Reference
    __Vectors_Size                           0x000000ec   Number         0  startup_stm32f103xb.o ABSOLUTE
    __Vectors                                0x08000000   Data           4  startup_stm32f103xb.o(RESET)
    __Vectors_End                            0x080000ec   Data           0  startup_stm32f103xb.o(RESET)
    __main                                   0x080000ed   Thumb Code     8  __main.o(!!!main)
    __scatterload                            0x080000f5   Thumb Code     0  __scatter.o(!!!scatter)
    __scatterload_rt2                        0x080000f5   Thumb Code    44  __scatter.o(!!!scatter)
    __scatterload_rt2_thumb_only             0x080000f5   Thumb Code     0  __scatter.o(!!!scatter)
    __scatterload_null                       0x08000103   Thumb Code     0  __scatter.o(!!!scatter)
    __scatterload_copy                       0x08000129   Thumb Code    26  __scatter_copy.o(!!handler_copy)
    __scatterload_zeroinit                   0x08000145   Thumb Code    28  __scatter_zi.o(!!handler_zi)
    _printf_d                                0x08000161   Thumb Code     0  _printf_d.o(.ARM.Collect$$_printf_percent$$00000009)
    _printf_percent                          0x08000161   Thumb Code     0  _printf_percent.o(.ARM.Collect$$_printf_percent$$00000000)
    _printf_percent_end                      0x08000167   Thumb Code     0  _printf_percent_end.o(.ARM.Collect$$_printf_percent$$00000017)
    __rt_lib_init                            0x0800016b   Thumb Code     0  libinit.o(.ARM.Collect$$libinit$$00000000)
    __rt_lib_init_fp_1                       0x0800016d   Thumb Code     0  libinit2.o(.ARM.Collect$$libinit$$00000002)
    __rt_lib_init_heap_2                     0x0800016d   Thumb Code     0  libinit2.o(.ARM.Collect$$libinit$$00000005)
    __rt_lib_init_preinit_1                  0x0800016d   Thumb Code     0  libinit2.o(.ARM.Collect$$libinit$$00000004)
    __rt_lib_init_atexit_1                   0x08000175   Thumb Code     0  libinit2.o(.ARM.Collect$$libinit$$0000001B)
    __rt_lib_init_clock_1                    0x08000175   Thumb Code     0  libinit2.o(.ARM.Collect$$libinit$$00000021)
    __rt_lib_init_fp_trap_1                  0x08000175   Thumb Code     0  libinit2.o(.ARM.Collect$$libinit$$0000001F)
    __rt_lib_init_getenv_1                   0x08000175   Thumb Code     0  libinit2.o(.ARM.Collect$$libinit$$00000023)
    __rt_lib_init_heap_1                     0x08000175   Thumb Code     0  libinit2.o(.ARM.Collect$$libinit$$0000000A)
    __rt_lib_init_lc_collate_1               0x08000175   Thumb Code     0  libinit2.o(.ARM.Collect$$libinit$$00000011)
    __rt_lib_init_lc_ctype_1                 0x08000175   Thumb Code     0  libinit2.o(.ARM.Collect$$libinit$$00000013)
    __rt_lib_init_lc_monetary_1              0x08000175   Thumb Code     0  libinit2.o(.ARM.Collect$$libinit$$00000015)
    __rt_lib_init_lc_numeric_1               0x08000175   Thumb Code     0  libinit2.o(.ARM.Collect$$libinit$$00000017)
    __rt_lib_init_lc_time_1                  0x08000175   Thumb Code     0  libinit2.o(.ARM.Collect$$libinit$$00000019)
    __rt_lib_init_rand_1                     0x08000175   Thumb Code     0  libinit2.o(.ARM.Collect$$libinit$$0000000E)
    __rt_lib_init_signal_1                   0x08000175   Thumb Code     0  libinit2.o(.ARM.Collect$$libinit$$0000001D)
    __rt_lib_init_stdio_2                    0x08000175   Thumb Code     0  libinit2.o(.ARM.Collect$$libinit$$00000024)
    __rt_lib_init_user_alloc_1               0x08000175   Thumb Code     0  libinit2.o(.ARM.Collect$$libinit$$0000000C)
    __rt_lib_init_alloca_1                   0x08000179   Thumb Code     0  libinit2.o(.ARM.Collect$$libinit$$0000002E)
    __rt_lib_init_argv_1                     0x08000179   Thumb Code     0  libinit2.o(.ARM.Collect$$libinit$$0000002C)
    __rt_lib_init_cpp_1                      0x08000179   Thumb Code     0  libinit2.o(.ARM.Collect$$libinit$$00000032)
    __rt_lib_init_exceptions_1               0x08000179   Thumb Code     0  libinit2.o(.ARM.Collect$$libinit$$00000030)
    __rt_lib_init_return                     0x08000179   Thumb Code     0  libinit2.o(.ARM.Collect$$libinit$$00000033)
    __rt_lib_init_stdio_1                    0x08000179   Thumb Code     0  libinit2.o(.ARM.Collect$$libinit$$00000025)
    __rt_lib_shutdown                        0x0800017b   Thumb Code     0  libshutdown.o(.ARM.Collect$$libshutdown$$00000000)
    __rt_lib_shutdown_cpp_1                  0x0800017d   Thumb Code     0  libshutdown2.o(.ARM.Collect$$libshutdown$$00000002)
    __rt_lib_shutdown_stdio_2                0x0800017d   Thumb Code     0  libshutdown2.o(.ARM.Collect$$libshutdown$$00000003)
    __rt_lib_shutdown_fp_trap_1              0x08000181   Thumb Code     0  libshutdown2.o(.ARM.Collect$$libshutdown$$00000007)
    __rt_lib_shutdown_heap_1                 0x08000181   Thumb Code     0  libshutdown2.o(.ARM.Collect$$libshutdown$$0000000F)
    __rt_lib_shutdown_return                 0x08000181   Thumb Code     0  libshutdown2.o(.ARM.Collect$$libshutdown$$00000010)
    __rt_lib_shutdown_signal_1               0x08000181   Thumb Code     0  libshutdown2.o(.ARM.Collect$$libshutdown$$0000000A)
    __rt_lib_shutdown_stdio_1                0x08000181   Thumb Code     0  libshutdown2.o(.ARM.Collect$$libshutdown$$00000004)
    __rt_lib_shutdown_user_alloc_1           0x08000181   Thumb Code     0  libshutdown2.o(.ARM.Collect$$libshutdown$$0000000C)
    __rt_entry                               0x08000183   Thumb Code     0  __rtentry.o(.ARM.Collect$$rtentry$$00000000)
    __rt_entry_presh_1                       0x08000183   Thumb Code     0  __rtentry2.o(.ARM.Collect$$rtentry$$00000002)
    __rt_entry_sh                            0x08000183   Thumb Code     0  __rtentry4.o(.ARM.Collect$$rtentry$$00000004)
    __rt_entry_li                            0x08000189   Thumb Code     0  __rtentry2.o(.ARM.Collect$$rtentry$$0000000A)
    __rt_entry_postsh_1                      0x08000189   Thumb Code     0  __rtentry2.o(.ARM.Collect$$rtentry$$00000009)
    __rt_entry_main                          0x0800018d   Thumb Code     0  __rtentry2.o(.ARM.Collect$$rtentry$$0000000D)
    __rt_entry_postli_1                      0x0800018d   Thumb Code     0  __rtentry2.o(.ARM.Collect$$rtentry$$0000000C)
    __rt_exit                                0x08000195   Thumb Code     0  rtexit.o(.ARM.Collect$$rtexit$$00000000)
    __rt_exit_ls                             0x08000197   Thumb Code     0  rtexit2.o(.ARM.Collect$$rtexit$$00000003)
    __rt_exit_prels_1                        0x08000197   Thumb Code     0  rtexit2.o(.ARM.Collect$$rtexit$$00000002)
    __rt_exit_exit                           0x0800019b   Thumb Code     0  rtexit2.o(.ARM.Collect$$rtexit$$00000004)
    Reset_Handler                            0x080001a1   Thumb Code     8  startup_stm32f103xb.o(.text)
    _maybe_terminate_alloc                   0x080001a1   Thumb Code     0  maybetermalloc1.o(.emb_text)
    ADC1_2_IRQHandler                        0x080001bb   Thumb Code     0  startup_stm32f103xb.o(.text)
    CAN1_RX1_IRQHandler                      0x080001bb   Thumb Code     0  startup_stm32f103xb.o(.text)
    CAN1_SCE_IRQHandler                      0x080001bb   Thumb Code     0  startup_stm32f103xb.o(.text)
    DMA1_Channel1_IRQHandler                 0x080001bb   Thumb Code     0  startup_stm32f103xb.o(.text)
    DMA1_Channel2_IRQHandler                 0x080001bb   Thumb Code     0  startup_stm32f103xb.o(.text)
    DMA1_Channel3_IRQHandler                 0x080001bb   Thumb Code     0  startup_stm32f103xb.o(.text)
    DMA1_Channel4_IRQHandler                 0x080001bb   Thumb Code     0  startup_stm32f103xb.o(.text)
    DMA1_Channel5_IRQHandler                 0x080001bb   Thumb Code     0  startup_stm32f103xb.o(.text)
    DMA1_Channel6_IRQHandler                 0x080001bb   Thumb Code     0  startup_stm32f103xb.o(.text)
    DMA1_Channel7_IRQHandler                 0x080001bb   Thumb Code     0  startup_stm32f103xb.o(.text)
    EXTI0_IRQHandler                         0x080001bb   Thumb Code     0  startup_stm32f103xb.o(.text)
    EXTI15_10_IRQHandler                     0x080001bb   Thumb Code     0  startup_stm32f103xb.o(.text)
    EXTI1_IRQHandler                         0x080001bb   Thumb Code     0  startup_stm32f103xb.o(.text)
    EXTI3_IRQHandler                         0x080001bb   Thumb Code     0  startup_stm32f103xb.o(.text)
    EXTI4_IRQHandler                         0x080001bb   Thumb Code     0  startup_stm32f103xb.o(.text)
    EXTI9_5_IRQHandler                       0x080001bb   Thumb Code     0  startup_stm32f103xb.o(.text)
    FLASH_IRQHandler                         0x080001bb   Thumb Code     0  startup_stm32f103xb.o(.text)
    I2C1_ER_IRQHandler                       0x080001bb   Thumb Code     0  startup_stm32f103xb.o(.text)
    I2C1_EV_IRQHandler                       0x080001bb   Thumb Code     0  startup_stm32f103xb.o(.text)
    I2C2_ER_IRQHandler                       0x080001bb   Thumb Code     0  startup_stm32f103xb.o(.text)
    I2C2_EV_IRQHandler                       0x080001bb   Thumb Code     0  startup_stm32f103xb.o(.text)
    PVD_IRQHandler                           0x080001bb   Thumb Code     0  startup_stm32f103xb.o(.text)
    RCC_IRQHandler                           0x080001bb   Thumb Code     0  startup_stm32f103xb.o(.text)
    RTC_Alarm_IRQHandler                     0x080001bb   Thumb Code     0  startup_stm32f103xb.o(.text)
    RTC_IRQHandler                           0x080001bb   Thumb Code     0  startup_stm32f103xb.o(.text)
    SPI1_IRQHandler                          0x080001bb   Thumb Code     0  startup_stm32f103xb.o(.text)
    SPI2_IRQHandler                          0x080001bb   Thumb Code     0  startup_stm32f103xb.o(.text)
    TAMPER_IRQHandler                        0x080001bb   Thumb Code     0  startup_stm32f103xb.o(.text)
    TIM1_BRK_IRQHandler                      0x080001bb   Thumb Code     0  startup_stm32f103xb.o(.text)
    TIM1_CC_IRQHandler                       0x080001bb   Thumb Code     0  startup_stm32f103xb.o(.text)
    TIM1_TRG_COM_IRQHandler                  0x080001bb   Thumb Code     0  startup_stm32f103xb.o(.text)
    TIM1_UP_IRQHandler                       0x080001bb   Thumb Code     0  startup_stm32f103xb.o(.text)
    TIM2_IRQHandler                          0x080001bb   Thumb Code     0  startup_stm32f103xb.o(.text)
    TIM3_IRQHandler                          0x080001bb   Thumb Code     0  startup_stm32f103xb.o(.text)
    TIM4_IRQHandler                          0x080001bb   Thumb Code     0  startup_stm32f103xb.o(.text)
    USART1_IRQHandler                        0x080001bb   Thumb Code     0  startup_stm32f103xb.o(.text)
    USART2_IRQHandler                        0x080001bb   Thumb Code     0  startup_stm32f103xb.o(.text)
    USART3_IRQHandler                        0x080001bb   Thumb Code     0  startup_stm32f103xb.o(.text)
    USBWakeUp_IRQHandler                     0x080001bb   Thumb Code     0  startup_stm32f103xb.o(.text)
    USB_HP_CAN1_TX_IRQHandler                0x080001bb   Thumb Code     0  startup_stm32f103xb.o(.text)
    USB_LP_CAN1_RX0_IRQHandler               0x080001bb   Thumb Code     0  startup_stm32f103xb.o(.text)
    WWDG_IRQHandler                          0x080001bb   Thumb Code     0  startup_stm32f103xb.o(.text)
    __user_initial_stackheap                 0x080001bd   Thumb Code     0  startup_stm32f103xb.o(.text)
    __2printf                                0x080001e1   Thumb Code    20  noretval__2printf.o(.text)
    __printf                                 0x080001f9   Thumb Code   104  __printf.o(.text)
    _printf_int_dec                          0x08000261   Thumb Code   104  _printf_dec.o(.text)
    __aeabi_memclr4                          0x080002d9   Thumb Code     0  rt_memclr_w.o(.text)
    __aeabi_memclr8                          0x080002d9   Thumb Code     0  rt_memclr_w.o(.text)
    __rt_memclr_w                            0x080002d9   Thumb Code    78  rt_memclr_w.o(.text)
    _memset_w                                0x080002dd   Thumb Code     0  rt_memclr_w.o(.text)
    __use_two_region_memory                  0x08000327   Thumb Code     2  heapauxi.o(.text)
    __rt_heap_escrow                         0x08000329   Thumb Code     2  heapauxi.o(.text)
    __rt_heap_expand                         0x0800032b   Thumb Code     2  heapauxi.o(.text)
    _printf_int_common                       0x0800032d   Thumb Code   178  _printf_intcommon.o(.text)
    _printf_char_file                        0x080003e1   Thumb Code    32  _printf_char_file.o(.text)
    _printf_char_common                      0x0800040f   Thumb Code    32  _printf_char_common.o(.text)
    ferror                                   0x08000435   Thumb Code     8  ferror.o(.text)
    _initio                                  0x0800043d   Thumb Code   210  initio.o(.text)
    _terminateio                             0x0800050f   Thumb Code    56  initio.o(.text)
    _sys_open                                0x08000575   Thumb Code    20  sys_io.o(.text)
    _sys_close                               0x08000589   Thumb Code    12  sys_io.o(.text)
    _sys_write                               0x08000595   Thumb Code    16  sys_io.o(.text)
    _sys_read                                0x080005a5   Thumb Code    14  sys_io.o(.text)
    _sys_istty                               0x080005b3   Thumb Code    12  sys_io.o(.text)
    _sys_seek                                0x080005bf   Thumb Code    14  sys_io.o(.text)
    _sys_ensure                              0x080005cd   Thumb Code     2  sys_io.o(.text)
    _sys_flen                                0x080005cf   Thumb Code    12  sys_io.o(.text)
    __user_setup_stackheap                   0x080005db   Thumb Code    74  sys_stackheap_outer.o(.text)
    free                                     0x08000625   Thumb Code    78  h1_free.o(.text)
    setvbuf                                  0x08000673   Thumb Code    70  setvbuf.o(.text)
    freopen                                  0x080006b9   Thumb Code   158  fopen.o(.text)
    fopen                                    0x08000757   Thumb Code    74  fopen.o(.text)
    _fclose_internal                         0x080007a5   Thumb Code    76  fclose.o(.text)
    fclose                                   0x080007a5   Thumb Code     0  fclose.o(.text)
    exit                                     0x080007f1   Thumb Code    18  exit.o(.text)
    __rt_SIGRTRED                            0x08000803   Thumb Code    14  defsig_rtred_outer.o(.text)
    __user_libspace                          0x08000811   Thumb Code     8  libspace.o(.text)
    __user_perproc_libspace                  0x08000811   Thumb Code     0  libspace.o(.text)
    __user_perthread_libspace                0x08000811   Thumb Code     0  libspace.o(.text)
    __I$use$semihosting                      0x08000819   Thumb Code     0  use_no_semi.o(.text)
    __use_no_semihosting_swi                 0x08000819   Thumb Code     2  use_no_semi.o(.text)
    __semihosting_library_function           0x0800081b   Thumb Code     0  indicate_semi.o(.text)
    __rt_heap_descriptor                     0x0800081d   Thumb Code     8  rt_heap_descriptor_intlibspace.o(.text)
    __use_no_heap                            0x08000825   Thumb Code     2  hguard.o(.text)
    __heap$guard                             0x08000827   Thumb Code     2  hguard.o(.text)
    _terminate_user_alloc                    0x08000829   Thumb Code     2  init_alloc.o(.text)
    _init_user_alloc                         0x0800082b   Thumb Code     2  init_alloc.o(.text)
    __Heap_Full                              0x0800082d   Thumb Code    34  init_alloc.o(.text)
    __Heap_Broken                            0x0800084f   Thumb Code     6  init_alloc.o(.text)
    _init_alloc                              0x08000855   Thumb Code    94  init_alloc.o(.text)
    malloc                                   0x080008b3   Thumb Code    94  h1_alloc.o(.text)
    _fseek                                   0x08000911   Thumb Code   242  fseek.o(.text)
    fseek                                    0x08000911   Thumb Code     0  fseek.o(.text)
    _seterr                                  0x08000a09   Thumb Code    20  stdio.o(.text)
    _writebuf                                0x08000a1d   Thumb Code    84  stdio.o(.text)
    _fflush                                  0x08000a71   Thumb Code    70  stdio.o(.text)
    _deferredlazyseek                        0x08000ab7   Thumb Code    60  stdio.o(.text)
    __sig_exit                               0x08000af9   Thumb Code    10  defsig_exit.o(.text)
    __rt_SIGRTRED_inner                      0x08000b05   Thumb Code    14  defsig_rtred_inner.o(.text)
    strlen                                   0x08000b39   Thumb Code    62  strlen.o(.text)
    _sys_exit                                0x08000b79   Thumb Code     8  sys_exit.o(.text)
    __Heap_Initialize                        0x08000b85   Thumb Code    10  h1_init.o(.text)
    __Heap_DescSize                          0x08000b8f   Thumb Code     4  h1_init.o(.text)
    __Heap_ProvideMemory                     0x08000b93   Thumb Code    52  h1_extend.o(.text)
    _ftell_internal                          0x08000bc7   Thumb Code    66  ftell.o(.text)
    ftell                                    0x08000bc7   Thumb Code     0  ftell.o(.text)
    __default_signal_display                 0x08000c09   Thumb Code    50  defsig_general.o(.text)
    __rt_SIGRTMEM                            0x08000c3b   Thumb Code    14  defsig_rtmem_outer.o(.text)
    _ttywrch                                 0x08000c49   Thumb Code    14  sys_wrch.o(.text)
    __aeabi_errno_addr                       0x08000c59   Thumb Code     8  rt_errno_addr_intlibspace.o(.text)
    __errno$intlibspace                      0x08000c59   Thumb Code     0  rt_errno_addr_intlibspace.o(.text)
    __rt_errno_addr$intlibspace              0x08000c59   Thumb Code     0  rt_errno_addr_intlibspace.o(.text)
    __rt_SIGRTMEM_inner                      0x08000c61   Thumb Code    22  defsig_rtmem_inner.o(.text)
    ADC_ConversionStop_Disable               0x08000cb1   Thumb Code    86  stm32f1xx_hal_adc.o(i.ADC_ConversionStop_Disable)
    BusFault_Handler                         0x08000d07   Thumb Code     2  stm32f1xx_it.o(i.BusFault_Handler)
    DebugMon_Handler                         0x08000d09   Thumb Code     2  stm32f1xx_it.o(i.DebugMon_Handler)
    EXTI2_IRQHandler                         0x08000d0d   Thumb Code   120  nrf24l01.o(i.EXTI2_IRQHandler)
    Error_Handler                            0x08000d8d   Thumb Code     4  main.o(i.Error_Handler)
    HAL_ADC_ConfigChannel                    0x08000d91   Thumb Code   240  stm32f1xx_hal_adc.o(i.HAL_ADC_ConfigChannel)
    HAL_ADC_Init                             0x08000e8d   Thumb Code   272  stm32f1xx_hal_adc.o(i.HAL_ADC_Init)
    HAL_ADC_MspInit                          0x08000fa9   Thumb Code    76  adc.o(i.HAL_ADC_MspInit)
    HAL_Delay                                0x08001001   Thumb Code    32  stm32f1xx_hal.o(i.HAL_Delay)
    HAL_GPIO_Init                            0x08001025   Thumb Code   446  stm32f1xx_hal_gpio.o(i.HAL_GPIO_Init)
    HAL_GPIO_ReadPin                         0x08001205   Thumb Code    10  stm32f1xx_hal_gpio.o(i.HAL_GPIO_ReadPin)
    HAL_GPIO_WritePin                        0x0800120f   Thumb Code    10  stm32f1xx_hal_gpio.o(i.HAL_GPIO_WritePin)
    HAL_GetTick                              0x08001219   Thumb Code     6  stm32f1xx_hal.o(i.HAL_GetTick)
    HAL_IncTick                              0x08001225   Thumb Code    12  stm32f1xx_hal.o(i.HAL_IncTick)
    HAL_Init                                 0x08001235   Thumb Code    32  stm32f1xx_hal.o(i.HAL_Init)
    HAL_InitTick                             0x08001259   Thumb Code    54  stm32f1xx_hal.o(i.HAL_InitTick)
    HAL_MspInit                              0x08001299   Thumb Code    38  stm32f1xx_hal_msp.o(i.HAL_MspInit)
    HAL_NVIC_ClearPendingIRQ                 0x080012c5   Thumb Code    26  stm32f1xx_hal_cortex.o(i.HAL_NVIC_ClearPendingIRQ)
    HAL_NVIC_EnableIRQ                       0x080012df   Thumb Code    26  stm32f1xx_hal_cortex.o(i.HAL_NVIC_EnableIRQ)
    HAL_NVIC_SetPriority                     0x080012f9   Thumb Code    60  stm32f1xx_hal_cortex.o(i.HAL_NVIC_SetPriority)
    HAL_NVIC_SetPriorityGrouping             0x08001339   Thumb Code    26  stm32f1xx_hal_cortex.o(i.HAL_NVIC_SetPriorityGrouping)
    HAL_RCCEx_PeriphCLKConfig                0x0800135d   Thumb Code   224  stm32f1xx_hal_rcc_ex.o(i.HAL_RCCEx_PeriphCLKConfig)
    HAL_RCC_ClockConfig                      0x08001449   Thumb Code   280  stm32f1xx_hal_rcc.o(i.HAL_RCC_ClockConfig)
    HAL_RCC_GetHCLKFreq                      0x08001575   Thumb Code     6  stm32f1xx_hal_rcc.o(i.HAL_RCC_GetHCLKFreq)
    HAL_RCC_GetPCLK1Freq                     0x08001581   Thumb Code    20  stm32f1xx_hal_rcc.o(i.HAL_RCC_GetPCLK1Freq)
    HAL_RCC_GetPCLK2Freq                     0x080015a1   Thumb Code    20  stm32f1xx_hal_rcc.o(i.HAL_RCC_GetPCLK2Freq)
    HAL_RCC_GetSysClockFreq                  0x080015c1   Thumb Code    58  stm32f1xx_hal_rcc.o(i.HAL_RCC_GetSysClockFreq)
    HAL_RCC_OscConfig                        0x0800160d   Thumb Code   778  stm32f1xx_hal_rcc.o(i.HAL_RCC_OscConfig)
    HAL_SPI_Init                             0x0800192d   Thumb Code   178  stm32f1xx_hal_spi.o(i.HAL_SPI_Init)
    HAL_SPI_MspInit                          0x080019e1   Thumb Code    98  spi.o(i.HAL_SPI_MspInit)
    HAL_SPI_Receive                          0x08001a51   Thumb Code   342  stm32f1xx_hal_spi.o(i.HAL_SPI_Receive)
    HAL_SPI_Transmit                         0x08001ba7   Thumb Code   366  stm32f1xx_hal_spi.o(i.HAL_SPI_Transmit)
    HAL_SPI_TransmitReceive                  0x08001d15   Thumb Code   494  stm32f1xx_hal_spi.o(i.HAL_SPI_TransmitReceive)
    HAL_SYSTICK_Config                       0x08001f03   Thumb Code    40  stm32f1xx_hal_cortex.o(i.HAL_SYSTICK_Config)
    HAL_UART_GetState                        0x08001f2b   Thumb Code    10  stm32f1xx_hal_uart.o(i.HAL_UART_GetState)
    HAL_UART_Init                            0x08001f35   Thumb Code   100  stm32f1xx_hal_uart.o(i.HAL_UART_Init)
    HAL_UART_MspInit                         0x08001f99   Thumb Code   126  usart.o(i.HAL_UART_MspInit)
    HAL_UART_Receive_IT                      0x0800202d   Thumb Code    28  stm32f1xx_hal_uart.o(i.HAL_UART_Receive_IT)
    HAL_UART_Transmit                        0x08002049   Thumb Code   154  stm32f1xx_hal_uart.o(i.HAL_UART_Transmit)
    HardFault_Handler                        0x080020e3   Thumb Code     2  stm32f1xx_it.o(i.HardFault_Handler)
    MPU_IIC_Send_Byte                        0x080020e5   Thumb Code    86  iic.o(i.MPU_IIC_Send_Byte)
    MPU_IIC_Start                            0x08002141   Thumb Code    74  iic.o(i.MPU_IIC_Start)
    MPU_IIC_Stop                             0x08002191   Thumb Code    68  iic.o(i.MPU_IIC_Stop)
    MPU_IIC_Wait_Ack                         0x080021d9   Thumb Code    84  iic.o(i.MPU_IIC_Wait_Ack)
    MX_ADC1_Init                             0x08002231   Thumb Code    68  adc.o(i.MX_ADC1_Init)
    MX_GPIO_Init                             0x0800227d   Thumb Code   216  gpio.o(i.MX_GPIO_Init)
    MX_SPI1_Init                             0x08002365   Thumb Code    62  spi.o(i.MX_SPI1_Init)
    MX_USART1_UART_Init                      0x080023ad   Thumb Code    54  usart.o(i.MX_USART1_UART_Init)
    MemManage_Handler                        0x080023f1   Thumb Code     2  stm32f1xx_it.o(i.MemManage_Handler)
    NMI_Handler                              0x080023f3   Thumb Code     2  stm32f1xx_it.o(i.NMI_Handler)
    NRF24L01_Check                           0x080023f5   Thumb Code    26  nrf24l01.o(i.NRF24L01_Check)
    NRF24L01_Config                          0x0800242d   Thumb Code   122  nrf24l01.o(i.NRF24L01_Config)
    NRF24L01_Read_Buf                        0x080024b1   Thumb Code    94  nrf24l01.o(i.NRF24L01_Read_Buf)
    NRF24L01_RxPacket                        0x0800252d   Thumb Code    48  nrf24l01.o(i.NRF24L01_RxPacket)
    NRF24L01_Write_Buf                       0x08002561   Thumb Code    94  nrf24l01.o(i.NRF24L01_Write_Buf)
    NRF24L01_testConnection                  0x080025e1   Thumb Code    74  nrf24l01.o(i.NRF24L01_testConnection)
    NRF24l01_Init                            0x0800264d   Thumb Code    34  nrf24l01.o(i.NRF24l01_Init)
    NRF24l01_read_reg                        0x08002679   Thumb Code    70  nrf24l01.o(i.NRF24l01_read_reg)
    NRF24l01_write_reg                       0x080026c9   Thumb Code    56  nrf24l01.o(i.NRF24l01_write_reg)
    NRFset_Mode                              0x08002709   Thumb Code    92  nrf24l01.o(i.NRFset_Mode)
    OLED_Clear                               0x08002769   Thumb Code    40  oled.o(i.OLED_Clear)
    OLED_Init                                0x08002795   Thumb Code   210  oled.o(i.OLED_Init)
    OLED_Refresh                             0x08002869   Thumb Code   100  oled.o(i.OLED_Refresh)
    OLED_WR_Byte                             0x080028d1   Thumb Code    54  oled.o(i.OLED_WR_Byte)
    PendSV_Handler                           0x08002907   Thumb Code     2  stm32f1xx_it.o(i.PendSV_Handler)
    Remote_Data_ReceiveAnalysis              0x08002909   Thumb Code   110  nrf24l01.o(i.Remote_Data_ReceiveAnalysis)
    SCL_OUT                                  0x08002981   Thumb Code    26  iic.o(i.SCL_OUT)
    SDA_IN                                   0x080029a1   Thumb Code    28  iic.o(i.SDA_IN)
    SDA_OUT                                  0x080029c1   Thumb Code    26  iic.o(i.SDA_OUT)
    SVC_Handler                              0x08002b15   Thumb Code     2  stm32f1xx_it.o(i.SVC_Handler)
    SysTick_Handler                          0x08002b17   Thumb Code     4  stm32f1xx_it.o(i.SysTick_Handler)
    SystemClock_Config                       0x08002b1b   Thumb Code   118  main.o(i.SystemClock_Config)
    SystemInit                               0x08002b91   Thumb Code     2  system_stm32f1xx.o(i.SystemInit)
    UART_Start_Receive_IT                    0x08002c4d   Thumb Code    54  stm32f1xx_hal_uart.o(i.UART_Start_Receive_IT)
    UsageFault_Handler                       0x08002cfb   Thumb Code     2  stm32f1xx_it.o(i.UsageFault_Handler)
    bytesToFloat                             0x08002d1d   Thumb Code    22  nrf24l01.o(i.bytesToFloat)
    currcent_us_timestamp                    0x08002d35   Thumb Code    46  delay.o(i.currcent_us_timestamp)
    delay_us                                 0x08002d69   Thumb Code    24  delay.o(i.delay_us)
    fputc                                    0x08002d81   Thumb Code    30  usart.o(i.fputc)
    main                                     0x08002da5   Thumb Code    62  main.o(i.main)
    usTickInit                               0x08002df5   Thumb Code    18  delay.o(i.usTickInit)
    __aeabi_f2uiz                            0x08002e11   Thumb Code     0  ffixu.o(x$fpl$ffixu)
    _ffixu                                   0x08002e11   Thumb Code    62  ffixu.o(x$fpl$ffixu)
    __fpl_fnaninf                            0x08002e4f   Thumb Code   140  fnaninf.o(x$fpl$fnaninf)
    __I$use$fp                               0x08002eda   Number         0  usenofp.o(x$fpl$usenofp)
    AHBPrescTable                            0x08002eec   Data          16  system_stm32f1xx.o(.constdata)
    APBPrescTable                            0x08002efc   Data           8  system_stm32f1xx.o(.constdata)
    __stdin_name                             0x08002f04   Data           4  sys_io.o(.constdata)
    __stdout_name                            0x08002f08   Data           4  sys_io.o(.constdata)
    __stderr_name                            0x08002f0c   Data           4  sys_io.o(.constdata)
    Region$$Table$$Base                      0x08002f10   Number         0  anon$$obj.o(Region$$Table)
    Region$$Table$$Limit                     0x08002f30   Number         0  anon$$obj.o(Region$$Table)
    bufferIndex                              0x20000000   Data           1  usart.o(.data)
    irq_buffer                               0x20000001   Data           1  usart.o(.data)
    uwTickFreq                               0x20000004   Data           1  stm32f1xx_hal.o(.data)
    uwTickPrio                               0x20000008   Data           4  stm32f1xx_hal.o(.data)
    uwTick                                   0x2000000c   Data           4  stm32f1xx_hal.o(.data)
    SystemCoreClock                          0x20000010   Data           4  system_stm32f1xx.o(.data)
    usTick                                   0x20000014   Data           4  delay.o(.data)
    TX_ADDRESS                               0x2000001a   Data           5  nrf24l01.o(.data)
    RX_ADDRESS                               0x2000001f   Data           5  nrf24l01.o(.data)
    __aeabi_stdin                            0x20000024   Data           4  stdio_streams.o(.data)
    __aeabi_stdout                           0x20000028   Data           4  stdio_streams.o(.data)
    __aeabi_stderr                           0x2000002c   Data           4  stdio_streams.o(.data)
    adc_value                                0x20000030   Data         100  adc.o(.bss)
    hadc1                                    0x20000094   Data          48  adc.o(.bss)
    hspi1                                    0x200000c4   Data          88  spi.o(.bss)
    buffer                                   0x2000011c   Data         200  usart.o(.bss)
    huart1                                   0x200001e4   Data          72  usart.o(.bss)
    remoter                                  0x2000022c   Data          31  data.o(.bss)
    NRF_TX_DATA                              0x2000024b   Data          32  nrf24l01.o(.bss)
    NRF_RX_DATA                              0x2000026b   Data          32  nrf24l01.o(.bss)
    OLED_GRAM                                0x2000028b   Data         576  oled.o(.bss)
    __stdin                                  0x200004cc   Data          84  stdio_streams.o(.bss)
    __stdout                                 0x20000520   Data          84  stdio_streams.o(.bss)
    __stderr                                 0x20000574   Data          84  stdio_streams.o(.bss)
    __libspace_start                         0x200005c8   Data          96  libspace.o(.bss)
    __temporary_stack_top$libspace           0x20000628   Data           0  libspace.o(.bss)



==============================================================================

Memory Map of the image

  Image Entry point : 0x080000ed

  Load Region LR_IROM1 (Base: 0x08000000, Size: 0x00002f60, Max: 0x00020000, ABSOLUTE)

    Execution Region ER_IROM1 (Exec base: 0x08000000, Load base: 0x08000000, Size: 0x00002f30, Max: 0x00020000, ABSOLUTE)

    Exec Addr    Load Addr    Size         Type   Attr      Idx    E Section Name        Object

    0x08000000   0x08000000   0x000000ec   Data   RO            3    RESET               startup_stm32f103xb.o
    0x080000ec   0x080000ec   0x00000008   Code   RO         3027  * !!!main             c_w.l(__main.o)
    0x080000f4   0x080000f4   0x00000034   Code   RO         3397    !!!scatter          c_w.l(__scatter.o)
    0x08000128   0x08000128   0x0000001a   Code   RO         3399    !!handler_copy      c_w.l(__scatter_copy.o)
    0x08000142   0x08000142   0x00000002   PAD
    0x08000144   0x08000144   0x0000001c   Code   RO         3401    !!handler_zi        c_w.l(__scatter_zi.o)
    0x08000160   0x08000160   0x00000000   Code   RO         3022    .ARM.Collect$$_printf_percent$$00000000  c_w.l(_printf_percent.o)
    0x08000160   0x08000160   0x00000006   Code   RO         3021    .ARM.Collect$$_printf_percent$$00000009  c_w.l(_printf_d.o)
    0x08000166   0x08000166   0x00000004   Code   RO         3072    .ARM.Collect$$_printf_percent$$00000017  c_w.l(_printf_percent_end.o)
    0x0800016a   0x0800016a   0x00000002   Code   RO         3204    .ARM.Collect$$libinit$$00000000  c_w.l(libinit.o)
    0x0800016c   0x0800016c   0x00000000   Code   RO         3206    .ARM.Collect$$libinit$$00000002  c_w.l(libinit2.o)
    0x0800016c   0x0800016c   0x00000000   Code   RO         3208    .ARM.Collect$$libinit$$00000004  c_w.l(libinit2.o)
    0x0800016c   0x0800016c   0x00000008   Code   RO         3209    .ARM.Collect$$libinit$$00000005  c_w.l(libinit2.o)
    0x08000174   0x08000174   0x00000000   Code   RO         3211    .ARM.Collect$$libinit$$0000000A  c_w.l(libinit2.o)
    0x08000174   0x08000174   0x00000000   Code   RO         3213    .ARM.Collect$$libinit$$0000000C  c_w.l(libinit2.o)
    0x08000174   0x08000174   0x00000000   Code   RO         3215    .ARM.Collect$$libinit$$0000000E  c_w.l(libinit2.o)
    0x08000174   0x08000174   0x00000000   Code   RO         3218    .ARM.Collect$$libinit$$00000011  c_w.l(libinit2.o)
    0x08000174   0x08000174   0x00000000   Code   RO         3220    .ARM.Collect$$libinit$$00000013  c_w.l(libinit2.o)
    0x08000174   0x08000174   0x00000000   Code   RO         3222    .ARM.Collect$$libinit$$00000015  c_w.l(libinit2.o)
    0x08000174   0x08000174   0x00000000   Code   RO         3224    .ARM.Collect$$libinit$$00000017  c_w.l(libinit2.o)
    0x08000174   0x08000174   0x00000000   Code   RO         3226    .ARM.Collect$$libinit$$00000019  c_w.l(libinit2.o)
    0x08000174   0x08000174   0x00000000   Code   RO         3228    .ARM.Collect$$libinit$$0000001B  c_w.l(libinit2.o)
    0x08000174   0x08000174   0x00000000   Code   RO         3230    .ARM.Collect$$libinit$$0000001D  c_w.l(libinit2.o)
    0x08000174   0x08000174   0x00000000   Code   RO         3232    .ARM.Collect$$libinit$$0000001F  c_w.l(libinit2.o)
    0x08000174   0x08000174   0x00000000   Code   RO         3234    .ARM.Collect$$libinit$$00000021  c_w.l(libinit2.o)
    0x08000174   0x08000174   0x00000000   Code   RO         3236    .ARM.Collect$$libinit$$00000023  c_w.l(libinit2.o)
    0x08000174   0x08000174   0x00000004   Code   RO         3237    .ARM.Collect$$libinit$$00000024  c_w.l(libinit2.o)
    0x08000178   0x08000178   0x00000000   Code   RO         3238    .ARM.Collect$$libinit$$00000025  c_w.l(libinit2.o)
    0x08000178   0x08000178   0x00000000   Code   RO         3242    .ARM.Collect$$libinit$$0000002C  c_w.l(libinit2.o)
    0x08000178   0x08000178   0x00000000   Code   RO         3244    .ARM.Collect$$libinit$$0000002E  c_w.l(libinit2.o)
    0x08000178   0x08000178   0x00000000   Code   RO         3246    .ARM.Collect$$libinit$$00000030  c_w.l(libinit2.o)
    0x08000178   0x08000178   0x00000000   Code   RO         3248    .ARM.Collect$$libinit$$00000032  c_w.l(libinit2.o)
    0x08000178   0x08000178   0x00000002   Code   RO         3249    .ARM.Collect$$libinit$$00000033  c_w.l(libinit2.o)
    0x0800017a   0x0800017a   0x00000002   Code   RO         3376    .ARM.Collect$$libshutdown$$00000000  c_w.l(libshutdown.o)
    0x0800017c   0x0800017c   0x00000000   Code   RO         3251    .ARM.Collect$$libshutdown$$00000002  c_w.l(libshutdown2.o)
    0x0800017c   0x0800017c   0x00000004   Code   RO         3252    .ARM.Collect$$libshutdown$$00000003  c_w.l(libshutdown2.o)
    0x08000180   0x08000180   0x00000000   Code   RO         3253    .ARM.Collect$$libshutdown$$00000004  c_w.l(libshutdown2.o)
    0x08000180   0x08000180   0x00000000   Code   RO         3256    .ARM.Collect$$libshutdown$$00000007  c_w.l(libshutdown2.o)
    0x08000180   0x08000180   0x00000000   Code   RO         3259    .ARM.Collect$$libshutdown$$0000000A  c_w.l(libshutdown2.o)
    0x08000180   0x08000180   0x00000000   Code   RO         3261    .ARM.Collect$$libshutdown$$0000000C  c_w.l(libshutdown2.o)
    0x08000180   0x08000180   0x00000000   Code   RO         3264    .ARM.Collect$$libshutdown$$0000000F  c_w.l(libshutdown2.o)
    0x08000180   0x08000180   0x00000002   Code   RO         3265    .ARM.Collect$$libshutdown$$00000010  c_w.l(libshutdown2.o)
    0x08000182   0x08000182   0x00000000   Code   RO         3067    .ARM.Collect$$rtentry$$00000000  c_w.l(__rtentry.o)
    0x08000182   0x08000182   0x00000000   Code   RO         3091    .ARM.Collect$$rtentry$$00000002  c_w.l(__rtentry2.o)
    0x08000182   0x08000182   0x00000006   Code   RO         3103    .ARM.Collect$$rtentry$$00000004  c_w.l(__rtentry4.o)
    0x08000188   0x08000188   0x00000000   Code   RO         3093    .ARM.Collect$$rtentry$$00000009  c_w.l(__rtentry2.o)
    0x08000188   0x08000188   0x00000004   Code   RO         3094    .ARM.Collect$$rtentry$$0000000A  c_w.l(__rtentry2.o)
    0x0800018c   0x0800018c   0x00000000   Code   RO         3096    .ARM.Collect$$rtentry$$0000000C  c_w.l(__rtentry2.o)
    0x0800018c   0x0800018c   0x00000008   Code   RO         3097    .ARM.Collect$$rtentry$$0000000D  c_w.l(__rtentry2.o)
    0x08000194   0x08000194   0x00000002   Code   RO         3272    .ARM.Collect$$rtexit$$00000000  c_w.l(rtexit.o)
    0x08000196   0x08000196   0x00000000   Code   RO         3322    .ARM.Collect$$rtexit$$00000002  c_w.l(rtexit2.o)
    0x08000196   0x08000196   0x00000004   Code   RO         3323    .ARM.Collect$$rtexit$$00000003  c_w.l(rtexit2.o)
    0x0800019a   0x0800019a   0x00000006   Code   RO         3324    .ARM.Collect$$rtexit$$00000004  c_w.l(rtexit2.o)
    0x080001a0   0x080001a0   0x00000000   Code   RO         3328    .emb_text           c_w.l(maybetermalloc1.o)
    0x080001a0   0x080001a0   0x00000040   Code   RO            4    .text               startup_stm32f103xb.o
    0x080001e0   0x080001e0   0x00000018   Code   RO         2995    .text               c_w.l(noretval__2printf.o)
    0x080001f8   0x080001f8   0x00000068   Code   RO         2997    .text               c_w.l(__printf.o)
    0x08000260   0x08000260   0x00000078   Code   RO         2999    .text               c_w.l(_printf_dec.o)
    0x080002d8   0x080002d8   0x0000004e   Code   RO         3023    .text               c_w.l(rt_memclr_w.o)
    0x08000326   0x08000326   0x00000006   Code   RO         3025    .text               c_w.l(heapauxi.o)
    0x0800032c   0x0800032c   0x000000b2   Code   RO         3068    .text               c_w.l(_printf_intcommon.o)
    0x080003de   0x080003de   0x00000002   PAD
    0x080003e0   0x080003e0   0x00000024   Code   RO         3070    .text               c_w.l(_printf_char_file.o)
    0x08000404   0x08000404   0x00000030   Code   RO         3105    .text               c_w.l(_printf_char_common.o)
    0x08000434   0x08000434   0x00000008   Code   RO         3107    .text               c_w.l(ferror.o)
    0x0800043c   0x0800043c   0x00000138   Code   RO         3109    .text               c_w.l(initio.o)
    0x08000574   0x08000574   0x00000066   Code   RO         3115    .text               c_w.l(sys_io.o)
    0x080005da   0x080005da   0x0000004a   Code   RO         3122    .text               c_w.l(sys_stackheap_outer.o)
    0x08000624   0x08000624   0x0000004e   Code   RO         3126    .text               c_w.l(h1_free.o)
    0x08000672   0x08000672   0x00000046   Code   RO         3182    .text               c_w.l(setvbuf.o)
    0x080006b8   0x080006b8   0x000000ec   Code   RO         3185    .text               c_w.l(fopen.o)
    0x080007a4   0x080007a4   0x0000004c   Code   RO         3187    .text               c_w.l(fclose.o)
    0x080007f0   0x080007f0   0x00000012   Code   RO         3193    .text               c_w.l(exit.o)
    0x08000802   0x08000802   0x0000000e   Code   RO         3195    .text               c_w.l(defsig_rtred_outer.o)
    0x08000810   0x08000810   0x00000008   Code   RO         3266    .text               c_w.l(libspace.o)
    0x08000818   0x08000818   0x00000002   Code   RO         3269    .text               c_w.l(use_no_semi.o)
    0x0800081a   0x0800081a   0x00000000   Code   RO         3271    .text               c_w.l(indicate_semi.o)
    0x0800081a   0x0800081a   0x00000002   PAD
    0x0800081c   0x0800081c   0x00000008   Code   RO         3279    .text               c_w.l(rt_heap_descriptor_intlibspace.o)
    0x08000824   0x08000824   0x00000004   Code   RO         3281    .text               c_w.l(hguard.o)
    0x08000828   0x08000828   0x0000008a   Code   RO         3283    .text               c_w.l(init_alloc.o)
    0x080008b2   0x080008b2   0x0000005e   Code   RO         3289    .text               c_w.l(h1_alloc.o)
    0x08000910   0x08000910   0x000000f8   Code   RO         3303    .text               c_w.l(fseek.o)
    0x08000a08   0x08000a08   0x000000f0   Code   RO         3305    .text               c_w.l(stdio.o)
    0x08000af8   0x08000af8   0x0000000a   Code   RO         3307    .text               c_w.l(defsig_exit.o)
    0x08000b02   0x08000b02   0x00000002   PAD
    0x08000b04   0x08000b04   0x00000034   Code   RO         3309    .text               c_w.l(defsig_rtred_inner.o)
    0x08000b38   0x08000b38   0x0000003e   Code   RO         3311    .text               c_w.l(strlen.o)
    0x08000b76   0x08000b76   0x00000002   PAD
    0x08000b78   0x08000b78   0x0000000c   Code   RO         3319    .text               c_w.l(sys_exit.o)
    0x08000b84   0x08000b84   0x0000000e   Code   RO         3330    .text               c_w.l(h1_init.o)
    0x08000b92   0x08000b92   0x00000034   Code   RO         3332    .text               c_w.l(h1_extend.o)
    0x08000bc6   0x08000bc6   0x00000042   Code   RO         3338    .text               c_w.l(ftell.o)
    0x08000c08   0x08000c08   0x00000032   Code   RO         3342    .text               c_w.l(defsig_general.o)
    0x08000c3a   0x08000c3a   0x0000000e   Code   RO         3344    .text               c_w.l(defsig_rtmem_outer.o)
    0x08000c48   0x08000c48   0x0000000e   Code   RO         3357    .text               c_w.l(sys_wrch.o)
    0x08000c56   0x08000c56   0x00000002   PAD
    0x08000c58   0x08000c58   0x00000008   Code   RO         3364    .text               c_w.l(rt_errno_addr_intlibspace.o)
    0x08000c60   0x08000c60   0x00000050   Code   RO         3370    .text               c_w.l(defsig_rtmem_inner.o)
    0x08000cb0   0x08000cb0   0x00000056   Code   RO          536    i.ADC_ConversionStop_Disable  stm32f1xx_hal_adc.o
    0x08000d06   0x08000d06   0x00000002   Code   RO          369    i.BusFault_Handler  stm32f1xx_it.o
    0x08000d08   0x08000d08   0x00000002   Code   RO          370    i.DebugMon_Handler  stm32f1xx_it.o
    0x08000d0a   0x08000d0a   0x00000002   PAD
    0x08000d0c   0x08000d0c   0x00000080   Code   RO         2621    i.EXTI2_IRQHandler  nrf24l01.o
    0x08000d8c   0x08000d8c   0x00000004   Code   RO           13    i.Error_Handler     main.o
    0x08000d90   0x08000d90   0x000000fc   Code   RO          542    i.HAL_ADC_ConfigChannel  stm32f1xx_hal_adc.o
    0x08000e8c   0x08000e8c   0x0000011c   Code   RO          551    i.HAL_ADC_Init      stm32f1xx_hal_adc.o
    0x08000fa8   0x08000fa8   0x00000058   Code   RO          206    i.HAL_ADC_MspInit   adc.o
    0x08001000   0x08001000   0x00000024   Code   RO          819    i.HAL_Delay         stm32f1xx_hal.o
    0x08001024   0x08001024   0x000001e0   Code   RO         1129    i.HAL_GPIO_Init     stm32f1xx_hal_gpio.o
    0x08001204   0x08001204   0x0000000a   Code   RO         1131    i.HAL_GPIO_ReadPin  stm32f1xx_hal_gpio.o
    0x0800120e   0x0800120e   0x0000000a   Code   RO         1133    i.HAL_GPIO_WritePin  stm32f1xx_hal_gpio.o
    0x08001218   0x08001218   0x0000000c   Code   RO          823    i.HAL_GetTick       stm32f1xx_hal.o
    0x08001224   0x08001224   0x00000010   Code   RO          829    i.HAL_IncTick       stm32f1xx_hal.o
    0x08001234   0x08001234   0x00000024   Code   RO          830    i.HAL_Init          stm32f1xx_hal.o
    0x08001258   0x08001258   0x00000040   Code   RO          831    i.HAL_InitTick      stm32f1xx_hal.o
    0x08001298   0x08001298   0x0000002c   Code   RO          444    i.HAL_MspInit       stm32f1xx_hal_msp.o
    0x080012c4   0x080012c4   0x0000001a   Code   RO         1287    i.HAL_NVIC_ClearPendingIRQ  stm32f1xx_hal_cortex.o
    0x080012de   0x080012de   0x0000001a   Code   RO         1289    i.HAL_NVIC_EnableIRQ  stm32f1xx_hal_cortex.o
    0x080012f8   0x080012f8   0x00000040   Code   RO         1295    i.HAL_NVIC_SetPriority  stm32f1xx_hal_cortex.o
    0x08001338   0x08001338   0x00000024   Code   RO         1296    i.HAL_NVIC_SetPriorityGrouping  stm32f1xx_hal_cortex.o
    0x0800135c   0x0800135c   0x000000ec   Code   RO         1091    i.HAL_RCCEx_PeriphCLKConfig  stm32f1xx_hal_rcc_ex.o
    0x08001448   0x08001448   0x0000012c   Code   RO          987    i.HAL_RCC_ClockConfig  stm32f1xx_hal_rcc.o
    0x08001574   0x08001574   0x0000000c   Code   RO          992    i.HAL_RCC_GetHCLKFreq  stm32f1xx_hal_rcc.o
    0x08001580   0x08001580   0x00000020   Code   RO          994    i.HAL_RCC_GetPCLK1Freq  stm32f1xx_hal_rcc.o
    0x080015a0   0x080015a0   0x00000020   Code   RO          995    i.HAL_RCC_GetPCLK2Freq  stm32f1xx_hal_rcc.o
    0x080015c0   0x080015c0   0x0000004c   Code   RO          996    i.HAL_RCC_GetSysClockFreq  stm32f1xx_hal_rcc.o
    0x0800160c   0x0800160c   0x00000320   Code   RO          999    i.HAL_RCC_OscConfig  stm32f1xx_hal_rcc.o
    0x0800192c   0x0800192c   0x000000b2   Code   RO         1800    i.HAL_SPI_Init      stm32f1xx_hal_spi.o
    0x080019de   0x080019de   0x00000002   PAD
    0x080019e0   0x080019e0   0x00000070   Code   RO          273    i.HAL_SPI_MspInit   spi.o
    0x08001a50   0x08001a50   0x00000156   Code   RO         1803    i.HAL_SPI_Receive   stm32f1xx_hal_spi.o
    0x08001ba6   0x08001ba6   0x0000016e   Code   RO         1808    i.HAL_SPI_Transmit  stm32f1xx_hal_spi.o
    0x08001d14   0x08001d14   0x000001ee   Code   RO         1809    i.HAL_SPI_TransmitReceive  stm32f1xx_hal_spi.o
    0x08001f02   0x08001f02   0x00000028   Code   RO         1300    i.HAL_SYSTICK_Config  stm32f1xx_hal_cortex.o
    0x08001f2a   0x08001f2a   0x0000000a   Code   RO         2175    i.HAL_UART_GetState  stm32f1xx_hal_uart.o
    0x08001f34   0x08001f34   0x00000064   Code   RO         2177    i.HAL_UART_Init     stm32f1xx_hal_uart.o
    0x08001f98   0x08001f98   0x00000094   Code   RO          315    i.HAL_UART_MspInit  usart.o
    0x0800202c   0x0800202c   0x0000001c   Code   RO         2182    i.HAL_UART_Receive_IT  stm32f1xx_hal_uart.o
    0x08002048   0x08002048   0x0000009a   Code   RO         2185    i.HAL_UART_Transmit  stm32f1xx_hal_uart.o
    0x080020e2   0x080020e2   0x00000002   Code   RO          371    i.HardFault_Handler  stm32f1xx_it.o
    0x080020e4   0x080020e4   0x0000005c   Code   RO         2751    i.MPU_IIC_Send_Byte  iic.o
    0x08002140   0x08002140   0x00000050   Code   RO         2752    i.MPU_IIC_Start     iic.o
    0x08002190   0x08002190   0x00000048   Code   RO         2753    i.MPU_IIC_Stop      iic.o
    0x080021d8   0x080021d8   0x00000058   Code   RO         2754    i.MPU_IIC_Wait_Ack  iic.o
    0x08002230   0x08002230   0x0000004c   Code   RO          207    i.MX_ADC1_Init      adc.o
    0x0800227c   0x0800227c   0x000000e8   Code   RO          179    i.MX_GPIO_Init      gpio.o
    0x08002364   0x08002364   0x00000048   Code   RO          274    i.MX_SPI1_Init      spi.o
    0x080023ac   0x080023ac   0x00000044   Code   RO          317    i.MX_USART1_UART_Init  usart.o
    0x080023f0   0x080023f0   0x00000002   Code   RO          372    i.MemManage_Handler  stm32f1xx_it.o
    0x080023f2   0x080023f2   0x00000002   Code   RO          373    i.NMI_Handler       stm32f1xx_it.o
    0x080023f4   0x080023f4   0x00000038   Code   RO         2622    i.NRF24L01_Check    nrf24l01.o
    0x0800242c   0x0800242c   0x00000084   Code   RO         2623    i.NRF24L01_Config   nrf24l01.o
    0x080024b0   0x080024b0   0x0000007c   Code   RO         2624    i.NRF24L01_Read_Buf  nrf24l01.o
    0x0800252c   0x0800252c   0x00000034   Code   RO         2625    i.NRF24L01_RxPacket  nrf24l01.o
    0x08002560   0x08002560   0x00000080   Code   RO         2627    i.NRF24L01_Write_Buf  nrf24l01.o
    0x080025e0   0x080025e0   0x0000006c   Code   RO         2628    i.NRF24L01_testConnection  nrf24l01.o
    0x0800264c   0x0800264c   0x0000002c   Code   RO         2629    i.NRF24l01_Init     nrf24l01.o
    0x08002678   0x08002678   0x00000050   Code   RO         2630    i.NRF24l01_read_reg  nrf24l01.o
    0x080026c8   0x080026c8   0x00000040   Code   RO         2631    i.NRF24l01_write_reg  nrf24l01.o
    0x08002708   0x08002708   0x00000060   Code   RO         2633    i.NRFset_Mode       nrf24l01.o
    0x08002768   0x08002768   0x0000002c   Code   RO         2838    i.OLED_Clear        oled.o
    0x08002794   0x08002794   0x000000d2   Code   RO         2846    i.OLED_Init         oled.o
    0x08002866   0x08002866   0x00000002   PAD
    0x08002868   0x08002868   0x00000068   Code   RO         2848    i.OLED_Refresh      oled.o
    0x080028d0   0x080028d0   0x00000036   Code   RO         2855    i.OLED_WR_Byte      oled.o
    0x08002906   0x08002906   0x00000002   Code   RO          374    i.PendSV_Handler    stm32f1xx_it.o
    0x08002908   0x08002908   0x00000078   Code   RO         2635    i.Remote_Data_ReceiveAnalysis  nrf24l01.o
    0x08002980   0x08002980   0x00000020   Code   RO         2756    i.SCL_OUT           iic.o
    0x080029a0   0x080029a0   0x00000020   Code   RO         2757    i.SDA_IN            iic.o
    0x080029c0   0x080029c0   0x00000020   Code   RO         2758    i.SDA_OUT           iic.o
    0x080029e0   0x080029e0   0x0000005c   Code   RO         1837    i.SPI_EndRxTransaction  stm32f1xx_hal_spi.o
    0x08002a3c   0x08002a3c   0x00000020   Code   RO         1838    i.SPI_EndRxTxTransaction  stm32f1xx_hal_spi.o
    0x08002a5c   0x08002a5c   0x000000b8   Code   RO         1843    i.SPI_WaitFlagStateUntilTimeout  stm32f1xx_hal_spi.o
    0x08002b14   0x08002b14   0x00000002   Code   RO          375    i.SVC_Handler       stm32f1xx_it.o
    0x08002b16   0x08002b16   0x00000004   Code   RO          376    i.SysTick_Handler   stm32f1xx_it.o
    0x08002b1a   0x08002b1a   0x00000076   Code   RO           14    i.SystemClock_Config  main.o
    0x08002b90   0x08002b90   0x00000002   Code   RO         2511    i.SystemInit        system_stm32f1xx.o
    0x08002b92   0x08002b92   0x00000002   PAD
    0x08002b94   0x08002b94   0x000000b8   Code   RO         2203    i.UART_SetConfig    stm32f1xx_hal_uart.o
    0x08002c4c   0x08002c4c   0x00000036   Code   RO         2205    i.UART_Start_Receive_IT  stm32f1xx_hal_uart.o
    0x08002c82   0x08002c82   0x00000078   Code   RO         2206    i.UART_WaitOnFlagUntilTimeout  stm32f1xx_hal_uart.o
    0x08002cfa   0x08002cfa   0x00000002   Code   RO          377    i.UsageFault_Handler  stm32f1xx_it.o
    0x08002cfc   0x08002cfc   0x00000020   Code   RO         1302    i.__NVIC_SetPriority  stm32f1xx_hal_cortex.o
    0x08002d1c   0x08002d1c   0x00000016   Code   RO         2636    i.bytesToFloat      nrf24l01.o
    0x08002d32   0x08002d32   0x00000002   PAD
    0x08002d34   0x08002d34   0x00000034   Code   RO         2548    i.currcent_us_timestamp  delay.o
    0x08002d68   0x08002d68   0x00000018   Code   RO         2549    i.delay_us          delay.o
    0x08002d80   0x08002d80   0x00000024   Code   RO          318    i.fputc             usart.o
    0x08002da4   0x08002da4   0x00000050   Code   RO           15    i.main              main.o
    0x08002df4   0x08002df4   0x0000001c   Code   RO         2550    i.usTickInit        delay.o
    0x08002e10   0x08002e10   0x0000003e   Code   RO         3051    x$fpl$ffixu         fz_ws.l(ffixu.o)
    0x08002e4e   0x08002e4e   0x0000008c   Code   RO         3085    x$fpl$fnaninf       fz_ws.l(fnaninf.o)
    0x08002eda   0x08002eda   0x00000000   Code   RO         3089    x$fpl$usenofp       fz_ws.l(usenofp.o)
    0x08002eda   0x08002eda   0x00000012   Data   RO         1000    .constdata          stm32f1xx_hal_rcc.o
    0x08002eec   0x08002eec   0x00000010   Data   RO         2512    .constdata          system_stm32f1xx.o
    0x08002efc   0x08002efc   0x00000008   Data   RO         2513    .constdata          system_stm32f1xx.o
    0x08002f04   0x08002f04   0x00000004   Data   RO         3116    .constdata          c_w.l(sys_io.o)
    0x08002f08   0x08002f08   0x00000004   Data   RO         3117    .constdata          c_w.l(sys_io.o)
    0x08002f0c   0x08002f0c   0x00000004   Data   RO         3118    .constdata          c_w.l(sys_io.o)
    0x08002f10   0x08002f10   0x00000020   Data   RO         3395    Region$$Table       anon$$obj.o


    Execution Region RW_IRAM1 (Exec base: 0x20000000, Load base: 0x08002f30, Size: 0x00000c28, Max: 0x00005000, ABSOLUTE)

    Exec Addr    Load Addr    Size         Type   Attr      Idx    E Section Name        Object

    0x20000000   0x08002f30   0x00000002   Data   RW          320    .data               usart.o
    0x20000002   0x08002f32   0x00000002   PAD
    0x20000004   0x08002f34   0x0000000c   Data   RW          837    .data               stm32f1xx_hal.o
    0x20000010   0x08002f40   0x00000004   Data   RW         2514    .data               system_stm32f1xx.o
    0x20000014   0x08002f44   0x00000004   Data   RW         2551    .data               delay.o
    0x20000018   0x08002f48   0x0000000c   Data   RW         2640    .data               nrf24l01.o
    0x20000024   0x08002f54   0x00000004   Data   RW         3076    .data               c_w.l(stdio_streams.o)
    0x20000028   0x08002f58   0x00000004   Data   RW         3077    .data               c_w.l(stdio_streams.o)
    0x2000002c   0x08002f5c   0x00000004   Data   RW         3078    .data               c_w.l(stdio_streams.o)
    0x20000030        -       0x00000094   Zero   RW          210    .bss                adc.o
    0x200000c4        -       0x00000058   Zero   RW          275    .bss                spi.o
    0x2000011c        -       0x00000110   Zero   RW          319    .bss                usart.o
    0x2000022c        -       0x0000001f   Zero   RW         2592    .bss                data.o
    0x2000024b        -       0x00000040   Zero   RW         2638    .bss                nrf24l01.o
    0x2000028b        -       0x00000240   Zero   RW         2857    .bss                oled.o
    0x200004cb   0x08002f60   0x00000001   PAD
    0x200004cc        -       0x00000054   Zero   RW         3073    .bss                c_w.l(stdio_streams.o)
    0x20000520        -       0x00000054   Zero   RW         3074    .bss                c_w.l(stdio_streams.o)
    0x20000574        -       0x00000054   Zero   RW         3075    .bss                c_w.l(stdio_streams.o)
    0x200005c8        -       0x00000060   Zero   RW         3267    .bss                c_w.l(libspace.o)
    0x20000628        -       0x00000200   Zero   RW            2    HEAP                startup_stm32f103xb.o
    0x20000828        -       0x00000400   Zero   RW            1    STACK               startup_stm32f103xb.o


==============================================================================

Image component sizes


      Code (inc. data)   RO Data    RW Data    ZI Data      Debug   Object Name

       164         20          0          0        148       2122   adc.o
         0          0          0          0         31       3523   data.o
       104         16          0          4          0       1945   delay.o
       232         16          0          0          0        967   gpio.o
       428         36          0          0          0       4029   iic.o
       202         18          0          0          0     421351   main.o
      1154        192          0         12         64       9432   nrf24l01.o
       412          8          0          0        576       4109   oled.o
       184         24          0          0         88       1605   spi.o
        64         26        236          0       1536        800   startup_stm32f103xb.o
       164         28          0         12          0       5805   stm32f1xx_hal.o
       622         24          0          0          0       3252   stm32f1xx_hal_adc.o
       224         14          0          0          0      29518   stm32f1xx_hal_cortex.o
       500         34          0          0          0       3471   stm32f1xx_hal_gpio.o
        44          6          0          0          0        810   stm32f1xx_hal_msp.o
      1252         90         18          0          0       5476   stm32f1xx_hal_rcc.o
       236         12          0          0          0       1356   stm32f1xx_hal_rcc_ex.o
      1688          4          0          0          0       8086   stm32f1xx_hal_spi.o
       650          6          0          0          0       5846   stm32f1xx_hal_uart.o
        20          0          0          0          0       3758   stm32f1xx_it.o
         2          0         24          4          0       1083   system_stm32f1xx.o
       252         42          0          2        272       2364   usart.o

    ----------------------------------------------------------------------
      8608        616        310         36       2716     520708   Object Totals
         0          0         32          0          0          0   (incl. Generated)
        10          0          0          2          1          0   (incl. Padding)

    ----------------------------------------------------------------------

      Code (inc. data)   RO Data    RW Data    ZI Data      Debug   Library Member Name

         8          0          0          0          0         68   __main.o
       104          0          0          0          0         84   __printf.o
         0          0          0          0          0          0   __rtentry.o
        12          0          0          0          0          0   __rtentry2.o
         6          0          0          0          0          0   __rtentry4.o
        52          8          0          0          0          0   __scatter.o
        26          0          0          0          0          0   __scatter_copy.o
        28          0          0          0          0          0   __scatter_zi.o
        48          6          0          0          0         96   _printf_char_common.o
        36          4          0          0          0         80   _printf_char_file.o
         6          0          0          0          0          0   _printf_d.o
       120         16          0          0          0         92   _printf_dec.o
       178          0          0          0          0         88   _printf_intcommon.o
         0          0          0          0          0          0   _printf_percent.o
         4          0          0          0          0          0   _printf_percent_end.o
        10          0          0          0          0         68   defsig_exit.o
        50          0          0          0          0         88   defsig_general.o
        80         58          0          0          0         76   defsig_rtmem_inner.o
        14          0          0          0          0         80   defsig_rtmem_outer.o
        52         38          0          0          0         76   defsig_rtred_inner.o
        14          0          0          0          0         80   defsig_rtred_outer.o
        18          0          0          0          0         80   exit.o
        76          0          0          0          0         88   fclose.o
         8          0          0          0          0         68   ferror.o
       236          4          0          0          0        128   fopen.o
       248          6          0          0          0         84   fseek.o
        66          0          0          0          0         76   ftell.o
        94          0          0          0          0         80   h1_alloc.o
        52          0          0          0          0         68   h1_extend.o
        78          0          0          0          0         80   h1_free.o
        14          0          0          0          0         84   h1_init.o
         6          0          0          0          0        152   heapauxi.o
         4          0          0          0          0        136   hguard.o
         0          0          0          0          0          0   indicate_semi.o
       138          0          0          0          0        168   init_alloc.o
       312         46          0          0          0        112   initio.o
         2          0          0          0          0          0   libinit.o
        14          0          0          0          0          0   libinit2.o
         2          0          0          0          0          0   libshutdown.o
         6          0          0          0          0          0   libshutdown2.o
         8          4          0          0         96         68   libspace.o
         0          0          0          0          0          0   maybetermalloc1.o
        24          4          0          0          0         84   noretval__2printf.o
         8          4          0          0          0         68   rt_errno_addr_intlibspace.o
         8          4          0          0          0         68   rt_heap_descriptor_intlibspace.o
        78          0          0          0          0         80   rt_memclr_w.o
         2          0          0          0          0          0   rtexit.o
        10          0          0          0          0          0   rtexit2.o
        70          0          0          0          0         80   setvbuf.o
       240          6          0          0          0        156   stdio.o
         0          0          0         12        252          0   stdio_streams.o
        62          0          0          0          0         76   strlen.o
        12          4          0          0          0         68   sys_exit.o
       102          0         12          0          0        240   sys_io.o
        74          0          0          0          0         80   sys_stackheap_outer.o
        14          0          0          0          0         76   sys_wrch.o
         2          0          0          0          0         68   use_no_semi.o
        62          4          0          0          0         84   ffixu.o
       140          4          0          0          0         84   fnaninf.o
         0          0          0          0          0          0   usenofp.o

    ----------------------------------------------------------------------
      3150        220         12         12        348       3760   Library Totals
        12          0          0          0          0          0   (incl. Padding)

    ----------------------------------------------------------------------

      Code (inc. data)   RO Data    RW Data    ZI Data      Debug   Library Name

      2936        212         12         12        348       3592   c_w.l
       202          8          0          0          0        168   fz_ws.l

    ----------------------------------------------------------------------
      3150        220         12         12        348       3760   Library Totals

    ----------------------------------------------------------------------

==============================================================================


      Code (inc. data)   RO Data    RW Data    ZI Data      Debug   

     11758        836        322         48       3064     518276   Grand Totals
     11758        836        322         48       3064     518276   ELF Image Totals
     11758        836        322         48          0          0   ROM Totals

==============================================================================

    Total RO  Size (Code + RO Data)                12080 (  11.80kB)
    Total RW  Size (RW Data + ZI Data)              3112 (   3.04kB)
    Total ROM Size (Code + RO Data + RW Data)      12128 (  11.84kB)

==============================================================================

